Archive member included because of file (symbol)

c:/program files (x86)/atmel/atmel toolchain/avr8 gcc/native/3.4.2.1002/avr8-gnu-toolchain/bin/../lib/gcc/avr/4.7.2/avrxmega2\libgcc.a(_exit.o)
                              c:/program files (x86)/atmel/atmel toolchain/avr8 gcc/native/3.4.2.1002/avr8-gnu-toolchain/bin/../lib/gcc/avr/4.7.2/../../../../avr/lib/avrxmega2/crtx8e5.o (exit)
c:/program files (x86)/atmel/atmel toolchain/avr8 gcc/native/3.4.2.1002/avr8-gnu-toolchain/bin/../lib/gcc/avr/4.7.2/avrxmega2\libgcc.a(_copy_data.o)
                              Ethernet/Eth.o (__do_copy_data)
c:/program files (x86)/atmel/atmel toolchain/avr8 gcc/native/3.4.2.1002/avr8-gnu-toolchain/bin/../lib/gcc/avr/4.7.2/avrxmega2\libgcc.a(_clear_bss.o)
                              Ethernet/socket.o (__do_clear_bss)

Allocating common symbols
Common symbol       size              file

sleepmgr_locks      0x6               src/ASF/common/services/sleepmgr/xmega/sleepmgr.o

Discarded input sections

 .bss           0x00000000        0x0 c:/program files (x86)/atmel/atmel toolchain/avr8 gcc/native/3.4.2.1002/avr8-gnu-toolchain/bin/../lib/gcc/avr/4.7.2/../../../../avr/lib/avrxmega2/crtx8e5.o
 .group         0x00000000        0x8 SW_SPI/SW_SPI.o
 .group         0x00000000        0x8 SW_SPI/SW_SPI.o
 .group         0x00000000        0x8 SW_SPI/SW_SPI.o
 .group         0x00000000        0x8 SW_SPI/SW_SPI.o
 .group         0x00000000        0x8 SW_SPI/SW_SPI.o
 .group         0x00000000        0x8 SW_SPI/SW_SPI.o
 .group         0x00000000        0x8 SW_SPI/SW_SPI.o
 .group         0x00000000        0x8 SW_SPI/SW_SPI.o
 .group         0x00000000        0x8 SW_SPI/SW_SPI.o
 .group         0x00000000        0x8 SW_SPI/SW_SPI.o
 .group         0x00000000        0x8 SW_SPI/SW_SPI.o
 .group         0x00000000        0x8 SW_SPI/SW_SPI.o
 .group         0x00000000        0x8 SW_SPI/SW_SPI.o
 .group         0x00000000        0x8 SW_SPI/SW_SPI.o
 .group         0x00000000        0x8 SW_SPI/SW_SPI.o
 .group         0x00000000        0x8 SW_SPI/SW_SPI.o
 .group         0x00000000        0x8 SW_SPI/SW_SPI.o
 .group         0x00000000        0x8 SW_SPI/SW_SPI.o
 .group         0x00000000        0x8 SW_SPI/SW_SPI.o
 .group         0x00000000        0x8 SW_SPI/SW_SPI.o
 .group         0x00000000        0x8 SW_SPI/SW_SPI.o
 .group         0x00000000        0x8 SW_SPI/SW_SPI.o
 .group         0x00000000        0x8 SW_SPI/SW_SPI.o
 .group         0x00000000        0x8 SW_SPI/SW_SPI.o
 .group         0x00000000        0x8 SW_SPI/SW_SPI.o
 .group         0x00000000        0x8 SW_SPI/SW_SPI.o
 .group         0x00000000        0x8 SW_SPI/SW_SPI.o
 .group         0x00000000        0x8 SW_SPI/SW_SPI.o
 .group         0x00000000        0x8 SW_SPI/SW_SPI.o
 .group         0x00000000        0x8 SW_SPI/SW_SPI.o
 .group         0x00000000        0x8 SW_SPI/SW_SPI.o
 .group         0x00000000        0x8 SW_SPI/SW_SPI.o
 .group         0x00000000        0x8 SW_SPI/SW_SPI.o
 .group         0x00000000        0x8 SW_SPI/SW_SPI.o
 .group         0x00000000        0x8 SW_SPI/SW_SPI.o
 .group         0x00000000        0x8 SW_SPI/SW_SPI.o
 .group         0x00000000        0x8 SW_SPI/SW_SPI.o
 .group         0x00000000        0x8 SW_SPI/SW_SPI.o
 .group         0x00000000        0x8 SW_SPI/SW_SPI.o
 .group         0x00000000        0x8 SW_SPI/SW_SPI.o
 .group         0x00000000        0x8 SW_SPI/SW_SPI.o
 .group         0x00000000        0x8 SW_SPI/SW_SPI.o
 .group         0x00000000        0x8 SW_SPI/SW_SPI.o
 .group         0x00000000        0x8 SW_SPI/SW_SPI.o
 .text          0x00000000        0x0 SW_SPI/SW_SPI.o
 .bss           0x00000000        0x0 SW_SPI/SW_SPI.o
 .group         0x00000000        0x8 Ethernet/Eth.o
 .group         0x00000000        0x8 Ethernet/Eth.o
 .group         0x00000000        0x8 Ethernet/Eth.o
 .group         0x00000000        0x8 Ethernet/Eth.o
 .group         0x00000000        0x8 Ethernet/Eth.o
 .group         0x00000000        0x8 Ethernet/Eth.o
 .group         0x00000000        0x8 Ethernet/Eth.o
 .group         0x00000000        0x8 Ethernet/Eth.o
 .group         0x00000000        0x8 Ethernet/Eth.o
 .group         0x00000000        0x8 Ethernet/Eth.o
 .group         0x00000000        0x8 Ethernet/Eth.o
 .group         0x00000000        0x8 Ethernet/Eth.o
 .group         0x00000000        0x8 Ethernet/Eth.o
 .group         0x00000000        0x8 Ethernet/Eth.o
 .group         0x00000000        0x8 Ethernet/Eth.o
 .group         0x00000000        0x8 Ethernet/Eth.o
 .group         0x00000000        0x8 Ethernet/Eth.o
 .group         0x00000000        0x8 Ethernet/Eth.o
 .group         0x00000000        0x8 Ethernet/Eth.o
 .group         0x00000000        0x8 Ethernet/Eth.o
 .group         0x00000000        0x8 Ethernet/Eth.o
 .group         0x00000000        0x8 Ethernet/Eth.o
 .group         0x00000000        0x8 Ethernet/Eth.o
 .group         0x00000000        0x8 Ethernet/Eth.o
 .group         0x00000000        0x8 Ethernet/Eth.o
 .group         0x00000000        0x8 Ethernet/Eth.o
 .group         0x00000000        0x8 Ethernet/Eth.o
 .group         0x00000000        0x8 Ethernet/Eth.o
 .group         0x00000000        0x8 Ethernet/Eth.o
 .group         0x00000000        0x8 Ethernet/Eth.o
 .group         0x00000000        0x8 Ethernet/Eth.o
 .group         0x00000000        0x8 Ethernet/Eth.o
 .group         0x00000000        0x8 Ethernet/Eth.o
 .group         0x00000000        0x8 Ethernet/Eth.o
 .group         0x00000000        0x8 Ethernet/Eth.o
 .group         0x00000000        0x8 Ethernet/Eth.o
 .group         0x00000000        0x8 Ethernet/Eth.o
 .group         0x00000000        0x8 Ethernet/Eth.o
 .group         0x00000000        0x8 Ethernet/Eth.o
 .group         0x00000000        0x8 Ethernet/Eth.o
 .group         0x00000000        0x8 Ethernet/Eth.o
 .group         0x00000000        0x8 Ethernet/Eth.o
 .group         0x00000000        0x8 Ethernet/Eth.o
 .group         0x00000000        0x8 Ethernet/Eth.o
 .group         0x00000000        0x8 Ethernet/Eth.o
 .group         0x00000000        0x8 Ethernet/Eth.o
 .group         0x00000000        0x8 Ethernet/Eth.o
 .group         0x00000000        0x8 Ethernet/Eth.o
 .group         0x00000000        0x8 Ethernet/Eth.o
 .text          0x00000000        0x0 Ethernet/Eth.o
 .bss           0x00000000        0x0 Ethernet/Eth.o
 .text.enter_critical
                0x00000000        0x2 Ethernet/Eth.o
 .text.exit_critical
                0x00000000        0x2 Ethernet/Eth.o
 .text.w5500_hw_reset
                0x00000000       0x18 Ethernet/Eth.o
 .debug_macro   0x00000000      0x5bc Ethernet/Eth.o
 .debug_macro   0x00000000       0x10 Ethernet/Eth.o
 .debug_macro   0x00000000      0x1ad Ethernet/Eth.o
 .debug_macro   0x00000000      0x293 Ethernet/Eth.o
 .debug_macro   0x00000000       0x9e Ethernet/Eth.o
 .debug_macro   0x00000000     0x62dd Ethernet/Eth.o
 .debug_macro   0x00000000       0x9a Ethernet/Eth.o
 .debug_macro   0x00000000       0xf1 Ethernet/Eth.o
 .debug_macro   0x00000000       0x34 Ethernet/Eth.o
 .debug_macro   0x00000000       0x18 Ethernet/Eth.o
 .debug_macro   0x00000000       0x5e Ethernet/Eth.o
 .debug_macro   0x00000000       0x22 Ethernet/Eth.o
 .debug_macro   0x00000000       0x69 Ethernet/Eth.o
 .debug_macro   0x00000000       0x22 Ethernet/Eth.o
 .debug_macro   0x00000000      0x16c Ethernet/Eth.o
 .debug_macro   0x00000000       0x1c Ethernet/Eth.o
 .debug_macro   0x00000000       0x35 Ethernet/Eth.o
 .debug_macro   0x00000000      0x2ee Ethernet/Eth.o
 .debug_macro   0x00000000       0x97 Ethernet/Eth.o
 .debug_macro   0x00000000       0x17 Ethernet/Eth.o
 .debug_macro   0x00000000      0x250 Ethernet/Eth.o
 .debug_macro   0x00000000       0x76 Ethernet/Eth.o
 .debug_macro   0x00000000       0x16 Ethernet/Eth.o
 .debug_macro   0x00000000      0x6e0 Ethernet/Eth.o
 .debug_macro   0x00000000       0x10 Ethernet/Eth.o
 .debug_macro   0x00000000      0x160 Ethernet/Eth.o
 .debug_macro   0x00000000       0x40 Ethernet/Eth.o
 .debug_macro   0x00000000       0x32 Ethernet/Eth.o
 .debug_macro   0x00000000       0xe4 Ethernet/Eth.o
 .debug_macro   0x00000000       0x34 Ethernet/Eth.o
 .debug_macro   0x00000000       0x1c Ethernet/Eth.o
 .debug_macro   0x00000000      0x1e3 Ethernet/Eth.o
 .debug_macro   0x00000000       0x6c Ethernet/Eth.o
 .debug_macro   0x00000000       0x2f Ethernet/Eth.o
 .debug_macro   0x00000000      0x169 Ethernet/Eth.o
 .debug_macro   0x00000000       0x28 Ethernet/Eth.o
 .debug_macro   0x00000000       0x7c Ethernet/Eth.o
 .debug_macro   0x00000000      0x10f Ethernet/Eth.o
 .debug_macro   0x00000000       0x40 Ethernet/Eth.o
 .debug_macro   0x00000000       0x5e Ethernet/Eth.o
 .debug_macro   0x00000000       0x10 Ethernet/Eth.o
 .group         0x00000000        0x8 Ethernet/socket.o
 .group         0x00000000        0x8 Ethernet/socket.o
 .group         0x00000000        0x8 Ethernet/socket.o
 .group         0x00000000        0x8 Ethernet/socket.o
 .group         0x00000000        0x8 Ethernet/socket.o
 .group         0x00000000        0x8 Ethernet/socket.o
 .text          0x00000000        0x0 Ethernet/socket.o
 .bss           0x00000000        0x0 Ethernet/socket.o
 .text.close    0x00000000       0xd2 Ethernet/socket.o
 .text.socket   0x00000000      0x1bc Ethernet/socket.o
 .text.listen   0x00000000       0xc6 Ethernet/socket.o
 .text.connect  0x00000000      0x17a Ethernet/socket.o
 .text.disconnect
                0x00000000      0x104 Ethernet/socket.o
 .text.send     0x00000000      0x20e Ethernet/socket.o
 .text.recv     0x00000000      0x1d8 Ethernet/socket.o
 .text.sendto   0x00000000      0x21c Ethernet/socket.o
 .text.recvfrom
                0x00000000      0x2e4 Ethernet/socket.o
 .text.ctlsocket
                0x00000000      0x14c Ethernet/socket.o
 .text.setsockopt
                0x00000000      0x1ce Ethernet/socket.o
 .text.getsockopt
                0x00000000      0x240 Ethernet/socket.o
 .data.sock_any_port
                0x00000000        0x2 Ethernet/socket.o
 .bss.sock_io_mode
                0x00000000        0x2 Ethernet/socket.o
 .bss.sock_is_sending
                0x00000000        0x2 Ethernet/socket.o
 .bss.sock_remained_size
                0x00000000       0x10 Ethernet/socket.o
 .bss.sock_pack_info
                0x00000000        0x8 Ethernet/socket.o
 .debug_macro   0x00000000      0x5bc Ethernet/socket.o
 .debug_macro   0x00000000      0x1ad Ethernet/socket.o
 .debug_macro   0x00000000      0x5d9 Ethernet/socket.o
 .debug_macro   0x00000000       0x66 Ethernet/socket.o
 .group         0x00000000        0x8 Ethernet/W5500/w5500.o
 .group         0x00000000        0x8 Ethernet/W5500/w5500.o
 .group         0x00000000        0x8 Ethernet/W5500/w5500.o
 .group         0x00000000        0x8 Ethernet/W5500/w5500.o
 .group         0x00000000        0x8 Ethernet/W5500/w5500.o
 .text          0x00000000        0x0 Ethernet/W5500/w5500.o
 .bss           0x00000000        0x0 Ethernet/W5500/w5500.o
 .text.getSn_TX_FSR
                0x00000000       0xb8 Ethernet/W5500/w5500.o
 .text.getSn_RX_RSR
                0x00000000       0xb8 Ethernet/W5500/w5500.o
 .text.wiz_send_data
                0x00000000      0x10e Ethernet/W5500/w5500.o
 .text.wiz_recv_data
                0x00000000      0x10e Ethernet/W5500/w5500.o
 .text.wiz_recv_ignore
                0x00000000       0x9a Ethernet/W5500/w5500.o
 .debug_macro   0x00000000      0x5bc Ethernet/W5500/w5500.o
 .debug_macro   0x00000000      0x1ad Ethernet/W5500/w5500.o
 .debug_macro   0x00000000       0x46 Ethernet/W5500/w5500.o
 .debug_macro   0x00000000       0x66 Ethernet/W5500/w5500.o
 .debug_macro   0x00000000      0x5d9 Ethernet/W5500/w5500.o
 .group         0x00000000        0x8 Ethernet/wizchip_conf.o
 .group         0x00000000        0x8 Ethernet/wizchip_conf.o
 .group         0x00000000        0x8 Ethernet/wizchip_conf.o
 .group         0x00000000        0x8 Ethernet/wizchip_conf.o
 .group         0x00000000        0x8 Ethernet/wizchip_conf.o
 .text          0x00000000        0x0 Ethernet/wizchip_conf.o
 .bss           0x00000000        0x0 Ethernet/wizchip_conf.o
 .text.reg_wizchip_cris_cbfunc
                0x00000000       0x36 Ethernet/wizchip_conf.o
 .text.reg_wizchip_bus_cbfunc
                0x00000000       0x44 Ethernet/wizchip_conf.o
 .text.wizphy_getphystat
                0x00000000       0x26 Ethernet/wizchip_conf.o
 .debug_macro   0x00000000      0x5bc Ethernet/wizchip_conf.o
 .debug_macro   0x00000000      0x1ad Ethernet/wizchip_conf.o
 .debug_macro   0x00000000       0x40 Ethernet/wizchip_conf.o
 .debug_macro   0x00000000      0x5d9 Ethernet/wizchip_conf.o
 .debug_macro   0x00000000       0x66 Ethernet/wizchip_conf.o
 .group         0x00000000        0x8 src/ASF/common/services/clock/xmega/sysclk.o
 .group         0x00000000        0x8 src/ASF/common/services/clock/xmega/sysclk.o
 .group         0x00000000        0x8 src/ASF/common/services/clock/xmega/sysclk.o
 .group         0x00000000        0x8 src/ASF/common/services/clock/xmega/sysclk.o
 .group         0x00000000        0x8 src/ASF/common/services/clock/xmega/sysclk.o
 .group         0x00000000        0x8 src/ASF/common/services/clock/xmega/sysclk.o
 .group         0x00000000        0x8 src/ASF/common/services/clock/xmega/sysclk.o
 .group         0x00000000        0x8 src/ASF/common/services/clock/xmega/sysclk.o
 .group         0x00000000        0x8 src/ASF/common/services/clock/xmega/sysclk.o
 .group         0x00000000        0x8 src/ASF/common/services/clock/xmega/sysclk.o
 .group         0x00000000        0x8 src/ASF/common/services/clock/xmega/sysclk.o
 .group         0x00000000        0x8 src/ASF/common/services/clock/xmega/sysclk.o
 .group         0x00000000        0x8 src/ASF/common/services/clock/xmega/sysclk.o
 .group         0x00000000        0x8 src/ASF/common/services/clock/xmega/sysclk.o
 .group         0x00000000        0x8 src/ASF/common/services/clock/xmega/sysclk.o
 .group         0x00000000        0x8 src/ASF/common/services/clock/xmega/sysclk.o
 .group         0x00000000        0x8 src/ASF/common/services/clock/xmega/sysclk.o
 .group         0x00000000        0x8 src/ASF/common/services/clock/xmega/sysclk.o
 .group         0x00000000        0x8 src/ASF/common/services/clock/xmega/sysclk.o
 .group         0x00000000        0x8 src/ASF/common/services/clock/xmega/sysclk.o
 .group         0x00000000        0x8 src/ASF/common/services/clock/xmega/sysclk.o
 .group         0x00000000        0x8 src/ASF/common/services/clock/xmega/sysclk.o
 .group         0x00000000        0x8 src/ASF/common/services/clock/xmega/sysclk.o
 .group         0x00000000        0x8 src/ASF/common/services/clock/xmega/sysclk.o
 .group         0x00000000        0x8 src/ASF/common/services/clock/xmega/sysclk.o
 .group         0x00000000        0x8 src/ASF/common/services/clock/xmega/sysclk.o
 .group         0x00000000        0x8 src/ASF/common/services/clock/xmega/sysclk.o
 .group         0x00000000        0x8 src/ASF/common/services/clock/xmega/sysclk.o
 .group         0x00000000        0x8 src/ASF/common/services/clock/xmega/sysclk.o
 .group         0x00000000        0x8 src/ASF/common/services/clock/xmega/sysclk.o
 .group         0x00000000        0x8 src/ASF/common/services/clock/xmega/sysclk.o
 .group         0x00000000        0x8 src/ASF/common/services/clock/xmega/sysclk.o
 .group         0x00000000        0x8 src/ASF/common/services/clock/xmega/sysclk.o
 .group         0x00000000        0x8 src/ASF/common/services/clock/xmega/sysclk.o
 .group         0x00000000        0x8 src/ASF/common/services/clock/xmega/sysclk.o
 .text          0x00000000        0x0 src/ASF/common/services/clock/xmega/sysclk.o
 .bss           0x00000000        0x0 src/ASF/common/services/clock/xmega/sysclk.o
 .text.sysclk_enable_module
                0x00000000       0x18 src/ASF/common/services/clock/xmega/sysclk.o
 .text.sysclk_disable_module
                0x00000000       0x16 src/ASF/common/services/clock/xmega/sysclk.o
 .debug_macro   0x00000000      0x5bc src/ASF/common/services/clock/xmega/sysclk.o
 .debug_macro   0x00000000       0x10 src/ASF/common/services/clock/xmega/sysclk.o
 .debug_macro   0x00000000      0x1ad src/ASF/common/services/clock/xmega/sysclk.o
 .debug_macro   0x00000000      0x293 src/ASF/common/services/clock/xmega/sysclk.o
 .debug_macro   0x00000000       0x9e src/ASF/common/services/clock/xmega/sysclk.o
 .debug_macro   0x00000000     0x62dd src/ASF/common/services/clock/xmega/sysclk.o
 .debug_macro   0x00000000       0x9a src/ASF/common/services/clock/xmega/sysclk.o
 .debug_macro   0x00000000       0xf1 src/ASF/common/services/clock/xmega/sysclk.o
 .debug_macro   0x00000000       0x34 src/ASF/common/services/clock/xmega/sysclk.o
 .debug_macro   0x00000000       0x18 src/ASF/common/services/clock/xmega/sysclk.o
 .debug_macro   0x00000000       0x5e src/ASF/common/services/clock/xmega/sysclk.o
 .debug_macro   0x00000000       0x10 src/ASF/common/services/clock/xmega/sysclk.o
 .debug_macro   0x00000000       0x22 src/ASF/common/services/clock/xmega/sysclk.o
 .debug_macro   0x00000000      0x16c src/ASF/common/services/clock/xmega/sysclk.o
 .debug_macro   0x00000000       0x1c src/ASF/common/services/clock/xmega/sysclk.o
 .debug_macro   0x00000000       0x35 src/ASF/common/services/clock/xmega/sysclk.o
 .debug_macro   0x00000000       0x51 src/ASF/common/services/clock/xmega/sysclk.o
 .debug_macro   0x00000000      0x2ee src/ASF/common/services/clock/xmega/sysclk.o
 .debug_macro   0x00000000       0x97 src/ASF/common/services/clock/xmega/sysclk.o
 .debug_macro   0x00000000       0x17 src/ASF/common/services/clock/xmega/sysclk.o
 .debug_macro   0x00000000      0x250 src/ASF/common/services/clock/xmega/sysclk.o
 .debug_macro   0x00000000       0x76 src/ASF/common/services/clock/xmega/sysclk.o
 .debug_macro   0x00000000       0x16 src/ASF/common/services/clock/xmega/sysclk.o
 .debug_macro   0x00000000      0x6e0 src/ASF/common/services/clock/xmega/sysclk.o
 .debug_macro   0x00000000       0x10 src/ASF/common/services/clock/xmega/sysclk.o
 .debug_macro   0x00000000      0x160 src/ASF/common/services/clock/xmega/sysclk.o
 .debug_macro   0x00000000       0x40 src/ASF/common/services/clock/xmega/sysclk.o
 .debug_macro   0x00000000       0x69 src/ASF/common/services/clock/xmega/sysclk.o
 .debug_macro   0x00000000       0x32 src/ASF/common/services/clock/xmega/sysclk.o
 .debug_macro   0x00000000       0xe4 src/ASF/common/services/clock/xmega/sysclk.o
 .debug_macro   0x00000000       0x1c src/ASF/common/services/clock/xmega/sysclk.o
 .debug_macro   0x00000000      0x1e3 src/ASF/common/services/clock/xmega/sysclk.o
 .debug_macro   0x00000000       0x6c src/ASF/common/services/clock/xmega/sysclk.o
 .debug_macro   0x00000000       0x2f src/ASF/common/services/clock/xmega/sysclk.o
 .debug_macro   0x00000000      0x169 src/ASF/common/services/clock/xmega/sysclk.o
 .group         0x00000000        0x8 src/ASF/common/services/ioport/xmega/ioport_compat.o
 .group         0x00000000        0x8 src/ASF/common/services/ioport/xmega/ioport_compat.o
 .group         0x00000000        0x8 src/ASF/common/services/ioport/xmega/ioport_compat.o
 .group         0x00000000        0x8 src/ASF/common/services/ioport/xmega/ioport_compat.o
 .group         0x00000000        0x8 src/ASF/common/services/ioport/xmega/ioport_compat.o
 .group         0x00000000        0x8 src/ASF/common/services/ioport/xmega/ioport_compat.o
 .group         0x00000000        0x8 src/ASF/common/services/ioport/xmega/ioport_compat.o
 .group         0x00000000        0x8 src/ASF/common/services/ioport/xmega/ioport_compat.o
 .group         0x00000000        0x8 src/ASF/common/services/ioport/xmega/ioport_compat.o
 .group         0x00000000        0x8 src/ASF/common/services/ioport/xmega/ioport_compat.o
 .group         0x00000000        0x8 src/ASF/common/services/ioport/xmega/ioport_compat.o
 .group         0x00000000        0x8 src/ASF/common/services/ioport/xmega/ioport_compat.o
 .group         0x00000000        0x8 src/ASF/common/services/ioport/xmega/ioport_compat.o
 .group         0x00000000        0x8 src/ASF/common/services/ioport/xmega/ioport_compat.o
 .group         0x00000000        0x8 src/ASF/common/services/ioport/xmega/ioport_compat.o
 .group         0x00000000        0x8 src/ASF/common/services/ioport/xmega/ioport_compat.o
 .group         0x00000000        0x8 src/ASF/common/services/ioport/xmega/ioport_compat.o
 .group         0x00000000        0x8 src/ASF/common/services/ioport/xmega/ioport_compat.o
 .group         0x00000000        0x8 src/ASF/common/services/ioport/xmega/ioport_compat.o
 .group         0x00000000        0x8 src/ASF/common/services/ioport/xmega/ioport_compat.o
 .group         0x00000000        0x8 src/ASF/common/services/ioport/xmega/ioport_compat.o
 .group         0x00000000        0x8 src/ASF/common/services/ioport/xmega/ioport_compat.o
 .group         0x00000000        0x8 src/ASF/common/services/ioport/xmega/ioport_compat.o
 .group         0x00000000        0x8 src/ASF/common/services/ioport/xmega/ioport_compat.o
 .group         0x00000000        0x8 src/ASF/common/services/ioport/xmega/ioport_compat.o
 .group         0x00000000        0x8 src/ASF/common/services/ioport/xmega/ioport_compat.o
 .group         0x00000000        0x8 src/ASF/common/services/ioport/xmega/ioport_compat.o
 .group         0x00000000        0x8 src/ASF/common/services/ioport/xmega/ioport_compat.o
 .group         0x00000000        0x8 src/ASF/common/services/ioport/xmega/ioport_compat.o
 .group         0x00000000        0x8 src/ASF/common/services/ioport/xmega/ioport_compat.o
 .group         0x00000000        0x8 src/ASF/common/services/ioport/xmega/ioport_compat.o
 .group         0x00000000        0x8 src/ASF/common/services/ioport/xmega/ioport_compat.o
 .text          0x00000000        0x0 src/ASF/common/services/ioport/xmega/ioport_compat.o
 .bss           0x00000000        0x0 src/ASF/common/services/ioport/xmega/ioport_compat.o
 .text.ioport_configure_port_pin
                0x00000000       0x44 src/ASF/common/services/ioport/xmega/ioport_compat.o
 .debug_macro   0x00000000      0x5bc src/ASF/common/services/ioport/xmega/ioport_compat.o
 .debug_macro   0x00000000      0x2ee src/ASF/common/services/ioport/xmega/ioport_compat.o
 .debug_macro   0x00000000       0x10 src/ASF/common/services/ioport/xmega/ioport_compat.o
 .debug_macro   0x00000000      0x1ad src/ASF/common/services/ioport/xmega/ioport_compat.o
 .debug_macro   0x00000000      0x293 src/ASF/common/services/ioport/xmega/ioport_compat.o
 .debug_macro   0x00000000       0x9e src/ASF/common/services/ioport/xmega/ioport_compat.o
 .debug_macro   0x00000000     0x62dd src/ASF/common/services/ioport/xmega/ioport_compat.o
 .debug_macro   0x00000000       0x9a src/ASF/common/services/ioport/xmega/ioport_compat.o
 .debug_macro   0x00000000       0xf1 src/ASF/common/services/ioport/xmega/ioport_compat.o
 .debug_macro   0x00000000       0x34 src/ASF/common/services/ioport/xmega/ioport_compat.o
 .debug_macro   0x00000000       0x18 src/ASF/common/services/ioport/xmega/ioport_compat.o
 .debug_macro   0x00000000       0x5e src/ASF/common/services/ioport/xmega/ioport_compat.o
 .debug_macro   0x00000000       0x10 src/ASF/common/services/ioport/xmega/ioport_compat.o
 .debug_macro   0x00000000       0x22 src/ASF/common/services/ioport/xmega/ioport_compat.o
 .debug_macro   0x00000000      0x16c src/ASF/common/services/ioport/xmega/ioport_compat.o
 .debug_macro   0x00000000       0x1c src/ASF/common/services/ioport/xmega/ioport_compat.o
 .debug_macro   0x00000000       0x35 src/ASF/common/services/ioport/xmega/ioport_compat.o
 .debug_macro   0x00000000       0x51 src/ASF/common/services/ioport/xmega/ioport_compat.o
 .debug_macro   0x00000000       0x97 src/ASF/common/services/ioport/xmega/ioport_compat.o
 .debug_macro   0x00000000       0x17 src/ASF/common/services/ioport/xmega/ioport_compat.o
 .debug_macro   0x00000000      0x250 src/ASF/common/services/ioport/xmega/ioport_compat.o
 .debug_macro   0x00000000       0x76 src/ASF/common/services/ioport/xmega/ioport_compat.o
 .debug_macro   0x00000000       0x16 src/ASF/common/services/ioport/xmega/ioport_compat.o
 .debug_macro   0x00000000      0x6e0 src/ASF/common/services/ioport/xmega/ioport_compat.o
 .debug_macro   0x00000000       0x10 src/ASF/common/services/ioport/xmega/ioport_compat.o
 .debug_macro   0x00000000      0x160 src/ASF/common/services/ioport/xmega/ioport_compat.o
 .debug_macro   0x00000000       0x40 src/ASF/common/services/ioport/xmega/ioport_compat.o
 .debug_macro   0x00000000       0x69 src/ASF/common/services/ioport/xmega/ioport_compat.o
 .debug_macro   0x00000000       0x32 src/ASF/common/services/ioport/xmega/ioport_compat.o
 .debug_macro   0x00000000       0xe4 src/ASF/common/services/ioport/xmega/ioport_compat.o
 .debug_macro   0x00000000       0x7c src/ASF/common/services/ioport/xmega/ioport_compat.o
 .debug_macro   0x00000000      0x10f src/ASF/common/services/ioport/xmega/ioport_compat.o
 .group         0x00000000        0x8 src/ASF/common/services/sleepmgr/xmega/sleepmgr.o
 .group         0x00000000        0x8 src/ASF/common/services/sleepmgr/xmega/sleepmgr.o
 .group         0x00000000        0x8 src/ASF/common/services/sleepmgr/xmega/sleepmgr.o
 .group         0x00000000        0x8 src/ASF/common/services/sleepmgr/xmega/sleepmgr.o
 .group         0x00000000        0x8 src/ASF/common/services/sleepmgr/xmega/sleepmgr.o
 .group         0x00000000        0x8 src/ASF/common/services/sleepmgr/xmega/sleepmgr.o
 .group         0x00000000        0x8 src/ASF/common/services/sleepmgr/xmega/sleepmgr.o
 .group         0x00000000        0x8 src/ASF/common/services/sleepmgr/xmega/sleepmgr.o
 .group         0x00000000        0x8 src/ASF/common/services/sleepmgr/xmega/sleepmgr.o
 .group         0x00000000        0x8 src/ASF/common/services/sleepmgr/xmega/sleepmgr.o
 .group         0x00000000        0x8 src/ASF/common/services/sleepmgr/xmega/sleepmgr.o
 .group         0x00000000        0x8 src/ASF/common/services/sleepmgr/xmega/sleepmgr.o
 .group         0x00000000        0x8 src/ASF/common/services/sleepmgr/xmega/sleepmgr.o
 .group         0x00000000        0x8 src/ASF/common/services/sleepmgr/xmega/sleepmgr.o
 .group         0x00000000        0x8 src/ASF/common/services/sleepmgr/xmega/sleepmgr.o
 .group         0x00000000        0x8 src/ASF/common/services/sleepmgr/xmega/sleepmgr.o
 .group         0x00000000        0x8 src/ASF/common/services/sleepmgr/xmega/sleepmgr.o
 .group         0x00000000        0x8 src/ASF/common/services/sleepmgr/xmega/sleepmgr.o
 .group         0x00000000        0x8 src/ASF/common/services/sleepmgr/xmega/sleepmgr.o
 .group         0x00000000        0x8 src/ASF/common/services/sleepmgr/xmega/sleepmgr.o
 .group         0x00000000        0x8 src/ASF/common/services/sleepmgr/xmega/sleepmgr.o
 .group         0x00000000        0x8 src/ASF/common/services/sleepmgr/xmega/sleepmgr.o
 .group         0x00000000        0x8 src/ASF/common/services/sleepmgr/xmega/sleepmgr.o
 .group         0x00000000        0x8 src/ASF/common/services/sleepmgr/xmega/sleepmgr.o
 .group         0x00000000        0x8 src/ASF/common/services/sleepmgr/xmega/sleepmgr.o
 .group         0x00000000        0x8 src/ASF/common/services/sleepmgr/xmega/sleepmgr.o
 .group         0x00000000        0x8 src/ASF/common/services/sleepmgr/xmega/sleepmgr.o
 .group         0x00000000        0x8 src/ASF/common/services/sleepmgr/xmega/sleepmgr.o
 .group         0x00000000        0x8 src/ASF/common/services/sleepmgr/xmega/sleepmgr.o
 .group         0x00000000        0x8 src/ASF/common/services/sleepmgr/xmega/sleepmgr.o
 .group         0x00000000        0x8 src/ASF/common/services/sleepmgr/xmega/sleepmgr.o
 .group         0x00000000        0x8 src/ASF/common/services/sleepmgr/xmega/sleepmgr.o
 .text          0x00000000        0x0 src/ASF/common/services/sleepmgr/xmega/sleepmgr.o
 .bss           0x00000000        0x0 src/ASF/common/services/sleepmgr/xmega/sleepmgr.o
 .data.sleepmgr_configs
                0x00000000        0x6 src/ASF/common/services/sleepmgr/xmega/sleepmgr.o
 .debug_macro   0x00000000      0x5bc src/ASF/common/services/sleepmgr/xmega/sleepmgr.o
 .debug_macro   0x00000000       0x10 src/ASF/common/services/sleepmgr/xmega/sleepmgr.o
 .debug_macro   0x00000000      0x1ad src/ASF/common/services/sleepmgr/xmega/sleepmgr.o
 .debug_macro   0x00000000      0x293 src/ASF/common/services/sleepmgr/xmega/sleepmgr.o
 .debug_macro   0x00000000       0x9e src/ASF/common/services/sleepmgr/xmega/sleepmgr.o
 .debug_macro   0x00000000     0x62dd src/ASF/common/services/sleepmgr/xmega/sleepmgr.o
 .debug_macro   0x00000000       0x9a src/ASF/common/services/sleepmgr/xmega/sleepmgr.o
 .debug_macro   0x00000000       0xf1 src/ASF/common/services/sleepmgr/xmega/sleepmgr.o
 .debug_macro   0x00000000       0x34 src/ASF/common/services/sleepmgr/xmega/sleepmgr.o
 .debug_macro   0x00000000       0x18 src/ASF/common/services/sleepmgr/xmega/sleepmgr.o
 .debug_macro   0x00000000       0x5e src/ASF/common/services/sleepmgr/xmega/sleepmgr.o
 .debug_macro   0x00000000       0x10 src/ASF/common/services/sleepmgr/xmega/sleepmgr.o
 .debug_macro   0x00000000       0x22 src/ASF/common/services/sleepmgr/xmega/sleepmgr.o
 .debug_macro   0x00000000      0x16c src/ASF/common/services/sleepmgr/xmega/sleepmgr.o
 .debug_macro   0x00000000       0x1c src/ASF/common/services/sleepmgr/xmega/sleepmgr.o
 .debug_macro   0x00000000       0x35 src/ASF/common/services/sleepmgr/xmega/sleepmgr.o
 .debug_macro   0x00000000       0x51 src/ASF/common/services/sleepmgr/xmega/sleepmgr.o
 .debug_macro   0x00000000      0x2ee src/ASF/common/services/sleepmgr/xmega/sleepmgr.o
 .debug_macro   0x00000000       0x97 src/ASF/common/services/sleepmgr/xmega/sleepmgr.o
 .debug_macro   0x00000000       0x17 src/ASF/common/services/sleepmgr/xmega/sleepmgr.o
 .debug_macro   0x00000000      0x250 src/ASF/common/services/sleepmgr/xmega/sleepmgr.o
 .debug_macro   0x00000000       0x76 src/ASF/common/services/sleepmgr/xmega/sleepmgr.o
 .debug_macro   0x00000000       0x16 src/ASF/common/services/sleepmgr/xmega/sleepmgr.o
 .debug_macro   0x00000000      0x6e0 src/ASF/common/services/sleepmgr/xmega/sleepmgr.o
 .debug_macro   0x00000000       0x10 src/ASF/common/services/sleepmgr/xmega/sleepmgr.o
 .debug_macro   0x00000000      0x160 src/ASF/common/services/sleepmgr/xmega/sleepmgr.o
 .debug_macro   0x00000000       0x40 src/ASF/common/services/sleepmgr/xmega/sleepmgr.o
 .debug_macro   0x00000000       0x69 src/ASF/common/services/sleepmgr/xmega/sleepmgr.o
 .debug_macro   0x00000000       0x32 src/ASF/common/services/sleepmgr/xmega/sleepmgr.o
 .debug_macro   0x00000000       0xe4 src/ASF/common/services/sleepmgr/xmega/sleepmgr.o
 .debug_macro   0x00000000       0x10 src/ASF/common/services/sleepmgr/xmega/sleepmgr.o
 .debug_macro   0x00000000       0x5e src/ASF/common/services/sleepmgr/xmega/sleepmgr.o
 .text          0x00000000        0x0 src/ASF/xmega/drivers/cpu/ccp.o
 .bss           0x00000000        0x0 src/ASF/xmega/drivers/cpu/ccp.o
 .group         0x00000000        0x8 src/main.o
 .group         0x00000000        0x8 src/main.o
 .group         0x00000000        0x8 src/main.o
 .group         0x00000000        0x8 src/main.o
 .group         0x00000000        0x8 src/main.o
 .group         0x00000000        0x8 src/main.o
 .group         0x00000000        0x8 src/main.o
 .group         0x00000000        0x8 src/main.o
 .group         0x00000000        0x8 src/main.o
 .group         0x00000000        0x8 src/main.o
 .group         0x00000000        0x8 src/main.o
 .group         0x00000000        0x8 src/main.o
 .group         0x00000000        0x8 src/main.o
 .group         0x00000000        0x8 src/main.o
 .group         0x00000000        0x8 src/main.o
 .group         0x00000000        0x8 src/main.o
 .group         0x00000000        0x8 src/main.o
 .group         0x00000000        0x8 src/main.o
 .group         0x00000000        0x8 src/main.o
 .group         0x00000000        0x8 src/main.o
 .group         0x00000000        0x8 src/main.o
 .group         0x00000000        0x8 src/main.o
 .group         0x00000000        0x8 src/main.o
 .group         0x00000000        0x8 src/main.o
 .group         0x00000000        0x8 src/main.o
 .group         0x00000000        0x8 src/main.o
 .group         0x00000000        0x8 src/main.o
 .group         0x00000000        0x8 src/main.o
 .group         0x00000000        0x8 src/main.o
 .group         0x00000000        0x8 src/main.o
 .group         0x00000000        0x8 src/main.o
 .group         0x00000000        0x8 src/main.o
 .group         0x00000000        0x8 src/main.o
 .group         0x00000000        0x8 src/main.o
 .group         0x00000000        0x8 src/main.o
 .group         0x00000000        0x8 src/main.o
 .group         0x00000000        0x8 src/main.o
 .group         0x00000000        0x8 src/main.o
 .group         0x00000000        0x8 src/main.o
 .group         0x00000000        0x8 src/main.o
 .group         0x00000000        0x8 src/main.o
 .group         0x00000000        0x8 src/main.o
 .group         0x00000000        0x8 src/main.o
 .group         0x00000000        0x8 src/main.o
 .group         0x00000000        0x8 src/main.o
 .group         0x00000000        0x8 src/main.o
 .group         0x00000000        0x8 src/main.o
 .group         0x00000000        0x8 src/main.o
 .group         0x00000000        0x8 src/main.o
 .text          0x00000000        0x0 src/main.o
 .bss           0x00000000        0x0 src/main.o
 .text.SW_Reset
                0x00000000        0xc src/main.o
 .debug_macro   0x00000000      0x5bc src/main.o
 .debug_macro   0x00000000       0x10 src/main.o
 .debug_macro   0x00000000      0x1ad src/main.o
 .debug_macro   0x00000000      0x293 src/main.o
 .debug_macro   0x00000000       0x9e src/main.o
 .debug_macro   0x00000000     0x62dd src/main.o
 .debug_macro   0x00000000       0x9a src/main.o
 .debug_macro   0x00000000       0xf1 src/main.o
 .debug_macro   0x00000000       0x34 src/main.o
 .debug_macro   0x00000000       0x18 src/main.o
 .debug_macro   0x00000000       0x5e src/main.o
 .debug_macro   0x00000000       0x10 src/main.o
 .debug_macro   0x00000000       0x22 src/main.o
 .debug_macro   0x00000000      0x16c src/main.o
 .debug_macro   0x00000000       0x1c src/main.o
 .debug_macro   0x00000000       0x35 src/main.o
 .debug_macro   0x00000000       0x51 src/main.o
 .debug_macro   0x00000000      0x2ee src/main.o
 .debug_macro   0x00000000       0x97 src/main.o
 .debug_macro   0x00000000       0x17 src/main.o
 .debug_macro   0x00000000      0x250 src/main.o
 .debug_macro   0x00000000       0x76 src/main.o
 .debug_macro   0x00000000       0x16 src/main.o
 .debug_macro   0x00000000      0x6e0 src/main.o
 .debug_macro   0x00000000       0x10 src/main.o
 .debug_macro   0x00000000      0x160 src/main.o
 .debug_macro   0x00000000       0x40 src/main.o
 .debug_macro   0x00000000       0x69 src/main.o
 .debug_macro   0x00000000       0x32 src/main.o
 .debug_macro   0x00000000       0xe4 src/main.o
 .debug_macro   0x00000000       0x34 src/main.o
 .debug_macro   0x00000000       0x1c src/main.o
 .debug_macro   0x00000000      0x1e3 src/main.o
 .debug_macro   0x00000000       0x6c src/main.o
 .debug_macro   0x00000000       0x2f src/main.o
 .debug_macro   0x00000000      0x169 src/main.o
 .debug_macro   0x00000000       0x28 src/main.o
 .debug_macro   0x00000000       0x22 src/main.o
 .debug_macro   0x00000000       0x7c src/main.o
 .debug_macro   0x00000000      0x10f src/main.o
 .debug_macro   0x00000000       0x40 src/main.o
 .debug_macro   0x00000000       0x5e src/main.o
 .debug_macro   0x00000000       0x10 src/main.o
 .debug_macro   0x00000000       0x22 src/main.o
 .debug_macro   0x00000000       0x46 src/main.o
 .debug_macro   0x00000000       0x66 src/main.o
 .debug_macro   0x00000000      0x5d9 src/main.o
 .debug_macro   0x00000000       0x10 src/main.o
 .debug_macro   0x00000000       0xcd src/main.o
 .group         0x00000000        0x8 src/ASF/common/boards/user_board/init.o
 .group         0x00000000        0x8 src/ASF/common/boards/user_board/init.o
 .group         0x00000000        0x8 src/ASF/common/boards/user_board/init.o
 .group         0x00000000        0x8 src/ASF/common/boards/user_board/init.o
 .group         0x00000000        0x8 src/ASF/common/boards/user_board/init.o
 .group         0x00000000        0x8 src/ASF/common/boards/user_board/init.o
 .group         0x00000000        0x8 src/ASF/common/boards/user_board/init.o
 .group         0x00000000        0x8 src/ASF/common/boards/user_board/init.o
 .group         0x00000000        0x8 src/ASF/common/boards/user_board/init.o
 .group         0x00000000        0x8 src/ASF/common/boards/user_board/init.o
 .group         0x00000000        0x8 src/ASF/common/boards/user_board/init.o
 .group         0x00000000        0x8 src/ASF/common/boards/user_board/init.o
 .group         0x00000000        0x8 src/ASF/common/boards/user_board/init.o
 .group         0x00000000        0x8 src/ASF/common/boards/user_board/init.o
 .group         0x00000000        0x8 src/ASF/common/boards/user_board/init.o
 .group         0x00000000        0x8 src/ASF/common/boards/user_board/init.o
 .group         0x00000000        0x8 src/ASF/common/boards/user_board/init.o
 .group         0x00000000        0x8 src/ASF/common/boards/user_board/init.o
 .group         0x00000000        0x8 src/ASF/common/boards/user_board/init.o
 .group         0x00000000        0x8 src/ASF/common/boards/user_board/init.o
 .group         0x00000000        0x8 src/ASF/common/boards/user_board/init.o
 .group         0x00000000        0x8 src/ASF/common/boards/user_board/init.o
 .group         0x00000000        0x8 src/ASF/common/boards/user_board/init.o
 .group         0x00000000        0x8 src/ASF/common/boards/user_board/init.o
 .group         0x00000000        0x8 src/ASF/common/boards/user_board/init.o
 .group         0x00000000        0x8 src/ASF/common/boards/user_board/init.o
 .group         0x00000000        0x8 src/ASF/common/boards/user_board/init.o
 .group         0x00000000        0x8 src/ASF/common/boards/user_board/init.o
 .group         0x00000000        0x8 src/ASF/common/boards/user_board/init.o
 .group         0x00000000        0x8 src/ASF/common/boards/user_board/init.o
 .group         0x00000000        0x8 src/ASF/common/boards/user_board/init.o
 .group         0x00000000        0x8 src/ASF/common/boards/user_board/init.o
 .group         0x00000000        0x8 src/ASF/common/boards/user_board/init.o
 .group         0x00000000        0x8 src/ASF/common/boards/user_board/init.o
 .group         0x00000000        0x8 src/ASF/common/boards/user_board/init.o
 .group         0x00000000        0x8 src/ASF/common/boards/user_board/init.o
 .group         0x00000000        0x8 src/ASF/common/boards/user_board/init.o
 .group         0x00000000        0x8 src/ASF/common/boards/user_board/init.o
 .group         0x00000000        0x8 src/ASF/common/boards/user_board/init.o
 .group         0x00000000        0x8 src/ASF/common/boards/user_board/init.o
 .group         0x00000000        0x8 src/ASF/common/boards/user_board/init.o
 .group         0x00000000        0x8 src/ASF/common/boards/user_board/init.o
 .group         0x00000000        0x8 src/ASF/common/boards/user_board/init.o
 .text          0x00000000        0x0 src/ASF/common/boards/user_board/init.o
 .bss           0x00000000        0x0 src/ASF/common/boards/user_board/init.o
 .debug_macro   0x00000000      0x5bc src/ASF/common/boards/user_board/init.o
 .debug_macro   0x00000000       0x10 src/ASF/common/boards/user_board/init.o
 .debug_macro   0x00000000      0x1ad src/ASF/common/boards/user_board/init.o
 .debug_macro   0x00000000      0x293 src/ASF/common/boards/user_board/init.o
 .debug_macro   0x00000000       0x9e src/ASF/common/boards/user_board/init.o
 .debug_macro   0x00000000     0x62dd src/ASF/common/boards/user_board/init.o
 .debug_macro   0x00000000       0x9a src/ASF/common/boards/user_board/init.o
 .debug_macro   0x00000000       0xf1 src/ASF/common/boards/user_board/init.o
 .debug_macro   0x00000000       0x34 src/ASF/common/boards/user_board/init.o
 .debug_macro   0x00000000       0x18 src/ASF/common/boards/user_board/init.o
 .debug_macro   0x00000000       0x5e src/ASF/common/boards/user_board/init.o
 .debug_macro   0x00000000       0x10 src/ASF/common/boards/user_board/init.o
 .debug_macro   0x00000000       0x22 src/ASF/common/boards/user_board/init.o
 .debug_macro   0x00000000      0x16c src/ASF/common/boards/user_board/init.o
 .debug_macro   0x00000000       0x1c src/ASF/common/boards/user_board/init.o
 .debug_macro   0x00000000       0x35 src/ASF/common/boards/user_board/init.o
 .debug_macro   0x00000000       0x51 src/ASF/common/boards/user_board/init.o
 .debug_macro   0x00000000      0x2ee src/ASF/common/boards/user_board/init.o
 .debug_macro   0x00000000       0x97 src/ASF/common/boards/user_board/init.o
 .debug_macro   0x00000000       0x17 src/ASF/common/boards/user_board/init.o
 .debug_macro   0x00000000      0x250 src/ASF/common/boards/user_board/init.o
 .debug_macro   0x00000000       0x76 src/ASF/common/boards/user_board/init.o
 .debug_macro   0x00000000       0x16 src/ASF/common/boards/user_board/init.o
 .debug_macro   0x00000000      0x6e0 src/ASF/common/boards/user_board/init.o
 .debug_macro   0x00000000       0x10 src/ASF/common/boards/user_board/init.o
 .debug_macro   0x00000000      0x160 src/ASF/common/boards/user_board/init.o
 .debug_macro   0x00000000       0x40 src/ASF/common/boards/user_board/init.o
 .debug_macro   0x00000000       0x69 src/ASF/common/boards/user_board/init.o
 .debug_macro   0x00000000       0x32 src/ASF/common/boards/user_board/init.o
 .debug_macro   0x00000000       0xe4 src/ASF/common/boards/user_board/init.o
 .debug_macro   0x00000000       0x34 src/ASF/common/boards/user_board/init.o
 .debug_macro   0x00000000       0x1c src/ASF/common/boards/user_board/init.o
 .debug_macro   0x00000000      0x1e3 src/ASF/common/boards/user_board/init.o
 .debug_macro   0x00000000       0x6c src/ASF/common/boards/user_board/init.o
 .debug_macro   0x00000000       0x2f src/ASF/common/boards/user_board/init.o
 .debug_macro   0x00000000      0x169 src/ASF/common/boards/user_board/init.o
 .debug_macro   0x00000000       0x28 src/ASF/common/boards/user_board/init.o
 .debug_macro   0x00000000       0x22 src/ASF/common/boards/user_board/init.o
 .debug_macro   0x00000000       0x7c src/ASF/common/boards/user_board/init.o
 .debug_macro   0x00000000      0x10f src/ASF/common/boards/user_board/init.o
 .debug_macro   0x00000000       0x40 src/ASF/common/boards/user_board/init.o
 .debug_macro   0x00000000       0x5e src/ASF/common/boards/user_board/init.o
 .debug_macro   0x00000000       0x10 src/ASF/common/boards/user_board/init.o
 .text          0x00000000        0x0 c:/program files (x86)/atmel/atmel toolchain/avr8 gcc/native/3.4.2.1002/avr8-gnu-toolchain/bin/../lib/gcc/avr/4.7.2/avrxmega2\libgcc.a(_exit.o)
 .bss           0x00000000        0x0 c:/program files (x86)/atmel/atmel toolchain/avr8 gcc/native/3.4.2.1002/avr8-gnu-toolchain/bin/../lib/gcc/avr/4.7.2/avrxmega2\libgcc.a(_exit.o)
 .text.libgcc.mul
                0x00000000        0x0 c:/program files (x86)/atmel/atmel toolchain/avr8 gcc/native/3.4.2.1002/avr8-gnu-toolchain/bin/../lib/gcc/avr/4.7.2/avrxmega2\libgcc.a(_exit.o)
 .text.libgcc.div
                0x00000000        0x0 c:/program files (x86)/atmel/atmel toolchain/avr8 gcc/native/3.4.2.1002/avr8-gnu-toolchain/bin/../lib/gcc/avr/4.7.2/avrxmega2\libgcc.a(_exit.o)
 .text.libgcc   0x00000000        0x0 c:/program files (x86)/atmel/atmel toolchain/avr8 gcc/native/3.4.2.1002/avr8-gnu-toolchain/bin/../lib/gcc/avr/4.7.2/avrxmega2\libgcc.a(_exit.o)
 .text.libgcc.prologue
                0x00000000        0x0 c:/program files (x86)/atmel/atmel toolchain/avr8 gcc/native/3.4.2.1002/avr8-gnu-toolchain/bin/../lib/gcc/avr/4.7.2/avrxmega2\libgcc.a(_exit.o)
 .text.libgcc.builtins
                0x00000000        0x0 c:/program files (x86)/atmel/atmel toolchain/avr8 gcc/native/3.4.2.1002/avr8-gnu-toolchain/bin/../lib/gcc/avr/4.7.2/avrxmega2\libgcc.a(_exit.o)
 .text.libgcc.fmul
                0x00000000        0x0 c:/program files (x86)/atmel/atmel toolchain/avr8 gcc/native/3.4.2.1002/avr8-gnu-toolchain/bin/../lib/gcc/avr/4.7.2/avrxmega2\libgcc.a(_exit.o)
 .text          0x00000000        0x0 c:/program files (x86)/atmel/atmel toolchain/avr8 gcc/native/3.4.2.1002/avr8-gnu-toolchain/bin/../lib/gcc/avr/4.7.2/avrxmega2\libgcc.a(_copy_data.o)
 .bss           0x00000000        0x0 c:/program files (x86)/atmel/atmel toolchain/avr8 gcc/native/3.4.2.1002/avr8-gnu-toolchain/bin/../lib/gcc/avr/4.7.2/avrxmega2\libgcc.a(_copy_data.o)
 .text.libgcc.mul
                0x00000000        0x0 c:/program files (x86)/atmel/atmel toolchain/avr8 gcc/native/3.4.2.1002/avr8-gnu-toolchain/bin/../lib/gcc/avr/4.7.2/avrxmega2\libgcc.a(_copy_data.o)
 .text.libgcc.div
                0x00000000        0x0 c:/program files (x86)/atmel/atmel toolchain/avr8 gcc/native/3.4.2.1002/avr8-gnu-toolchain/bin/../lib/gcc/avr/4.7.2/avrxmega2\libgcc.a(_copy_data.o)
 .text.libgcc   0x00000000        0x0 c:/program files (x86)/atmel/atmel toolchain/avr8 gcc/native/3.4.2.1002/avr8-gnu-toolchain/bin/../lib/gcc/avr/4.7.2/avrxmega2\libgcc.a(_copy_data.o)
 .text.libgcc.prologue
                0x00000000        0x0 c:/program files (x86)/atmel/atmel toolchain/avr8 gcc/native/3.4.2.1002/avr8-gnu-toolchain/bin/../lib/gcc/avr/4.7.2/avrxmega2\libgcc.a(_copy_data.o)
 .text.libgcc.builtins
                0x00000000        0x0 c:/program files (x86)/atmel/atmel toolchain/avr8 gcc/native/3.4.2.1002/avr8-gnu-toolchain/bin/../lib/gcc/avr/4.7.2/avrxmega2\libgcc.a(_copy_data.o)
 .text.libgcc.fmul
                0x00000000        0x0 c:/program files (x86)/atmel/atmel toolchain/avr8 gcc/native/3.4.2.1002/avr8-gnu-toolchain/bin/../lib/gcc/avr/4.7.2/avrxmega2\libgcc.a(_copy_data.o)
 .text          0x00000000        0x0 c:/program files (x86)/atmel/atmel toolchain/avr8 gcc/native/3.4.2.1002/avr8-gnu-toolchain/bin/../lib/gcc/avr/4.7.2/avrxmega2\libgcc.a(_clear_bss.o)
 .bss           0x00000000        0x0 c:/program files (x86)/atmel/atmel toolchain/avr8 gcc/native/3.4.2.1002/avr8-gnu-toolchain/bin/../lib/gcc/avr/4.7.2/avrxmega2\libgcc.a(_clear_bss.o)
 .text.libgcc.mul
                0x00000000        0x0 c:/program files (x86)/atmel/atmel toolchain/avr8 gcc/native/3.4.2.1002/avr8-gnu-toolchain/bin/../lib/gcc/avr/4.7.2/avrxmega2\libgcc.a(_clear_bss.o)
 .text.libgcc.div
                0x00000000        0x0 c:/program files (x86)/atmel/atmel toolchain/avr8 gcc/native/3.4.2.1002/avr8-gnu-toolchain/bin/../lib/gcc/avr/4.7.2/avrxmega2\libgcc.a(_clear_bss.o)
 .text.libgcc   0x00000000        0x0 c:/program files (x86)/atmel/atmel toolchain/avr8 gcc/native/3.4.2.1002/avr8-gnu-toolchain/bin/../lib/gcc/avr/4.7.2/avrxmega2\libgcc.a(_clear_bss.o)
 .text.libgcc.prologue
                0x00000000        0x0 c:/program files (x86)/atmel/atmel toolchain/avr8 gcc/native/3.4.2.1002/avr8-gnu-toolchain/bin/../lib/gcc/avr/4.7.2/avrxmega2\libgcc.a(_clear_bss.o)
 .text.libgcc.builtins
                0x00000000        0x0 c:/program files (x86)/atmel/atmel toolchain/avr8 gcc/native/3.4.2.1002/avr8-gnu-toolchain/bin/../lib/gcc/avr/4.7.2/avrxmega2\libgcc.a(_clear_bss.o)
 .text.libgcc.fmul
                0x00000000        0x0 c:/program files (x86)/atmel/atmel toolchain/avr8 gcc/native/3.4.2.1002/avr8-gnu-toolchain/bin/../lib/gcc/avr/4.7.2/avrxmega2\libgcc.a(_clear_bss.o)

Memory Configuration

Name             Origin             Length             Attributes
text             0x00000000         0x00100000         xr
data             0x00802000         0x0000ffa0         rw !x
eeprom           0x00810000         0x00010000         rw !x
fuse             0x00820000         0x00000400         rw !x
lock             0x00830000         0x00000400         rw !x
signature        0x00840000         0x00000400         rw !x
user_signatures  0x00850000         0x00000400         rw !x
*default*        0x00000000         0xffffffff

Linker script and memory map

LOAD c:/program files (x86)/atmel/atmel toolchain/avr8 gcc/native/3.4.2.1002/avr8-gnu-toolchain/bin/../lib/gcc/avr/4.7.2/../../../../avr/lib/avrxmega2/crtx8e5.o
LOAD SW_SPI/SW_SPI.o
LOAD Ethernet/Eth.o
LOAD Ethernet/socket.o
LOAD Ethernet/W5500/w5500.o
LOAD Ethernet/wizchip_conf.o
LOAD src/ASF/common/services/clock/xmega/sysclk.o
LOAD src/ASF/common/services/ioport/xmega/ioport_compat.o
LOAD src/ASF/common/services/sleepmgr/xmega/sleepmgr.o
LOAD src/ASF/xmega/drivers/cpu/ccp.o
LOAD src/main.o
LOAD src/ASF/common/boards/user_board/init.o
START GROUP
END GROUP
LOAD c:/program files (x86)/atmel/atmel toolchain/avr8 gcc/native/3.4.2.1002/avr8-gnu-toolchain/bin/../lib/gcc/avr/4.7.2/avrxmega2\libgcc.a
LOAD c:/program files (x86)/atmel/atmel toolchain/avr8 gcc/native/3.4.2.1002/avr8-gnu-toolchain/bin/../lib/gcc/avr/4.7.2/../../../../avr/lib/avrxmega2\libc.a
LOAD c:/program files (x86)/atmel/atmel toolchain/avr8 gcc/native/3.4.2.1002/avr8-gnu-toolchain/bin/../lib/gcc/avr/4.7.2/avrxmega2\libgcc.a

.hash
 *(.hash)

.dynsym
 *(.dynsym)

.dynstr
 *(.dynstr)

.gnu.version
 *(.gnu.version)

.gnu.version_d
 *(.gnu.version_d)

.gnu.version_r
 *(.gnu.version_r)

.rel.init
 *(.rel.init)

.rela.init
 *(.rela.init)

.rel.text
 *(.rel.text)
 *(.rel.text.*)
 *(.rel.gnu.linkonce.t*)

.rela.text
 *(.rela.text)
 *(.rela.text.*)
 *(.rela.gnu.linkonce.t*)

.rel.fini
 *(.rel.fini)

.rela.fini
 *(.rela.fini)

.rel.rodata
 *(.rel.rodata)
 *(.rel.rodata.*)
 *(.rel.gnu.linkonce.r*)

.rela.rodata
 *(.rela.rodata)
 *(.rela.rodata.*)
 *(.rela.gnu.linkonce.r*)

.rel.data
 *(.rel.data)
 *(.rel.data.*)
 *(.rel.gnu.linkonce.d*)

.rela.data
 *(.rela.data)
 *(.rela.data.*)
 *(.rela.gnu.linkonce.d*)

.rel.ctors
 *(.rel.ctors)

.rela.ctors
 *(.rela.ctors)

.rel.dtors
 *(.rel.dtors)

.rela.dtors
 *(.rela.dtors)

.rel.got
 *(.rel.got)

.rela.got
 *(.rela.got)

.rel.bss
 *(.rel.bss)

.rela.bss
 *(.rela.bss)

.rel.plt
 *(.rel.plt)

.rela.plt
 *(.rela.plt)

.text           0x00000000      0xc80
 *(.vectors)
 .vectors       0x00000000       0xac c:/program files (x86)/atmel/atmel toolchain/avr8 gcc/native/3.4.2.1002/avr8-gnu-toolchain/bin/../lib/gcc/avr/4.7.2/../../../../avr/lib/avrxmega2/crtx8e5.o
                0x00000000                __vector_default
                0x00000000                __vectors
 *(.vectors)
 *(.progmem.gcc*)
 *(.progmem*)
                0x000000ac                . = ALIGN (0x2)
                0x000000ac                __trampolines_start = .
 *(.trampolines)
 .trampolines   0x000000ac        0x0 linker stubs
 *(.trampolines*)
                0x000000ac                __trampolines_end = .
 *(.jumptables)
 *(.jumptables*)
 *(.lowtext)
 *(.lowtext*)
                0x000000ac                __ctors_start = .
 *(.ctors)
                0x000000ac                __ctors_end = .
                0x000000ac                __dtors_start = .
 *(.dtors)
                0x000000ac                __dtors_end = .
 SORT(*)(.ctors)
 SORT(*)(.dtors)
 *(.init0)
 .init0         0x000000ac        0x0 c:/program files (x86)/atmel/atmel toolchain/avr8 gcc/native/3.4.2.1002/avr8-gnu-toolchain/bin/../lib/gcc/avr/4.7.2/../../../../avr/lib/avrxmega2/crtx8e5.o
                0x000000ac                __init
 *(.init0)
 *(.init1)
 *(.init1)
 *(.init2)
 .init2         0x000000ac        0xc c:/program files (x86)/atmel/atmel toolchain/avr8 gcc/native/3.4.2.1002/avr8-gnu-toolchain/bin/../lib/gcc/avr/4.7.2/../../../../avr/lib/avrxmega2/crtx8e5.o
 *(.init2)
 *(.init3)
 *(.init3)
 *(.init4)
 .init4         0x000000b8       0x16 c:/program files (x86)/atmel/atmel toolchain/avr8 gcc/native/3.4.2.1002/avr8-gnu-toolchain/bin/../lib/gcc/avr/4.7.2/avrxmega2\libgcc.a(_copy_data.o)
                0x000000b8                __do_copy_data
 .init4         0x000000ce       0x10 c:/program files (x86)/atmel/atmel toolchain/avr8 gcc/native/3.4.2.1002/avr8-gnu-toolchain/bin/../lib/gcc/avr/4.7.2/avrxmega2\libgcc.a(_clear_bss.o)
                0x000000ce                __do_clear_bss
 *(.init4)
 *(.init5)
 *(.init5)
 *(.init6)
 *(.init6)
 *(.init7)
 *(.init7)
 *(.init8)
 *(.init8)
 *(.init9)
 .init9         0x000000de        0x4 c:/program files (x86)/atmel/atmel toolchain/avr8 gcc/native/3.4.2.1002/avr8-gnu-toolchain/bin/../lib/gcc/avr/4.7.2/../../../../avr/lib/avrxmega2/crtx8e5.o
 *(.init9)
 *(.text)
 .text          0x000000e2        0x2 c:/program files (x86)/atmel/atmel toolchain/avr8 gcc/native/3.4.2.1002/avr8-gnu-toolchain/bin/../lib/gcc/avr/4.7.2/../../../../avr/lib/avrxmega2/crtx8e5.o
                0x000000e2                __vector_38
                0x000000e2                __vector_22
                0x000000e2                __vector_28
                0x000000e2                __vector_1
                0x000000e2                __vector_32
                0x000000e2                __vector_34
                0x000000e2                __vector_24
                0x000000e2                __vector_12
                0x000000e2                __bad_interrupt
                0x000000e2                __vector_6
                0x000000e2                __vector_31
                0x000000e2                __vector_35
                0x000000e2                __vector_39
                0x000000e2                __vector_3
                0x000000e2                __vector_23
                0x000000e2                __vector_30
                0x000000e2                __vector_25
                0x000000e2                __vector_11
                0x000000e2                __vector_13
                0x000000e2                __vector_17
                0x000000e2                __vector_19
                0x000000e2                __vector_7
                0x000000e2                __vector_41
                0x000000e2                __vector_27
                0x000000e2                __vector_5
                0x000000e2                __vector_33
                0x000000e2                __vector_37
                0x000000e2                __vector_4
                0x000000e2                __vector_9
                0x000000e2                __vector_2
                0x000000e2                __vector_21
                0x000000e2                __vector_15
                0x000000e2                __vector_36
                0x000000e2                __vector_29
                0x000000e2                __vector_40
                0x000000e2                __vector_8
                0x000000e2                __vector_26
                0x000000e2                __vector_14
                0x000000e2                __vector_10
                0x000000e2                __vector_16
                0x000000e2                __vector_18
                0x000000e2                __vector_20
                0x000000e2                __vector_42
                0x000000e4                . = ALIGN (0x2)
 *(.text.*)
 .text.chip_deselect_sw
                0x000000e4        0xa SW_SPI/SW_SPI.o
                0x000000e4                chip_deselect_sw
 .text.chip_select_sw
                0x000000ee        0xa SW_SPI/SW_SPI.o
                0x000000ee                chip_select_sw
 .text.spi_write_sw
                0x000000f8       0x36 SW_SPI/SW_SPI.o
                0x000000f8                spi_write_sw
 .text.spi_read_sw
                0x0000012e       0x3c SW_SPI/SW_SPI.o
                0x0000012e                spi_read_sw
 .text.init_ports
                0x0000016a       0x18 SW_SPI/SW_SPI.o
                0x0000016a                init_ports
 .text.spi_init_sw
                0x00000182        0xc SW_SPI/SW_SPI.o
                0x00000182                spi_init_sw
 .text.w5500_init_io
                0x0000018e       0x10 Ethernet/Eth.o
                0x0000018e                w5500_init_io
 .text.w55500_init
                0x0000019e       0x80 Ethernet/Eth.o
                0x0000019e                w55500_init
 .text.WIZCHIP_READ
                0x0000021e       0x82 Ethernet/W5500/w5500.o
                0x0000021e                WIZCHIP_READ
 .text.WIZCHIP_WRITE
                0x000002a0       0x82 Ethernet/W5500/w5500.o
                0x000002a0                WIZCHIP_WRITE
 .text.WIZCHIP_READ_BUF
                0x00000322       0xa8 Ethernet/W5500/w5500.o
                0x00000322                WIZCHIP_READ_BUF
 .text.WIZCHIP_WRITE_BUF
                0x000003ca       0xaa Ethernet/W5500/w5500.o
                0x000003ca                WIZCHIP_WRITE_BUF
 .text.wizchip_cris_enter
                0x00000474        0x2 Ethernet/wizchip_conf.o
                0x00000474                wizchip_cris_enter
 .text.wizchip_cris_exit
                0x00000476        0x2 Ethernet/wizchip_conf.o
                0x00000476                wizchip_cris_exit
 .text.wizchip_cs_select
                0x00000478        0x2 Ethernet/wizchip_conf.o
                0x00000478                wizchip_cs_select
 .text.wizchip_cs_deselect
                0x0000047a        0x2 Ethernet/wizchip_conf.o
                0x0000047a                wizchip_cs_deselect
 .text.wizchip_bus_readbyte
                0x0000047c        0x6 Ethernet/wizchip_conf.o
                0x0000047c                wizchip_bus_readbyte
 .text.wizchip_bus_writebyte
                0x00000482        0x6 Ethernet/wizchip_conf.o
                0x00000482                wizchip_bus_writebyte
 .text.wizchip_spi_readbyte
                0x00000488        0x4 Ethernet/wizchip_conf.o
                0x00000488                wizchip_spi_readbyte
 .text.wizchip_spi_writebyte
                0x0000048c        0x2 Ethernet/wizchip_conf.o
                0x0000048c                wizchip_spi_writebyte
 .text.reg_wizchip_cs_cbfunc
                0x0000048e       0x36 Ethernet/wizchip_conf.o
                0x0000048e                reg_wizchip_cs_cbfunc
 .text.reg_wizchip_spi_cbfunc
                0x000004c4       0x44 Ethernet/wizchip_conf.o
                0x000004c4                reg_wizchip_spi_cbfunc
 .text.wizchip_sw_reset
                0x00000508       0xcc Ethernet/wizchip_conf.o
                0x00000508                wizchip_sw_reset
 .text.wizchip_init
                0x000005d4       0xb6 Ethernet/wizchip_conf.o
                0x000005d4                wizchip_init
 .text.wizchip_clrinterrupt
                0x0000068a       0x26 Ethernet/wizchip_conf.o
                0x0000068a                wizchip_clrinterrupt
 .text.wizchip_getinterrupt
                0x000006b0       0x28 Ethernet/wizchip_conf.o
                0x000006b0                wizchip_getinterrupt
 .text.wizchip_setinterruptmask
                0x000006d8       0x1e Ethernet/wizchip_conf.o
                0x000006d8                wizchip_setinterruptmask
 .text.wizchip_getinterruptmask
                0x000006f6       0x26 Ethernet/wizchip_conf.o
                0x000006f6                wizchip_getinterruptmask
 .text.wizphy_getphylink
                0x0000071c        0xe Ethernet/wizchip_conf.o
                0x0000071c                wizphy_getphylink
 .text.wizphy_getphypmode
                0x0000072a       0x16 Ethernet/wizchip_conf.o
                0x0000072a                wizphy_getphypmode
 .text.wizphy_reset
                0x00000740       0x30 Ethernet/wizchip_conf.o
                0x00000740                wizphy_reset
 .text.wizphy_setphyconf
                0x00000770       0x3e Ethernet/wizchip_conf.o
                0x00000770                wizphy_setphyconf
 .text.wizphy_getphyconf
                0x000007ae       0x58 Ethernet/wizchip_conf.o
                0x000007ae                wizphy_getphyconf
 .text.wizphy_setphypmode
                0x00000806       0x4e Ethernet/wizchip_conf.o
                0x00000806                wizphy_setphypmode
 .text.ctlwizchip
                0x00000854      0x122 Ethernet/wizchip_conf.o
                0x00000854                ctlwizchip
 .text.wizchip_setnetinfo
                0x00000976       0x76 Ethernet/wizchip_conf.o
                0x00000976                wizchip_setnetinfo
 .text.wizchip_getnetinfo
                0x000009ec       0x76 Ethernet/wizchip_conf.o
                0x000009ec                wizchip_getnetinfo
 .text.wizchip_setnetmode
                0x00000a62       0x26 Ethernet/wizchip_conf.o
                0x00000a62                wizchip_setnetmode
 .text.wizchip_getnetmode
                0x00000a88        0x8 Ethernet/wizchip_conf.o
                0x00000a88                wizchip_getnetmode
 .text.wizchip_settimeout
                0x00000a90       0x2e Ethernet/wizchip_conf.o
                0x00000a90                wizchip_settimeout
 .text.wizchip_gettimeout
                0x00000abe       0x3e Ethernet/wizchip_conf.o
                0x00000abe                wizchip_gettimeout
 .text.ctlnetwork
                0x00000afc       0x52 Ethernet/wizchip_conf.o
                0x00000afc                ctlnetwork
 .text.sysclk_init
                0x00000b4e       0x50 src/ASF/common/services/clock/xmega/sysclk.o
                0x00000b4e                sysclk_init
 .text.ccp_write_io
                0x00000b9e        0xc src/ASF/xmega/drivers/cpu/ccp.o
                0x00000b9e                ccp_write_io
 .text.ioport_set_pin_mode.constprop.0
                0x00000baa       0x2e src/main.o
 .text.__portable_avr_delay_cycles.constprop.2
                0x00000bd8       0x12 src/main.o
 .text.startup.main
                0x00000bea       0x7e src/main.o
                0x00000bea                main
 .text.board_init
                0x00000c68       0x14 src/ASF/common/boards/user_board/init.o
                0x00000c68                board_init
                0x00000c7c                . = ALIGN (0x2)
 *(.fini9)
 .fini9         0x00000c7c        0x0 c:/program files (x86)/atmel/atmel toolchain/avr8 gcc/native/3.4.2.1002/avr8-gnu-toolchain/bin/../lib/gcc/avr/4.7.2/avrxmega2\libgcc.a(_exit.o)
                0x00000c7c                _exit
                0x00000c7c                exit
 *(.fini9)
 *(.fini8)
 *(.fini8)
 *(.fini7)
 *(.fini7)
 *(.fini6)
 *(.fini6)
 *(.fini5)
 *(.fini5)
 *(.fini4)
 *(.fini4)
 *(.fini3)
 *(.fini3)
 *(.fini2)
 *(.fini2)
 *(.fini1)
 *(.fini1)
 *(.fini0)
 .fini0         0x00000c7c        0x4 c:/program files (x86)/atmel/atmel toolchain/avr8 gcc/native/3.4.2.1002/avr8-gnu-toolchain/bin/../lib/gcc/avr/4.7.2/avrxmega2\libgcc.a(_exit.o)
 *(.fini0)
                0x00000c80                _etext = .

.data           0x00802000       0x3c load address 0x00000c80
                0x00802000                PROVIDE (__data_start, .)
 *(.data)
 .data          0x00802000        0x0 c:/program files (x86)/atmel/atmel toolchain/avr8 gcc/native/3.4.2.1002/avr8-gnu-toolchain/bin/../lib/gcc/avr/4.7.2/../../../../avr/lib/avrxmega2/crtx8e5.o
 .data          0x00802000        0x0 SW_SPI/SW_SPI.o
 .data          0x00802000        0x0 Ethernet/Eth.o
 .data          0x00802000        0x0 Ethernet/socket.o
 .data          0x00802000        0x0 Ethernet/W5500/w5500.o
 .data          0x00802000        0x0 Ethernet/wizchip_conf.o
 .data          0x00802000        0x0 src/ASF/common/services/clock/xmega/sysclk.o
 .data          0x00802000        0x0 src/ASF/common/services/ioport/xmega/ioport_compat.o
 .data          0x00802000        0x0 src/ASF/common/services/sleepmgr/xmega/sleepmgr.o
 .data          0x00802000        0x0 src/ASF/xmega/drivers/cpu/ccp.o
 .data          0x00802000        0x0 src/main.o
 .data          0x00802000        0x0 src/ASF/common/boards/user_board/init.o
 .data          0x00802000        0x0 c:/program files (x86)/atmel/atmel toolchain/avr8 gcc/native/3.4.2.1002/avr8-gnu-toolchain/bin/../lib/gcc/avr/4.7.2/avrxmega2\libgcc.a(_exit.o)
 .data          0x00802000        0x0 c:/program files (x86)/atmel/atmel toolchain/avr8 gcc/native/3.4.2.1002/avr8-gnu-toolchain/bin/../lib/gcc/avr/4.7.2/avrxmega2\libgcc.a(_copy_data.o)
 .data          0x00802000        0x0 c:/program files (x86)/atmel/atmel toolchain/avr8 gcc/native/3.4.2.1002/avr8-gnu-toolchain/bin/../lib/gcc/avr/4.7.2/avrxmega2\libgcc.a(_clear_bss.o)
 *(.data*)
 .data.WIZCHIP  0x00802000       0x14 Ethernet/wizchip_conf.o
                0x00802000                WIZCHIP
 *(.rodata)
 .rodata        0x00802014       0x10 Ethernet/Eth.o
 .rodata        0x00802024       0x17 src/main.o
 *(.rodata*)
 *(.gnu.linkonce.d*)
                0x0080203c                . = ALIGN (0x2)
 *fill*         0x0080203b        0x1 
                0x0080203c                _edata = .
                0x0080203c                PROVIDE (__data_end, .)

.bss            0x0080203c        0xb
                0x0080203c                PROVIDE (__bss_start, .)
 *(.bss)
 *(.bss*)
 .bss._DNS_     0x0080203c        0x4 Ethernet/wizchip_conf.o
 .bss._DHCP_    0x00802040        0x1 Ethernet/wizchip_conf.o
 *(COMMON)
 COMMON         0x00802041        0x6 src/ASF/common/services/sleepmgr/xmega/sleepmgr.o
                0x00802041                sleepmgr_locks
                0x00802047                PROVIDE (__bss_end, .)
                0x00000c80                __data_load_start = LOADADDR (.data)
                0x00000cbc                __data_load_end = (__data_load_start + SIZEOF (.data))

.noinit         0x00802047        0x0
                0x00802047                PROVIDE (__noinit_start, .)
 *(.noinit*)
                0x00802047                PROVIDE (__noinit_end, .)
                0x00802047                _end = .
                0x00802047                PROVIDE (__heap_start, .)

.eeprom         0x00810000        0x0
 *(.eeprom*)
                0x00810000                __eeprom_end = .

.fuse
 *(.fuse)
 *(.lfuse)
 *(.hfuse)
 *(.efuse)

.lock
 *(.lock*)

.signature
 *(.signature*)

.user_signatures
 *(.user_signatures*)

.stab           0x00000000      0x6cc
 *(.stab)
 .stab          0x00000000      0x6cc c:/program files (x86)/atmel/atmel toolchain/avr8 gcc/native/3.4.2.1002/avr8-gnu-toolchain/bin/../lib/gcc/avr/4.7.2/../../../../avr/lib/avrxmega2/crtx8e5.o

.stabstr        0x00000000       0x97
 *(.stabstr)
 .stabstr       0x00000000       0x97 c:/program files (x86)/atmel/atmel toolchain/avr8 gcc/native/3.4.2.1002/avr8-gnu-toolchain/bin/../lib/gcc/avr/4.7.2/../../../../avr/lib/avrxmega2/crtx8e5.o

.stab.excl
 *(.stab.excl)

.stab.exclstr
 *(.stab.exclstr)

.stab.index
 *(.stab.index)

.stab.indexstr
 *(.stab.indexstr)

.comment        0x00000000       0x2f
 *(.comment)
 .comment       0x00000000       0x2f SW_SPI/SW_SPI.o
                                 0x30 (size before relaxing)
 .comment       0x00000000       0x30 Ethernet/Eth.o
 .comment       0x00000000       0x30 Ethernet/socket.o
 .comment       0x00000000       0x30 Ethernet/W5500/w5500.o
 .comment       0x00000000       0x30 Ethernet/wizchip_conf.o
 .comment       0x00000000       0x30 src/ASF/common/services/clock/xmega/sysclk.o
 .comment       0x00000000       0x30 src/ASF/common/services/ioport/xmega/ioport_compat.o
 .comment       0x00000000       0x30 src/ASF/common/services/sleepmgr/xmega/sleepmgr.o
 .comment       0x00000000       0x30 src/main.o
 .comment       0x00000000       0x30 src/ASF/common/boards/user_board/init.o

.debug
 *(.debug)

.line
 *(.line)

.debug_srcinfo
 *(.debug_srcinfo)

.debug_sfnames
 *(.debug_sfnames)

.debug_aranges  0x00000000      0x360
 *(.debug_aranges)
 .debug_aranges
                0x00000000       0x48 SW_SPI/SW_SPI.o
 .debug_aranges
                0x00000048       0x40 Ethernet/Eth.o
 .debug_aranges
                0x00000088       0x78 Ethernet/socket.o
 .debug_aranges
                0x00000100       0x60 Ethernet/W5500/w5500.o
 .debug_aranges
                0x00000160      0x120 Ethernet/wizchip_conf.o
 .debug_aranges
                0x00000280       0x30 src/ASF/common/services/clock/xmega/sysclk.o
 .debug_aranges
                0x000002b0       0x20 src/ASF/common/services/ioport/xmega/ioport_compat.o
 .debug_aranges
                0x000002d0       0x18 src/ASF/common/services/sleepmgr/xmega/sleepmgr.o
 .debug_aranges
                0x000002e8       0x20 src/ASF/xmega/drivers/cpu/ccp.o
 .debug_aranges
                0x00000308       0x38 src/main.o
 .debug_aranges
                0x00000340       0x20 src/ASF/common/boards/user_board/init.o

.debug_pubnames
 *(.debug_pubnames)

.debug_info     0x00000000     0x609c
 *(.debug_info)
 .debug_info    0x00000000      0xbfe SW_SPI/SW_SPI.o
 .debug_info    0x00000bfe      0x9b8 Ethernet/Eth.o
 .debug_info    0x000015b6     0x159e Ethernet/socket.o
 .debug_info    0x00002b54      0x815 Ethernet/W5500/w5500.o
 .debug_info    0x00003369     0x1543 Ethernet/wizchip_conf.o
 .debug_info    0x000048ac      0x6a3 src/ASF/common/services/clock/xmega/sysclk.o
 .debug_info    0x00004f4f      0x11c src/ASF/common/services/ioport/xmega/ioport_compat.o
 .debug_info    0x0000506b      0x121 src/ASF/common/services/sleepmgr/xmega/sleepmgr.o
 .debug_info    0x0000518c       0x9a src/ASF/xmega/drivers/cpu/ccp.o
 .debug_info    0x00005226      0xbed src/main.o
 .debug_info    0x00005e13      0x289 src/ASF/common/boards/user_board/init.o
 *(.gnu.linkonce.wi.*)

.debug_abbrev   0x00000000     0x13eb
 *(.debug_abbrev)
 .debug_abbrev  0x00000000      0x269 SW_SPI/SW_SPI.o
 .debug_abbrev  0x00000269      0x30c Ethernet/Eth.o
 .debug_abbrev  0x00000575      0x1be Ethernet/socket.o
 .debug_abbrev  0x00000733      0x20b Ethernet/W5500/w5500.o
 .debug_abbrev  0x0000093e      0x375 Ethernet/wizchip_conf.o
 .debug_abbrev  0x00000cb3      0x267 src/ASF/common/services/clock/xmega/sysclk.o
 .debug_abbrev  0x00000f1a       0xa2 src/ASF/common/services/ioport/xmega/ioport_compat.o
 .debug_abbrev  0x00000fbc       0x80 src/ASF/common/services/sleepmgr/xmega/sleepmgr.o
 .debug_abbrev  0x0000103c       0x14 src/ASF/xmega/drivers/cpu/ccp.o
 .debug_abbrev  0x00001050      0x2cf src/main.o
 .debug_abbrev  0x0000131f       0xcc src/ASF/common/boards/user_board/init.o

.debug_line     0x00000000     0x4a48
 *(.debug_line)
 .debug_line    0x00000000      0x8a3 SW_SPI/SW_SPI.o
 .debug_line    0x000008a3      0x973 Ethernet/Eth.o
 .debug_line    0x00001216      0xa50 Ethernet/socket.o
 .debug_line    0x00001c66      0x48b Ethernet/W5500/w5500.o
 .debug_line    0x000020f1      0x907 Ethernet/wizchip_conf.o
 .debug_line    0x000029f8      0x5d0 src/ASF/common/services/clock/xmega/sysclk.o
 .debug_line    0x00002fc8      0x4d3 src/ASF/common/services/ioport/xmega/ioport_compat.o
 .debug_line    0x0000349b      0x47a src/ASF/common/services/sleepmgr/xmega/sleepmgr.o
 .debug_line    0x00003915       0x6e src/ASF/xmega/drivers/cpu/ccp.o
 .debug_line    0x00003983      0x95b src/main.o
 .debug_line    0x000042de      0x76a src/ASF/common/boards/user_board/init.o

.debug_frame    0x00000000      0xb44
 *(.debug_frame)
 .debug_frame   0x00000000       0x74 SW_SPI/SW_SPI.o
 .debug_frame   0x00000074       0x80 Ethernet/Eth.o
 .debug_frame   0x000000f4      0x3b8 Ethernet/socket.o
 .debug_frame   0x000004ac      0x2b8 Ethernet/W5500/w5500.o
 .debug_frame   0x00000764      0x2f0 Ethernet/wizchip_conf.o
 .debug_frame   0x00000a54       0x44 src/ASF/common/services/clock/xmega/sysclk.o
 .debug_frame   0x00000a98       0x24 src/ASF/common/services/ioport/xmega/ioport_compat.o
 .debug_frame   0x00000abc       0x64 src/main.o
 .debug_frame   0x00000b20       0x24 src/ASF/common/boards/user_board/init.o

.debug_str      0x00000000    0x288e6
 *(.debug_str)
 .debug_str     0x00000000    0x245ae SW_SPI/SW_SPI.o
                              0x24b0f (size before relaxing)
 .debug_str     0x000245ae     0x30f0 Ethernet/Eth.o
                              0x27b5e (size before relaxing)
 .debug_str     0x0002769e      0x7c6 Ethernet/socket.o
                               0x51ff (size before relaxing)
 .debug_str     0x00027e64       0xf3 Ethernet/W5500/w5500.o
                               0x4bc2 (size before relaxing)
 .debug_str     0x00027f57      0x40f Ethernet/wizchip_conf.o
                               0x50ef (size before relaxing)
 .debug_str     0x00028366      0x26f src/ASF/common/services/clock/xmega/sysclk.o
                              0x23c00 (size before relaxing)
 .debug_str     0x000285d5       0x77 src/ASF/common/services/ioport/xmega/ioport_compat.o
                              0x22e64 (size before relaxing)
 .debug_str     0x0002864c       0xb3 src/ASF/common/services/sleepmgr/xmega/sleepmgr.o
                              0x22c8a (size before relaxing)
 .debug_str     0x000286ff      0x1bc src/main.o
                              0x27d69 (size before relaxing)
 .debug_str     0x000288bb       0x2b src/ASF/common/boards/user_board/init.o
                              0x248b6 (size before relaxing)

.debug_loc      0x00000000     0x3dc8
 *(.debug_loc)
 .debug_loc     0x00000000       0xe5 SW_SPI/SW_SPI.o
 .debug_loc     0x000000e5       0xd7 Ethernet/Eth.o
 .debug_loc     0x000001bc     0x1a83 Ethernet/socket.o
 .debug_loc     0x00001c3f      0xddb Ethernet/W5500/w5500.o
 .debug_loc     0x00002a1a     0x106c Ethernet/wizchip_conf.o
 .debug_loc     0x00003a86      0x161 src/ASF/common/services/clock/xmega/sysclk.o
 .debug_loc     0x00003be7       0x5a src/ASF/common/services/ioport/xmega/ioport_compat.o
 .debug_loc     0x00003c41      0x187 src/main.o

.debug_macinfo
 *(.debug_macinfo)

.debug_pubtypes
 *(.debug_pubtypes)

.debug_ranges   0x00000000      0x3b8
 *(.debug_ranges)
 .debug_ranges  0x00000000      0x158 SW_SPI/SW_SPI.o
 .debug_ranges  0x00000158       0x30 Ethernet/Eth.o
 .debug_ranges  0x00000188       0x68 Ethernet/socket.o
 .debug_ranges  0x000001f0       0x50 Ethernet/W5500/w5500.o
 .debug_ranges  0x00000240      0x110 Ethernet/wizchip_conf.o
 .debug_ranges  0x00000350       0x20 src/ASF/common/services/clock/xmega/sysclk.o
 .debug_ranges  0x00000370       0x10 src/ASF/common/services/ioport/xmega/ioport_compat.o
 .debug_ranges  0x00000380       0x28 src/main.o
 .debug_ranges  0x000003a8       0x10 src/ASF/common/boards/user_board/init.o

.debug_macro    0x00000000     0xa3f9
 *(.debug_macro)
 .debug_macro   0x00000000      0x293 SW_SPI/SW_SPI.o
 .debug_macro   0x00000293      0x5bc SW_SPI/SW_SPI.o
 .debug_macro   0x0000084f       0x10 SW_SPI/SW_SPI.o
 .debug_macro   0x0000085f      0x1ad SW_SPI/SW_SPI.o
 .debug_macro   0x00000a0c      0x293 SW_SPI/SW_SPI.o
 .debug_macro   0x00000c9f       0x9e SW_SPI/SW_SPI.o
 .debug_macro   0x00000d3d     0x62dd SW_SPI/SW_SPI.o
 .debug_macro   0x0000701a       0x9a SW_SPI/SW_SPI.o
 .debug_macro   0x000070b4       0xf1 SW_SPI/SW_SPI.o
 .debug_macro   0x000071a5       0x34 SW_SPI/SW_SPI.o
 .debug_macro   0x000071d9       0x18 SW_SPI/SW_SPI.o
 .debug_macro   0x000071f1       0x5e SW_SPI/SW_SPI.o
 .debug_macro   0x0000724f       0x22 SW_SPI/SW_SPI.o
 .debug_macro   0x00007271       0x10 SW_SPI/SW_SPI.o
 .debug_macro   0x00007281       0x22 SW_SPI/SW_SPI.o
 .debug_macro   0x000072a3      0x16c SW_SPI/SW_SPI.o
 .debug_macro   0x0000740f       0x1c SW_SPI/SW_SPI.o
 .debug_macro   0x0000742b       0x35 SW_SPI/SW_SPI.o
 .debug_macro   0x00007460       0x51 SW_SPI/SW_SPI.o
 .debug_macro   0x000074b1      0x2ee SW_SPI/SW_SPI.o
 .debug_macro   0x0000779f       0x97 SW_SPI/SW_SPI.o
 .debug_macro   0x00007836       0x17 SW_SPI/SW_SPI.o
 .debug_macro   0x0000784d      0x250 SW_SPI/SW_SPI.o
 .debug_macro   0x00007a9d       0x76 SW_SPI/SW_SPI.o
 .debug_macro   0x00007b13       0x16 SW_SPI/SW_SPI.o
 .debug_macro   0x00007b29      0x6e0 SW_SPI/SW_SPI.o
 .debug_macro   0x00008209       0x10 SW_SPI/SW_SPI.o
 .debug_macro   0x00008219      0x160 SW_SPI/SW_SPI.o
 .debug_macro   0x00008379       0x40 SW_SPI/SW_SPI.o
 .debug_macro   0x000083b9       0x69 SW_SPI/SW_SPI.o
 .debug_macro   0x00008422       0x32 SW_SPI/SW_SPI.o
 .debug_macro   0x00008454       0xe4 SW_SPI/SW_SPI.o
 .debug_macro   0x00008538       0x34 SW_SPI/SW_SPI.o
 .debug_macro   0x0000856c       0x1c SW_SPI/SW_SPI.o
 .debug_macro   0x00008588      0x1e3 SW_SPI/SW_SPI.o
 .debug_macro   0x0000876b       0x6c SW_SPI/SW_SPI.o
 .debug_macro   0x000087d7       0x2f SW_SPI/SW_SPI.o
 .debug_macro   0x00008806      0x169 SW_SPI/SW_SPI.o
 .debug_macro   0x0000896f       0x28 SW_SPI/SW_SPI.o
 .debug_macro   0x00008997       0x22 SW_SPI/SW_SPI.o
 .debug_macro   0x000089b9       0x7c SW_SPI/SW_SPI.o
 .debug_macro   0x00008a35      0x10f SW_SPI/SW_SPI.o
 .debug_macro   0x00008b44       0x40 SW_SPI/SW_SPI.o
 .debug_macro   0x00008b84       0x5e SW_SPI/SW_SPI.o
 .debug_macro   0x00008be2       0x10 SW_SPI/SW_SPI.o
 .debug_macro   0x00008bf2      0x2ea Ethernet/Eth.o
 .debug_macro   0x00008edc       0x46 Ethernet/Eth.o
 .debug_macro   0x00008f22       0x66 Ethernet/Eth.o
 .debug_macro   0x00008f88      0x5d9 Ethernet/Eth.o
 .debug_macro   0x00009561       0x10 Ethernet/Eth.o
 .debug_macro   0x00009571       0x10 Ethernet/Eth.o
 .debug_macro   0x00009581      0x16d Ethernet/Eth.o
 .debug_macro   0x000096ee       0x4b Ethernet/Eth.o
 .debug_macro   0x00009739       0x1c Ethernet/Eth.o
 .debug_macro   0x00009755       0x78 Ethernet/socket.o
 .debug_macro   0x000097cd       0x40 Ethernet/socket.o
 .debug_macro   0x0000980d       0xcd Ethernet/socket.o
 .debug_macro   0x000098da       0x5d Ethernet/W5500/w5500.o
 .debug_macro   0x00009937       0x4b Ethernet/wizchip_conf.o
 .debug_macro   0x00009982      0x1d3 src/ASF/common/services/clock/xmega/sysclk.o
 .debug_macro   0x00009b55      0x189 src/ASF/common/services/ioport/xmega/ioport_compat.o
 .debug_macro   0x00009cde      0x199 src/ASF/common/services/sleepmgr/xmega/sleepmgr.o
 .debug_macro   0x00009e77      0x2f8 src/main.o
 .debug_macro   0x0000a16f      0x28a src/ASF/common/boards/user_board/init.o
OUTPUT(W5500_WebServer.elf elf32-avr)
LOAD linker stubs
