Archive member included because of file (symbol)

c:/program files (x86)/atmel/atmel toolchain/avr8 gcc/native/3.4.1051/avr8-gnu-toolchain/bin/../lib/gcc/avr/4.8.1/avrxmega2\libgcc.a(_udivmodsi4.o)
                              src/ASF/xmega/drivers/usart/usart.o (__udivmodsi4)
c:/program files (x86)/atmel/atmel toolchain/avr8 gcc/native/3.4.1051/avr8-gnu-toolchain/bin/../lib/gcc/avr/4.8.1/avrxmega2\libgcc.a(_exit.o)
                              c:/program files (x86)/atmel/atmel toolchain/avr8 gcc/native/3.4.1051/avr8-gnu-toolchain/bin/../lib/gcc/avr/4.8.1/../../../../avr/lib/avrxmega2/crtx8e5.o (exit)
c:/program files (x86)/atmel/atmel toolchain/avr8 gcc/native/3.4.1051/avr8-gnu-toolchain/bin/../lib/gcc/avr/4.8.1/avrxmega2\libgcc.a(_tablejump.o)
                              Ethernet/socket.o (__tablejump2__)
c:/program files (x86)/atmel/atmel toolchain/avr8 gcc/native/3.4.1051/avr8-gnu-toolchain/bin/../lib/gcc/avr/4.8.1/avrxmega2\libgcc.a(_copy_data.o)
                              Samples/TCP_2_USART.o (__do_copy_data)
c:/program files (x86)/atmel/atmel toolchain/avr8 gcc/native/3.4.1051/avr8-gnu-toolchain/bin/../lib/gcc/avr/4.8.1/avrxmega2\libgcc.a(_clear_bss.o)
                              Samples/TCP_2_USART.o (__do_clear_bss)

Allocating common symbols
Common symbol       size              file

fifo_desc           0x6               Samples/TCP_2_USART.o
fifo_buffer         0x80              Samples/TCP_2_USART.o
fifo_buffer_usart_tx
                    0x80              Samples/TCP_2_USART.o
fifo_desc_usart_tx  0x6               Samples/TCP_2_USART.o
sleepmgr_locks      0x6               src/ASF/common/services/sleepmgr/xmega/sleepmgr.o

Discarded input sections

 .bss           0x00000000        0x0 c:/program files (x86)/atmel/atmel toolchain/avr8 gcc/native/3.4.1051/avr8-gnu-toolchain/bin/../lib/gcc/avr/4.8.1/../../../../avr/lib/avrxmega2/crtx8e5.o
 .group         0x00000000        0x8 Samples/TCP_2_USART.o
 .group         0x00000000        0x8 Samples/TCP_2_USART.o
 .group         0x00000000        0x8 Samples/TCP_2_USART.o
 .group         0x00000000        0x8 Samples/TCP_2_USART.o
 .group         0x00000000        0x8 Samples/TCP_2_USART.o
 .group         0x00000000        0x8 Samples/TCP_2_USART.o
 .group         0x00000000        0x8 Samples/TCP_2_USART.o
 .group         0x00000000        0x8 Samples/TCP_2_USART.o
 .group         0x00000000        0x8 Samples/TCP_2_USART.o
 .group         0x00000000        0x8 Samples/TCP_2_USART.o
 .group         0x00000000        0x8 Samples/TCP_2_USART.o
 .group         0x00000000        0x8 Samples/TCP_2_USART.o
 .group         0x00000000        0x8 Samples/TCP_2_USART.o
 .group         0x00000000        0x8 Samples/TCP_2_USART.o
 .group         0x00000000        0x8 Samples/TCP_2_USART.o
 .group         0x00000000        0x8 Samples/TCP_2_USART.o
 .group         0x00000000        0x8 Samples/TCP_2_USART.o
 .group         0x00000000        0x8 Samples/TCP_2_USART.o
 .group         0x00000000        0x8 Samples/TCP_2_USART.o
 .group         0x00000000        0x8 Samples/TCP_2_USART.o
 .group         0x00000000        0x8 Samples/TCP_2_USART.o
 .group         0x00000000        0x8 Samples/TCP_2_USART.o
 .group         0x00000000        0x8 Samples/TCP_2_USART.o
 .group         0x00000000        0x8 Samples/TCP_2_USART.o
 .group         0x00000000        0x8 Samples/TCP_2_USART.o
 .group         0x00000000        0x8 Samples/TCP_2_USART.o
 .group         0x00000000        0x8 Samples/TCP_2_USART.o
 .group         0x00000000        0x8 Samples/TCP_2_USART.o
 .group         0x00000000        0x8 Samples/TCP_2_USART.o
 .group         0x00000000        0x8 Samples/TCP_2_USART.o
 .group         0x00000000        0x8 Samples/TCP_2_USART.o
 .group         0x00000000        0x8 Samples/TCP_2_USART.o
 .group         0x00000000        0x8 Samples/TCP_2_USART.o
 .group         0x00000000        0x8 Samples/TCP_2_USART.o
 .group         0x00000000        0x8 Samples/TCP_2_USART.o
 .group         0x00000000        0x8 Samples/TCP_2_USART.o
 .group         0x00000000        0x8 Samples/TCP_2_USART.o
 .group         0x00000000        0x8 Samples/TCP_2_USART.o
 .group         0x00000000        0x8 Samples/TCP_2_USART.o
 .group         0x00000000        0x8 Samples/TCP_2_USART.o
 .group         0x00000000        0x8 Samples/TCP_2_USART.o
 .group         0x00000000        0x8 Samples/TCP_2_USART.o
 .group         0x00000000        0x8 Samples/TCP_2_USART.o
 .group         0x00000000        0x8 Samples/TCP_2_USART.o
 .group         0x00000000        0x8 Samples/TCP_2_USART.o
 .group         0x00000000        0x8 Samples/TCP_2_USART.o
 .group         0x00000000        0x8 Samples/TCP_2_USART.o
 .group         0x00000000        0x8 Samples/TCP_2_USART.o
 .group         0x00000000        0x8 Samples/TCP_2_USART.o
 .group         0x00000000        0x8 Samples/TCP_2_USART.o
[...]
Memory Configuration

Name             Origin             Length             Attributes
text             0x00000000         0x00100000         xr
data             0x00802000         0x0000ffa0         rw !x
eeprom           0x00810000         0x00010000         rw !x
fuse             0x00820000         0x00000400         rw !x
lock             0x00830000         0x00000400         rw !x
signature        0x00840000         0x00000400         rw !x
user_signatures  0x00850000         0x00000400         rw !x
*default*        0x00000000         0xffffffff

Linker script and memory map

LOAD c:/program files (x86)/atmel/atmel toolchain/avr8 gcc/native/3.4.1051/avr8-gnu-toolchain/bin/../lib/gcc/avr/4.8.1/../../../../avr/lib/avrxmega2/crtx8e5.o
LOAD Samples/TCP_2_USART.o
LOAD src/ASF/common/services/fifo/fifo.o
LOAD src/ASF/xmega/drivers/usart/usart.o
LOAD src/main.o
LOAD SW_SPI/SW_SPI.o
LOAD Ethernet/Eth.o
LOAD Ethernet/socket.o
LOAD Ethernet/W5500/w5500.o
LOAD Ethernet/wizchip_conf.o
LOAD src/ASF/common/services/clock/xmega/sysclk.o
LOAD src/ASF/common/services/ioport/xmega/ioport_compat.o
LOAD src/ASF/common/services/sleepmgr/xmega/sleepmgr.o
LOAD src/ASF/xmega/drivers/cpu/ccp.o
LOAD src/ASF/common/boards/user_board/init.o
START GROUP
END GROUP
START GROUP
LOAD c:/program files (x86)/atmel/atmel toolchain/avr8 gcc/native/3.4.1051/avr8-gnu-toolchain/bin/../lib/gcc/avr/4.8.1/avrxmega2\libgcc.a
LOAD c:/program files (x86)/atmel/atmel toolchain/avr8 gcc/native/3.4.1051/avr8-gnu-toolchain/bin/../lib/gcc/avr/4.8.1/../../../../avr/lib/avrxmega2\libm.a
LOAD c:/program files (x86)/atmel/atmel toolchain/avr8 gcc/native/3.4.1051/avr8-gnu-toolchain/bin/../lib/gcc/avr/4.8.1/../../../../avr/lib/avrxmega2\libc.a
END GROUP

.hash
 *(.hash)

.dynsym
 *(.dynsym)

.dynstr
 *(.dynstr)

.gnu.version
 *(.gnu.version)

.gnu.version_d
 *(.gnu.version_d)

.gnu.version_r
 *(.gnu.version_r)

.rel.init
 *(.rel.init)

.rela.init
 *(.rela.init)

.rel.text
 *(.rel.text)
 *(.rel.text.*)
 *(.rel.gnu.linkonce.t*)

.rela.text
 *(.rela.text)
 *(.rela.text.*)
 *(.rela.gnu.linkonce.t*)

.rel.fini
 *(.rel.fini)

.rela.fini
 *(.rela.fini)

.rel.rodata
 *(.rel.rodata)
 *(.rel.rodata.*)
 *(.rel.gnu.linkonce.r*)

.rela.rodata
 *(.rela.rodata)
 *(.rela.rodata.*)
 *(.rela.gnu.linkonce.r*)

.rel.data
 *(.rel.data)
 *(.rel.data.*)
 *(.rel.gnu.linkonce.d*)

.rela.data
 *(.rela.data)
 *(.rela.data.*)
 *(.rela.gnu.linkonce.d*)

.rel.ctors
 *(.rel.ctors)

.rela.ctors
 *(.rela.ctors)

.rel.dtors
 *(.rel.dtors)

.rela.dtors
 *(.rela.dtors)

.rel.got
 *(.rel.got)

.rela.got
 *(.rela.got)

.rel.bss
 *(.rel.bss)

.rela.bss
 *(.rela.bss)

.rel.plt
 *(.rel.plt)

.rela.plt
 *(.rela.plt)

.text           0x00000000     0x1fbe
 *(.vectors)
 .vectors       0x00000000       0xac c:/program files (x86)/atmel/atmel toolchain/avr8 gcc/native/3.4.1051/avr8-gnu-toolchain/bin/../lib/gcc/avr/4.8.1/../../../../avr/lib/avrxmega2/crtx8e5.o
                0x00000000                __vectors
 *(.vectors)
 *(.progmem.gcc*)
 .progmem.gcc_sw_table.ctlwizchip
                0x000000ac       0x20 Ethernet/wizchip_conf.o
                0x000000cc                . = ALIGN (0x2)
                0x000000cc                __trampolines_start = .
 *(.trampolines)
 .trampolines   0x000000cc        0x0 linker stubs
 *(.trampolines*)
                0x000000cc                __trampolines_end = .
 *(.progmem*)
                0x000000cc                . = ALIGN (0x2)
 *(.jumptables)
 *(.jumptables*)
 *(.lowtext)
 *(.lowtext*)
                0x000000cc                __ctors_start = .
 *(.ctors)
                0x000000cc                __ctors_end = .
                0x000000cc                __dtors_start = .
 *(.dtors)
                0x000000cc                __dtors_end = .
 SORT(*)(.ctors)
 SORT(*)(.dtors)
 *(.init0)
 .init0         0x000000cc        0x0 c:/program files (x86)/atmel/atmel toolchain/avr8 gcc/native/3.4.1051/avr8-gnu-toolchain/bin/../lib/gcc/avr/4.8.1/../../../../avr/lib/avrxmega2/crtx8e5.o
                0x000000cc                __init
 *(.init0)
 *(.init1)
 *(.init1)
 *(.init2)
 .init2         0x000000cc        0xc c:/program files (x86)/atmel/atmel toolchain/avr8 gcc/native/3.4.1051/avr8-gnu-toolchain/bin/../lib/gcc/avr/4.8.1/../../../../avr/lib/avrxmega2/crtx8e5.o
 *(.init2)
 *(.init3)
 *(.init3)
 *(.init4)
 .init4         0x000000d8       0x16 c:/program files (x86)/atmel/atmel toolchain/avr8 gcc/native/3.4.1051/avr8-gnu-toolchain/bin/../lib/gcc/avr/4.8.1/avrxmega2\libgcc.a(_copy_data.o)
                0x000000d8                __do_copy_data
 .init4         0x000000ee       0x10 c:/program files (x86)/atmel/atmel toolchain/avr8 gcc/native/3.4.1051/avr8-gnu-toolchain/bin/../lib/gcc/avr/4.8.1/avrxmega2\libgcc.a(_clear_bss.o)
                0x000000ee                __do_clear_bss
 *(.init4)
 *(.init5)
 *(.init5)
 *(.init6)
 *(.init6)
 *(.init7)
 *(.init7)
 *(.init8)
 *(.init8)
 *(.init9)
 .init9         0x000000fe        0x6 c:/program files (x86)/atmel/atmel toolchain/avr8 gcc/native/3.4.1051/avr8-gnu-toolchain/bin/../lib/gcc/avr/4.8.1/../../../../avr/lib/avrxmega2/crtx8e5.o
 *(.init9)
 *(.text)
 .text          0x00000104        0x2 c:/program files (x86)/atmel/atmel toolchain/avr8 gcc/native/3.4.1051/avr8-gnu-toolchain/bin/../lib/gcc/avr/4.8.1/../../../../avr/lib/avrxmega2/crtx8e5.o
                0x00000104                __vector_38
                0x00000104                __vector_22
                0x00000104                __vector_28
                0x00000104                __vector_1
                0x00000104                __vector_32
                0x00000104                __vector_34
                0x00000104                __vector_24
                0x00000104                __vector_12
                0x00000104                __bad_interrupt
                0x00000104                __vector_6
                0x00000104                __vector_31
                0x00000104                __vector_35
                0x00000104                __vector_39
                0x00000104                __vector_3
                0x00000104                __vector_23
                0x00000104                __vector_30
                0x00000104                __vector_25
                0x00000104                __vector_11
                0x00000104                __vector_13
                0x00000104                __vector_17
                0x00000104                __vector_19
                0x00000104                __vector_7
                0x00000104                __vector_27
                0x00000104                __vector_5
                0x00000104                __vector_33
                0x00000104                __vector_37
                0x00000104                __vector_4
                0x00000104                __vector_9
                0x00000104                __vector_2
                0x00000104                __vector_21
                0x00000104                __vector_15
                0x00000104                __vector_36
                0x00000104                __vector_29
                0x00000104                __vector_8
                0x00000104                __vector_26
                0x00000104                __vector_14
                0x00000104                __vector_10
                0x00000104                __vector_16
                0x00000104                __vector_18
                0x00000104                __vector_20
                0x00000104                __vector_42
                0x00000106                . = ALIGN (0x2)
 *(.text.*)
 .text.fifo_push_uint8
                0x00000106       0x36 Samples/TCP_2_USART.o
 .text.__vector_40
                0x0000013c       0x6a Samples/TCP_2_USART.o
                0x0000013c                __vector_40
 .text.__vector_41
                0x000001a6       0x86 Samples/TCP_2_USART.o
                0x000001a6                __vector_41
 .text.usart_setup
                0x0000022c       0x8a Samples/TCP_2_USART.o
                0x0000022c                usart_setup
 .text.tcp_2_usart
                0x000002b6      0x1b6 Samples/TCP_2_USART.o
                0x000002b6                tcp_2_usart
 .text.usart_2_tcp
                0x0000046c       0xc4 Samples/TCP_2_USART.o
                0x0000046c                usart_2_tcp
 .text.LAN2Serial
                0x00000530       0x5a Samples/TCP_2_USART.o
                0x00000530                LAN2Serial
 .text.fifo_init
                0x0000058a       0x18 src/ASF/common/services/fifo/fifo.o
                0x0000058a                fifo_init
 .text.sysclk_enable_peripheral_clock
                0x000005a2       0xc4 src/ASF/xmega/drivers/usart/usart.o
 .text.usart_putchar
                0x00000666       0x10 src/ASF/xmega/drivers/usart/usart.o
                0x00000666                usart_putchar
 .text.usart_getchar
                0x00000676        0xc src/ASF/xmega/drivers/usart/usart.o
                0x00000676                usart_getchar
 .text.usart_set_baudrate
                0x00000682      0x1b8 src/ASF/xmega/drivers/usart/usart.o
                0x00000682                usart_set_baudrate
 .text.usart_init_rs232
                0x0000083a       0x58 src/ASF/xmega/drivers/usart/usart.o
                0x0000083a                usart_init_rs232
 .text.ioport_set_pin_mode.constprop.0
                0x00000892       0x2e src/main.o
 .text.__portable_avr_delay_cycles.constprop.2
                0x000008c0       0x18 src/main.o
 .text.__vector_default
                0x000008d8       0x14 src/main.o
                0x000008d8                __vector_default
 .text.startup.main
                0x000008ec       0xac src/main.o
                0x000008ec                main
 .text.chip_deselect_sw
                0x00000998        0xa SW_SPI/SW_SPI.o
                0x00000998                chip_deselect_sw
 .text.chip_select_sw
                0x000009a2        0xa SW_SPI/SW_SPI.o
                0x000009a2                chip_select_sw
 .text.spi_write_sw
                0x000009ac       0x36 SW_SPI/SW_SPI.o
                0x000009ac                spi_write_sw
 .text.spi_read_sw
                0x000009e2       0x3c SW_SPI/SW_SPI.o
                0x000009e2                spi_read_sw
 .text.init_ports
                0x00000a1e       0x18 SW_SPI/SW_SPI.o
                0x00000a1e                init_ports
 .text.spi_init_sw
                0x00000a36        0xc SW_SPI/SW_SPI.o
                0x00000a36                spi_init_sw
 .text.w5500_init_io
                0x00000a42       0x10 Ethernet/Eth.o
                0x00000a42                w5500_init_io
 .text.w55500_init
                0x00000a52       0x88 Ethernet/Eth.o
                0x00000a52                w55500_init
 .text.close    0x00000ada       0xcc Ethernet/socket.o
                0x00000ada                close
 .text.socket   0x00000ba6      0x1ac Ethernet/socket.o
                0x00000ba6                socket
 .text.listen   0x00000d52       0xb6 Ethernet/socket.o
                0x00000d52                listen
 .text.disconnect
                0x00000e08       0xf6 Ethernet/socket.o
                0x00000e08                disconnect
 .text.send     0x00000efe      0x1e0 Ethernet/socket.o
                0x00000efe                send
 .text.recv     0x000010de      0x1c4 Ethernet/socket.o
                0x000010de                recv
 .text.WIZCHIP_READ
                0x000012a2       0x82 Ethernet/W5500/w5500.o
                0x000012a2                WIZCHIP_READ
 .text.WIZCHIP_WRITE
                0x00001324       0x82 Ethernet/W5500/w5500.o
                0x00001324                WIZCHIP_WRITE
 .text.WIZCHIP_READ_BUF
                0x000013a6       0xa8 Ethernet/W5500/w5500.o
                0x000013a6                WIZCHIP_READ_BUF
 .text.WIZCHIP_WRITE_BUF
                0x0000144e       0xaa Ethernet/W5500/w5500.o
                0x0000144e                WIZCHIP_WRITE_BUF
 .text.getSn_TX_FSR
                0x000014f8       0xa2 Ethernet/W5500/w5500.o
                0x000014f8                getSn_TX_FSR
 .text.getSn_RX_RSR
                0x0000159a       0xa2 Ethernet/W5500/w5500.o
                0x0000159a                getSn_RX_RSR
 .text.wiz_send_data
                0x0000163c      0x104 Ethernet/W5500/w5500.o
                0x0000163c                wiz_send_data
 .text.wiz_recv_data
                0x00001740      0x104 Ethernet/W5500/w5500.o
                0x00001740                wiz_recv_data
 .text.wizchip_cris_enter
                0x00001844        0x2 Ethernet/wizchip_conf.o
                0x00001844                wizchip_cris_enter
 .text.wizchip_cris_exit
                0x00001846        0x2 Ethernet/wizchip_conf.o
                0x00001846                wizchip_cris_exit
 .text.wizchip_cs_select
                0x00001848        0x2 Ethernet/wizchip_conf.o
                0x00001848                wizchip_cs_select
 .text.wizchip_cs_deselect
                0x0000184a        0x2 Ethernet/wizchip_conf.o
                0x0000184a                wizchip_cs_deselect
 .text.wizchip_bus_readbyte
                0x0000184c        0x6 Ethernet/wizchip_conf.o
                0x0000184c                wizchip_bus_readbyte
 .text.wizchip_bus_writebyte
                0x00001852        0x6 Ethernet/wizchip_conf.o
                0x00001852                wizchip_bus_writebyte
 .text.wizchip_spi_readbyte
                0x00001858        0x4 Ethernet/wizchip_conf.o
                0x00001858                wizchip_spi_readbyte
 .text.wizchip_spi_writebyte
                0x0000185c        0x2 Ethernet/wizchip_conf.o
                0x0000185c                wizchip_spi_writebyte
 .text.reg_wizchip_cs_cbfunc
                0x0000185e       0x36 Ethernet/wizchip_conf.o
                0x0000185e                reg_wizchip_cs_cbfunc
 .text.reg_wizchip_spi_cbfunc
                0x00001894       0x42 Ethernet/wizchip_conf.o
                0x00001894                reg_wizchip_spi_cbfunc
 .text.wizchip_sw_reset
                0x000018d6       0xcc Ethernet/wizchip_conf.o
                0x000018d6                wizchip_sw_reset
 .text.wizchip_init
                0x000019a2       0xb0 Ethernet/wizchip_conf.o
                0x000019a2                wizchip_init
 .text.wizchip_clrinterrupt
                0x00001a52       0x20 Ethernet/wizchip_conf.o
                0x00001a52                wizchip_clrinterrupt
 .text.wizchip_getinterrupt
                0x00001a72       0x2a Ethernet/wizchip_conf.o
                0x00001a72                wizchip_getinterrupt
 .text.wizchip_setinterruptmask
                0x00001a9c       0x1e Ethernet/wizchip_conf.o
                0x00001a9c                wizchip_setinterruptmask
 .text.wizchip_getinterruptmask
                0x00001aba       0x28 Ethernet/wizchip_conf.o
                0x00001aba                wizchip_getinterruptmask
 .text.wizphy_getphylink
                0x00001ae2        0xe Ethernet/wizchip_conf.o
                0x00001ae2                wizphy_getphylink
 .text.wizphy_getphypmode
                0x00001af0       0x16 Ethernet/wizchip_conf.o
                0x00001af0                wizphy_getphypmode
 .text.wizphy_reset
                0x00001b06       0x30 Ethernet/wizchip_conf.o
                0x00001b06                wizphy_reset
 .text.wizphy_setphyconf
                0x00001b36       0x3e Ethernet/wizchip_conf.o
                0x00001b36                wizphy_setphyconf
 .text.wizphy_getphyconf
                0x00001b74       0x58 Ethernet/wizchip_conf.o
                0x00001b74                wizphy_getphyconf
 .text.wizphy_setphypmode
                0x00001bcc       0x52 Ethernet/wizchip_conf.o
                0x00001bcc                wizphy_setphypmode
 .text.ctlwizchip
                0x00001c1e       0xec Ethernet/wizchip_conf.o
                0x00001c1e                ctlwizchip
 .text.wizchip_setnetinfo
                0x00001d0a       0x76 Ethernet/wizchip_conf.o
                0x00001d0a                wizchip_setnetinfo
 .text.wizchip_getnetinfo
                0x00001d80       0x76 Ethernet/wizchip_conf.o
                0x00001d80                wizchip_getnetinfo
 .text.wizchip_setnetmode
                0x00001df6       0x26 Ethernet/wizchip_conf.o
                0x00001df6                wizchip_setnetmode
 .text.wizchip_getnetmode
                0x00001e1c        0x8 Ethernet/wizchip_conf.o
                0x00001e1c                wizchip_getnetmode
 .text.wizchip_settimeout
                0x00001e24       0x2e Ethernet/wizchip_conf.o
                0x00001e24                wizchip_settimeout
 .text.wizchip_gettimeout
                0x00001e52       0x42 Ethernet/wizchip_conf.o
                0x00001e52                wizchip_gettimeout
 .text.ctlnetwork
                0x00001e94       0x4e Ethernet/wizchip_conf.o
                0x00001e94                ctlnetwork
 .text.sysclk_init
                0x00001ee2       0x50 src/ASF/common/services/clock/xmega/sysclk.o
                0x00001ee2                sysclk_init
 .text.sysclk_enable_module
                0x00001f32       0x18 src/ASF/common/services/clock/xmega/sysclk.o
                0x00001f32                sysclk_enable_module
 .text.ccp_write_io
                0x00001f4a        0xc src/ASF/xmega/drivers/cpu/ccp.o
                0x00001f4a                ccp_write_io
 .text.board_init
                0x00001f56       0x14 src/ASF/common/boards/user_board/init.o
                0x00001f56                board_init
 .text.libgcc.div
                0x00001f6a       0x44 c:/program files (x86)/atmel/atmel toolchain/avr8 gcc/native/3.4.1051/avr8-gnu-toolchain/bin/../lib/gcc/avr/4.8.1/avrxmega2\libgcc.a(_udivmodsi4.o)
                0x00001f6a                __udivmodsi4
 .text.libgcc   0x00001fae        0xc c:/program files (x86)/atmel/atmel toolchain/avr8 gcc/native/3.4.1051/avr8-gnu-toolchain/bin/../lib/gcc/avr/4.8.1/avrxmega2\libgcc.a(_tablejump.o)
                0x00001fae                __tablejump2__
                0x00001fb2                __tablejump__
                0x00001fba                . = ALIGN (0x2)
 *(.fini9)
 .fini9         0x00001fba        0x0 c:/program files (x86)/atmel/atmel toolchain/avr8 gcc/native/3.4.1051/avr8-gnu-toolchain/bin/../lib/gcc/avr/4.8.1/avrxmega2\libgcc.a(_exit.o)
                0x00001fba                _exit
                0x00001fba                exit
 *(.fini9)
 *(.fini8)
 *(.fini8)
 *(.fini7)
 *(.fini7)
 *(.fini6)
 *(.fini6)
 *(.fini5)
 *(.fini5)
 *(.fini4)
 *(.fini4)
 *(.fini3)
 *(.fini3)
 *(.fini2)
 *(.fini2)
 *(.fini1)
 *(.fini1)
 *(.fini0)
 .fini0         0x00001fba        0x4 c:/program files (x86)/atmel/atmel toolchain/avr8 gcc/native/3.4.1051/avr8-gnu-toolchain/bin/../lib/gcc/avr/4.8.1/avrxmega2\libgcc.a(_exit.o)
 *(.fini0)
                0x00001fbe                _etext = .

.data           0x00802000       0x4c load address 0x00001fbe
                0x00802000                PROVIDE (__data_start, .)
 *(.data)
 .data          0x00802000        0x0 c:/program files (x86)/atmel/atmel toolchain/avr8 gcc/native/3.4.1051/avr8-gnu-toolchain/bin/../lib/gcc/avr/4.8.1/../../../../avr/lib/avrxmega2/crtx8e5.o
 .data          0x00802000        0x0 Samples/TCP_2_USART.o
 .data          0x00802000        0x0 src/ASF/common/services/fifo/fifo.o
 .data          0x00802000        0x0 src/ASF/xmega/drivers/usart/usart.o
 .data          0x00802000        0x0 src/main.o
 .data          0x00802000        0x0 SW_SPI/SW_SPI.o
 .data          0x00802000        0x0 Ethernet/Eth.o
 .data          0x00802000        0x0 Ethernet/socket.o
 .data          0x00802000        0x0 Ethernet/W5500/w5500.o
 .data          0x00802000        0x0 Ethernet/wizchip_conf.o
 .data          0x00802000        0x0 src/ASF/common/services/clock/xmega/sysclk.o
 .data          0x00802000        0x0 src/ASF/common/services/ioport/xmega/ioport_compat.o
 .data          0x00802000        0x0 src/ASF/common/services/sleepmgr/xmega/sleepmgr.o
 .data          0x00802000        0x0 src/ASF/xmega/drivers/cpu/ccp.o
 .data          0x00802000        0x0 src/ASF/common/boards/user_board/init.o
 .data          0x00802000        0x0 c:/program files (x86)/atmel/atmel toolchain/avr8 gcc/native/3.4.1051/avr8-gnu-toolchain/bin/../lib/gcc/avr/4.8.1/avrxmega2\libgcc.a(_udivmodsi4.o)
 .data          0x00802000        0x0 c:/program files (x86)/atmel/atmel toolchain/avr8 gcc/native/3.4.1051/avr8-gnu-toolchain/bin/../lib/gcc/avr/4.8.1/avrxmega2\libgcc.a(_exit.o)
 .data          0x00802000        0x0 c:/program files (x86)/atmel/atmel toolchain/avr8 gcc/native/3.4.1051/avr8-gnu-toolchain/bin/../lib/gcc/avr/4.8.1/avrxmega2\libgcc.a(_tablejump.o)
 .data          0x00802000        0x0 c:/program files (x86)/atmel/atmel toolchain/avr8 gcc/native/3.4.1051/avr8-gnu-toolchain/bin/../lib/gcc/avr/4.8.1/avrxmega2\libgcc.a(_copy_data.o)
 .data          0x00802000        0x0 c:/program files (x86)/atmel/atmel toolchain/avr8 gcc/native/3.4.1051/avr8-gnu-toolchain/bin/../lib/gcc/avr/4.8.1/avrxmega2\libgcc.a(_clear_bss.o)
 *(.data*)
 .data.sock_any_port
                0x00802000        0x2 Ethernet/socket.o
 .data.WIZCHIP  0x00802002       0x14 Ethernet/wizchip_conf.o
                0x00802002                WIZCHIP
 *(.rodata)
 .rodata        0x00802016       0x17 src/main.o
 .rodata        0x0080202d       0x10 Ethernet/Eth.o
 *(.rodata*)
 .rodata.CSWTCH.29
                0x0080203d        0xe Samples/TCP_2_USART.o
 *(.gnu.linkonce.d*)
                0x0080204c                . = ALIGN (0x2)
 *fill*         0x0080204b        0x1 
                0x0080204c                _edata = .
                0x0080204c                PROVIDE (__data_end, .)

.bss            0x0080204c      0x1b3
                0x0080204c                PROVIDE (__bss_start, .)
 *(.bss)
 *(.bss*)
 .bss.Buffer    0x0080204c       0x80 Samples/TCP_2_USART.o
                0x0080204c                Buffer
 .bss.sock_pack_info
                0x008020cc        0x8 Ethernet/socket.o
 .bss.sock_remained_size
                0x008020d4       0x10 Ethernet/socket.o
 .bss.sock_is_sending
                0x008020e4        0x2 Ethernet/socket.o
 .bss.sock_io_mode
                0x008020e6        0x2 Ethernet/socket.o
 .bss._DHCP_    0x008020e8        0x1 Ethernet/wizchip_conf.o
 .bss._DNS_     0x008020e9        0x4 Ethernet/wizchip_conf.o
 *(COMMON)
 COMMON         0x008020ed      0x10c Samples/TCP_2_USART.o
                0x008020ed                fifo_desc
                0x008020f3                fifo_buffer
                0x00802173                fifo_buffer_usart_tx
                0x008021f3                fifo_desc_usart_tx
 COMMON         0x008021f9        0x6 src/ASF/common/services/sleepmgr/xmega/sleepmgr.o
                0x008021f9                sleepmgr_locks
                0x008021ff                PROVIDE (__bss_end, .)
                0x00001fbe                __data_load_start = LOADADDR (.data)
                0x0000200a                __data_load_end = (__data_load_start + SIZEOF (.data))

.noinit         0x008021ff        0x0
                0x008021ff                PROVIDE (__noinit_start, .)
 *(.noinit*)
                0x008021ff                PROVIDE (__noinit_end, .)
                0x008021ff                _end = .
                0x008021ff                PROVIDE (__heap_start, .)

.eeprom         0x00810000        0x0
 *(.eeprom*)
                0x00810000                __eeprom_end = .

.fuse
 *(.fuse)
 *(.lfuse)
 *(.hfuse)
 *(.efuse)

.lock
 *(.lock*)

.signature
 *(.signature*)

.user_signatures
 *(.user_signatures*)

.stab
 *(.stab)

.stabstr
 *(.stabstr)

.stab.excl
 *(.stab.excl)

.stab.exclstr
 *(.stab.exclstr)

.stab.index
 *(.stab.index)

.stab.indexstr
 *(.stab.indexstr)

.comment        0x00000000       0x30
 *(.comment)
 .comment       0x00000000       0x30 Samples/TCP_2_USART.o
                                 0x31 (size before relaxing)
 .comment       0x00000000       0x31 src/ASF/common/services/fifo/fifo.o
 .comment       0x00000000       0x31 src/ASF/xmega/drivers/usart/usart.o
 .comment       0x00000000       0x31 src/main.o
 .comment       0x00000000       0x31 SW_SPI/SW_SPI.o
 .comment       0x00000000       0x31 Ethernet/Eth.o
 .comment       0x00000000       0x31 Ethernet/socket.o
 .comment       0x00000000       0x31 Ethernet/W5500/w5500.o
 .comment       0x00000000       0x31 Ethernet/wizchip_conf.o
 .comment       0x00000000       0x31 src/ASF/common/services/clock/xmega/sysclk.o
 .comment       0x00000000       0x31 src/ASF/common/services/ioport/xmega/ioport_compat.o
 .comment       0x00000000       0x31 src/ASF/common/services/sleepmgr/xmega/sleepmgr.o
 .comment       0x00000000       0x31 src/ASF/common/boards/user_board/init.o

.note.gnu.build-id
 *(.note.gnu.build-id)

.debug
 *(.debug)

.line
 *(.line)

.debug_srcinfo
 *(.debug_srcinfo)

.debug_sfnames
 *(.debug_sfnames)

.debug_aranges  0x00000000      0x438
 *(.debug_aranges)
 .debug_aranges
                0x00000000       0x50 Samples/TCP_2_USART.o
 .debug_aranges
                0x00000050       0x20 src/ASF/common/services/fifo/fifo.o
 .debug_aranges
                0x00000070       0x60 src/ASF/xmega/drivers/usart/usart.o
 .debug_aranges
                0x000000d0       0x40 src/main.o
 .debug_aranges
                0x00000110       0x48 SW_SPI/SW_SPI.o
 .debug_aranges
                0x00000158       0x40 Ethernet/Eth.o
 .debug_aranges
                0x00000198       0x78 Ethernet/socket.o
 .debug_aranges
                0x00000210       0x60 Ethernet/W5500/w5500.o
 .debug_aranges
                0x00000270      0x120 Ethernet/wizchip_conf.o
 .debug_aranges
                0x00000390       0x30 src/ASF/common/services/clock/xmega/sysclk.o
 .debug_aranges
                0x000003c0       0x20 src/ASF/common/services/ioport/xmega/ioport_compat.o
 .debug_aranges
                0x000003e0       0x18 src/ASF/common/services/sleepmgr/xmega/sleepmgr.o
 .debug_aranges
                0x000003f8       0x20 src/ASF/xmega/drivers/cpu/ccp.o
 .debug_aranges
                0x00000418       0x20 src/ASF/common/boards/user_board/init.o

.debug_pubnames
 *(.debug_pubnames)

.debug_info     0x00000000     0xa22f
 *(.debug_info .gnu.linkonce.wi.*)
 .debug_info    0x00000000     0x1366 Samples/TCP_2_USART.o
 .debug_info    0x00001366      0x1b3 src/ASF/common/services/fifo/fifo.o
 .debug_info    0x00001519     0x2abf src/ASF/xmega/drivers/usart/usart.o
 .debug_info    0x00003fd8      0xd7e src/main.o
 .debug_info    0x00004d56      0xc0c SW_SPI/SW_SPI.o
 .debug_info    0x00005962      0x9a8 Ethernet/Eth.o
 .debug_info    0x0000630a     0x158b Ethernet/socket.o
 .debug_info    0x00007895      0x815 Ethernet/W5500/w5500.o
 .debug_info    0x000080aa     0x1554 Ethernet/wizchip_conf.o
 .debug_info    0x000095fe      0x68f src/ASF/common/services/clock/xmega/sysclk.o
 .debug_info    0x00009c8d      0x11c src/ASF/common/services/ioport/xmega/ioport_compat.o
 .debug_info    0x00009da9      0x121 src/ASF/common/services/sleepmgr/xmega/sleepmgr.o
 .debug_info    0x00009eca       0x9a src/ASF/xmega/drivers/cpu/ccp.o
 .debug_info    0x00009f64      0x2cb src/ASF/common/boards/user_board/init.o

.debug_abbrev   0x00000000     0x1ccc
 *(.debug_abbrev)
 .debug_abbrev  0x00000000      0x391 Samples/TCP_2_USART.o
 .debug_abbrev  0x00000391       0xdb src/ASF/common/services/fifo/fifo.o
 .debug_abbrev  0x0000046c      0x3ee src/ASF/xmega/drivers/usart/usart.o
 .debug_abbrev  0x0000085a      0x30e src/main.o
 .debug_abbrev  0x00000b68      0x286 SW_SPI/SW_SPI.o
 .debug_abbrev  0x00000dee      0x30a Ethernet/Eth.o
 .debug_abbrev  0x000010f8      0x1be Ethernet/socket.o
 .debug_abbrev  0x000012b6      0x20b Ethernet/W5500/w5500.o
 .debug_abbrev  0x000014c1      0x385 Ethernet/wizchip_conf.o
 .debug_abbrev  0x00001846      0x267 src/ASF/common/services/clock/xmega/sysclk.o
 .debug_abbrev  0x00001aad       0xa2 src/ASF/common/services/ioport/xmega/ioport_compat.o
 .debug_abbrev  0x00001b4f       0x80 src/ASF/common/services/sleepmgr/xmega/sleepmgr.o
 .debug_abbrev  0x00001bcf       0x14 src/ASF/xmega/drivers/cpu/ccp.o
 .debug_abbrev  0x00001be3       0xe9 src/ASF/common/boards/user_board/init.o

.debug_line     0x00000000     0x631f
 *(.debug_line .debug_line.* .debug_line_end)
 .debug_line    0x00000000      0xb0f Samples/TCP_2_USART.o
 .debug_line    0x00000b0f      0x3c8 src/ASF/common/services/fifo/fifo.o
 .debug_line    0x00000ed7      0xa39 src/ASF/xmega/drivers/usart/usart.o
 .debug_line    0x00001910      0xa24 src/main.o
 .debug_line    0x00002334      0x8d3 SW_SPI/SW_SPI.o
 .debug_line    0x00002c07      0x97c Ethernet/Eth.o
 .debug_line    0x00003583      0xa2c Ethernet/socket.o
 .debug_line    0x00003faf      0x443 Ethernet/W5500/w5500.o
 .debug_line    0x000043f2      0x8ee Ethernet/wizchip_conf.o
 .debug_line    0x00004ce0      0x584 src/ASF/common/services/clock/xmega/sysclk.o
 .debug_line    0x00005264      0x485 src/ASF/common/services/ioport/xmega/ioport_compat.o
 .debug_line    0x000056e9      0x42e src/ASF/common/services/sleepmgr/xmega/sleepmgr.o
 .debug_line    0x00005b17       0x6e src/ASF/xmega/drivers/cpu/ccp.o
 .debug_line    0x00005b85      0x79a src/ASF/common/boards/user_board/init.o

.debug_frame    0x00000000      0xe44
 *(.debug_frame)
 .debug_frame   0x00000000      0x1a4 Samples/TCP_2_USART.o
 .debug_frame   0x000001a4       0x24 src/ASF/common/services/fifo/fifo.o
 .debug_frame   0x000001c8      0x14c src/ASF/xmega/drivers/usart/usart.o
 .debug_frame   0x00000314       0x80 src/main.o
 .debug_frame   0x00000394       0x74 SW_SPI/SW_SPI.o
 .debug_frame   0x00000408       0x80 Ethernet/Eth.o
 .debug_frame   0x00000488      0x3cc Ethernet/socket.o
 .debug_frame   0x00000854      0x278 Ethernet/W5500/w5500.o
 .debug_frame   0x00000acc      0x2ec Ethernet/wizchip_conf.o
 .debug_frame   0x00000db8       0x44 src/ASF/common/services/clock/xmega/sysclk.o
 .debug_frame   0x00000dfc       0x24 src/ASF/common/services/ioport/xmega/ioport_compat.o
 .debug_frame   0x00000e20       0x24 src/ASF/common/boards/user_board/init.o

.debug_str      0x00000000    0x2acfd
 *(.debug_str)
 .debug_str     0x00000000    0x28d5d Samples/TCP_2_USART.o
                              0x29339 (size before relaxing)
 .debug_str     0x00028d5d       0x27 src/ASF/common/services/fifo/fifo.o
                              0x23b00 (size before relaxing)
 .debug_str     0x00028d84      0xaa2 src/ASF/xmega/drivers/usart/usart.o
                              0x263bd (size before relaxing)
 .debug_str     0x00029826      0x337 src/main.o
                              0x291c9 (size before relaxing)
 .debug_str     0x00029b5d       0x7e SW_SPI/SW_SPI.o
                              0x25e5f (size before relaxing)
 .debug_str     0x00029bdb      0x5ff Ethernet/Eth.o
                              0x28ea6 (size before relaxing)
 .debug_str     0x0002a1da      0x407 Ethernet/socket.o
                               0x63c9 (size before relaxing)
 .debug_str     0x0002a5e1       0xf3 Ethernet/W5500/w5500.o
                               0x5d8c (size before relaxing)
 .debug_str     0x0002a6d4      0x40f Ethernet/wizchip_conf.o
                               0x62b9 (size before relaxing)
 .debug_str     0x0002aae3      0x143 src/ASF/common/services/clock/xmega/sysclk.o
                              0x24e66 (size before relaxing)
 .debug_str     0x0002ac26       0x77 src/ASF/common/services/ioport/xmega/ioport_compat.o
                              0x240ca (size before relaxing)
 .debug_str     0x0002ac9d       0x35 src/ASF/common/services/sleepmgr/xmega/sleepmgr.o
                              0x23ef0 (size before relaxing)
 .debug_str     0x0002acd2       0x2b src/ASF/common/boards/user_board/init.o
                              0x25c15 (size before relaxing)

.debug_loc      0x00000000     0x504e
 *(.debug_loc)
 .debug_loc     0x00000000      0x7fd Samples/TCP_2_USART.o
 .debug_loc     0x000007fd       0x53 src/ASF/common/services/fifo/fifo.o
 .debug_loc     0x00000850      0xd6d src/ASF/xmega/drivers/usart/usart.o
 .debug_loc     0x000015bd      0x171 src/main.o
 .debug_loc     0x0000172e       0xe7 SW_SPI/SW_SPI.o
 .debug_loc     0x00001815       0x97 Ethernet/Eth.o
 .debug_loc     0x000018ac     0x189b Ethernet/socket.o
 .debug_loc     0x00003147      0xdcd Ethernet/W5500/w5500.o
 .debug_loc     0x00003f14      0xf69 Ethernet/wizchip_conf.o
 .debug_loc     0x00004e7d      0x154 src/ASF/common/services/clock/xmega/sysclk.o
 .debug_loc     0x00004fd1       0x7d src/ASF/common/services/ioport/xmega/ioport_compat.o

.debug_macinfo
 *(.debug_macinfo)

.debug_weaknames
 *(.debug_weaknames)

.debug_funcnames
 *(.debug_funcnames)

.debug_typenames
 *(.debug_typenames)

.debug_varnames
 *(.debug_varnames)

.debug_pubtypes
 *(.debug_pubtypes)

.debug_ranges   0x00000000      0x3a0
 *(.debug_ranges)
 .debug_ranges  0x00000000       0x40 Samples/TCP_2_USART.o
 .debug_ranges  0x00000040       0x10 src/ASF/common/services/fifo/fifo.o
 .debug_ranges  0x00000050       0x50 src/ASF/xmega/drivers/usart/usart.o
 .debug_ranges  0x000000a0       0x30 src/main.o
 .debug_ranges  0x000000d0       0x98 SW_SPI/SW_SPI.o
 .debug_ranges  0x00000168       0x30 Ethernet/Eth.o
 .debug_ranges  0x00000198       0x68 Ethernet/socket.o
 .debug_ranges  0x00000200       0x50 Ethernet/W5500/w5500.o
 .debug_ranges  0x00000250      0x110 Ethernet/wizchip_conf.o
 .debug_ranges  0x00000360       0x20 src/ASF/common/services/clock/xmega/sysclk.o
 .debug_ranges  0x00000380       0x10 src/ASF/common/services/ioport/xmega/ioport_compat.o
 .debug_ranges  0x00000390       0x10 src/ASF/common/boards/user_board/init.o

.debug_macro    0x00000000     0xb2a3
 *(.debug_macro)
 .debug_macro   0x00000000      0x309 Samples/TCP_2_USART.o
 .debug_macro   0x00000309      0xa3c Samples/TCP_2_USART.o
 .debug_macro   0x00000d45       0x10 Samples/TCP_2_USART.o
 .debug_macro   0x00000d55      0x1ad Samples/TCP_2_USART.o
 .debug_macro   0x00000f02      0x293 Samples/TCP_2_USART.o
 .debug_macro   0x00001195       0x9e Samples/TCP_2_USART.o
 .debug_macro   0x00001233     0x6220 Samples/TCP_2_USART.o
 .debug_macro   0x00007453       0x9a Samples/TCP_2_USART.o
 .debug_macro   0x000074ed       0xf1 Samples/TCP_2_USART.o
 .debug_macro   0x000075de       0x34 Samples/TCP_2_USART.o
 .debug_macro   0x00007612       0x10 Samples/TCP_2_USART.o
 .debug_macro   0x00007622       0x18 Samples/TCP_2_USART.o
 .debug_macro   0x0000763a       0x5e Samples/TCP_2_USART.o
 .debug_macro   0x00007698       0x10 Samples/TCP_2_USART.o
 .debug_macro   0x000076a8       0x22 Samples/TCP_2_USART.o
 .debug_macro   0x000076ca      0x166 Samples/TCP_2_USART.o
 .debug_macro   0x00007830       0x1c Samples/TCP_2_USART.o
 .debug_macro   0x0000784c       0x35 Samples/TCP_2_USART.o
 .debug_macro   0x00007881       0x66 Samples/TCP_2_USART.o
 .debug_macro   0x000078e7      0x2ee Samples/TCP_2_USART.o
 .debug_macro   0x00007bd5       0x97 Samples/TCP_2_USART.o
 .debug_macro   0x00007c6c       0x17 Samples/TCP_2_USART.o
 .debug_macro   0x00007c83      0x250 Samples/TCP_2_USART.o
 .debug_macro   0x00007ed3       0x76 Samples/TCP_2_USART.o
 .debug_macro   0x00007f49       0x16 Samples/TCP_2_USART.o
 .debug_macro   0x00007f5f      0x6e0 Samples/TCP_2_USART.o
 .debug_macro   0x0000863f       0x10 Samples/TCP_2_USART.o
 .debug_macro   0x0000864f      0x175 Samples/TCP_2_USART.o
 .debug_macro   0x000087c4       0x40 Samples/TCP_2_USART.o
 .debug_macro   0x00008804       0x69 Samples/TCP_2_USART.o
 .debug_macro   0x0000886d       0x32 Samples/TCP_2_USART.o
 .debug_macro   0x0000889f       0xe4 Samples/TCP_2_USART.o
 .debug_macro   0x00008983       0x34 Samples/TCP_2_USART.o
 .debug_macro   0x000089b7       0x1c Samples/TCP_2_USART.o
 .debug_macro   0x000089d3      0x1e3 Samples/TCP_2_USART.o
 .debug_macro   0x00008bb6       0x6c Samples/TCP_2_USART.o
 .debug_macro   0x00008c22       0x2f Samples/TCP_2_USART.o
 .debug_macro   0x00008c51      0x169 Samples/TCP_2_USART.o
 .debug_macro   0x00008dba       0x28 Samples/TCP_2_USART.o
 .debug_macro   0x00008de2       0x22 Samples/TCP_2_USART.o
 .debug_macro   0x00008e04       0x7c Samples/TCP_2_USART.o
 .debug_macro   0x00008e80      0x10f Samples/TCP_2_USART.o
 .debug_macro   0x00008f8f       0x40 Samples/TCP_2_USART.o
 .debug_macro   0x00008fcf       0x5e Samples/TCP_2_USART.o
 .debug_macro   0x0000902d       0x10 Samples/TCP_2_USART.o
 .debug_macro   0x0000903d       0x3a Samples/TCP_2_USART.o
 .debug_macro   0x00009077       0x46 Samples/TCP_2_USART.o
 .debug_macro   0x000090bd      0x5d9 Samples/TCP_2_USART.o
 .debug_macro   0x00009696       0x66 Samples/TCP_2_USART.o
 .debug_macro   0x000096fc       0xcd Samples/TCP_2_USART.o
 .debug_macro   0x000097c9       0x28 Samples/TCP_2_USART.o
 .debug_macro   0x000097f1      0x177 src/ASF/common/services/fifo/fifo.o
 .debug_macro   0x00009968      0x22c src/ASF/xmega/drivers/usart/usart.o
 .debug_macro   0x00009b94      0x299 src/ASF/xmega/drivers/usart/usart.o
 .debug_macro   0x00009e2d       0x34 src/ASF/xmega/drivers/usart/usart.o
 .debug_macro   0x00009e61      0x328 src/main.o
 .debug_macro   0x0000a189       0x22 src/main.o
 .debug_macro   0x0000a1ab       0x10 src/main.o
 .debug_macro   0x0000a1bb      0x2ba SW_SPI/SW_SPI.o
 .debug_macro   0x0000a475      0x311 Ethernet/Eth.o
 .debug_macro   0x0000a786       0x10 Ethernet/Eth.o
 .debug_macro   0x0000a796      0x16d Ethernet/Eth.o
 .debug_macro   0x0000a903       0x60 Ethernet/Eth.o
 .debug_macro   0x0000a963       0x1c Ethernet/Eth.o
 .debug_macro   0x0000a97f       0x78 Ethernet/socket.o
 .debug_macro   0x0000a9f7       0x40 Ethernet/socket.o
 .debug_macro   0x0000aa37       0x5d Ethernet/W5500/w5500.o
 .debug_macro   0x0000aa94       0x4b Ethernet/wizchip_conf.o
 .debug_macro   0x0000aadf      0x1dd src/ASF/common/services/clock/xmega/sysclk.o
 .debug_macro   0x0000acbc      0x193 src/ASF/common/services/ioport/xmega/ioport_compat.o
 .debug_macro   0x0000ae4f      0x1a3 src/ASF/common/services/sleepmgr/xmega/sleepmgr.o
 .debug_macro   0x0000aff2      0x2b1 src/ASF/common/boards/user_board/init.o
OUTPUT(W5500_Bare_Metal.elf elf32-avr)
LOAD linker stubs
