Archive member included because of file (symbol)

c:/program files (x86)/atmel/atmel toolchain/avr8 gcc/native/3.4.2.1002/avr8-gnu-toolchain/bin/../lib/gcc/avr/4.7.2/avrxmega2\libgcc.a(_exit.o)
                              c:/program files (x86)/atmel/atmel toolchain/avr8 gcc/native/3.4.2.1002/avr8-gnu-toolchain/bin/../lib/gcc/avr/4.7.2/../../../../avr/lib/avrxmega2/crtx8e5.o (exit)
c:/program files (x86)/atmel/atmel toolchain/avr8 gcc/native/3.4.2.1002/avr8-gnu-toolchain/bin/../lib/gcc/avr/4.7.2/avrxmega2\libgcc.a(_tablejump.o)
                              src/main.o (__tablejump2__)
c:/program files (x86)/atmel/atmel toolchain/avr8 gcc/native/3.4.2.1002/avr8-gnu-toolchain/bin/../lib/gcc/avr/4.7.2/avrxmega2\libgcc.a(_copy_data.o)
                              Ethernet/Eth.o (__do_copy_data)
c:/program files (x86)/atmel/atmel toolchain/avr8 gcc/native/3.4.2.1002/avr8-gnu-toolchain/bin/../lib/gcc/avr/4.7.2/avrxmega2\libgcc.a(_clear_bss.o)
                              Ethernet/Eth.o (__do_clear_bss)
c:/program files (x86)/atmel/atmel toolchain/avr8 gcc/native/3.4.2.1002/avr8-gnu-toolchain/bin/../lib/gcc/avr/4.7.2/../../../../avr/lib/avrxmega2\libc.a(memcpy.o)
                              src/ASF/xmega/drivers/nvm/nvm.o (memcpy)

Allocating common symbols
Common symbol       size              file

NetTAG              0x40              src/main.o
CHIPID_Target       0xb               src/main.o
gDATABUF            0x20              Ethernet/Eth.o
Info                0x20              src/main.o
UDP_BUF             0xc4              src/main.o
sleepmgr_locks      0x6               src/ASF/common/services/sleepmgr/xmega/sleepmgr.o
DeviceID            0xb               src/main.o

Discarded input sections

 .bss           0x00000000        0x0 c:/program files (x86)/atmel/atmel toolchain/avr8 gcc/native/3.4.2.1002/avr8-gnu-toolchain/bin/../lib/gcc/avr/4.7.2/../../../../avr/lib/avrxmega2/crtx8e5.o
 .group         0x00000000        0x8 src/ASF/common/services/fifo/fifo.o
 .group         0x00000000        0x8 src/ASF/common/services/fifo/fifo.o
 .group         0x00000000        0x8 src/ASF/common/services/fifo/fifo.o
 .group         0x00000000        0x8 src/ASF/common/services/fifo/fifo.o
 .group         0x00000000        0x8 src/ASF/common/services/fifo/fifo.o
 .group         0x00000000        0x8 src/ASF/common/services/fifo/fifo.o
 .group         0x00000000        0x8 src/ASF/common/services/fifo/fifo.o
 .group         0x00000000        0x8 src/ASF/common/services/fifo/fifo.o
 .group         0x00000000        0x8 src/ASF/common/services/fifo/fifo.o
 .group         0x00000000        0x8 src/ASF/common/services/fifo/fifo.o
 .group         0x00000000        0x8 src/ASF/common/services/fifo/fifo.o
 .group         0x00000000        0x8 src/ASF/common/services/fifo/fifo.o
 .group         0x00000000        0x8 src/ASF/common/services/fifo/fifo.o
 .group         0x00000000        0x8 src/ASF/common/services/fifo/fifo.o
 .group         0x00000000        0x8 src/ASF/common/services/fifo/fifo.o
 .group         0x00000000        0x8 src/ASF/common/services/fifo/fifo.o
 .group         0x00000000        0x8 src/ASF/common/services/fifo/fifo.o
 .group         0x00000000        0x8 src/ASF/common/services/fifo/fifo.o
 .group         0x00000000        0x8 src/ASF/common/services/fifo/fifo.o
 .group         0x00000000        0x8 src/ASF/common/services/fifo/fifo.o
 .group         0x00000000        0x8 src/ASF/common/services/fifo/fifo.o
 .group         0x00000000        0x8 src/ASF/common/services/fifo/fifo.o
 .group         0x00000000        0x8 src/ASF/common/services/fifo/fifo.o
 .group         0x00000000        0x8 src/ASF/common/services/fifo/fifo.o
 .group         0x00000000        0x8 src/ASF/common/services/fifo/fifo.o
 .group         0x00000000        0x8 src/ASF/common/services/fifo/fifo.o
 .group         0x00000000        0x8 src/ASF/common/services/fifo/fifo.o
 .group         0x00000000        0x8 src/ASF/common/services/fifo/fifo.o
 .group         0x00000000        0x8 src/ASF/common/services/fifo/fifo.o
 .group         0x00000000        0x8 src/ASF/common/services/fifo/fifo.o
 .text          0x00000000        0x0 src/ASF/common/services/fifo/fifo.o
 .bss           0x00000000        0x0 src/ASF/common/services/fifo/fifo.o
 .text.fifo_init
                0x00000000       0x18 src/ASF/common/services/fifo/fifo.o
 .group         0x00000000        0x8 SW_SPI/SW_SPI.o
 .group         0x00000000        0x8 SW_SPI/SW_SPI.o
 .group         0x00000000        0x8 SW_SPI/SW_SPI.o
 .group         0x00000000        0x8 SW_SPI/SW_SPI.o
 .group         0x00000000        0x8 SW_SPI/SW_SPI.o
 .group         0x00000000        0x8 SW_SPI/SW_SPI.o
 .group         0x00000000        0x8 SW_SPI/SW_SPI.o
 .group         0x00000000        0x8 SW_SPI/SW_SPI.o
 .group         0x00000000        0x8 SW_SPI/SW_SPI.o
 .group         0x00000000        0x8 SW_SPI/SW_SPI.o
[...]
Memory Configuration

Name             Origin             Length             Attributes
text             0x00000000         0x00100000         xr
data             0x00802000         0x0000ffa0         rw !x
eeprom           0x00810000         0x00010000         rw !x
fuse             0x00820000         0x00000400         rw !x
lock             0x00830000         0x00000400         rw !x
signature        0x00840000         0x00000400         rw !x
user_signatures  0x00850000         0x00000400         rw !x
*default*        0x00000000         0xffffffff

Linker script and memory map

LOAD c:/program files (x86)/atmel/atmel toolchain/avr8 gcc/native/3.4.2.1002/avr8-gnu-toolchain/bin/../lib/gcc/avr/4.7.2/../../../../avr/lib/avrxmega2/crtx8e5.o
LOAD src/ASF/common/services/fifo/fifo.o
LOAD SW_SPI/SW_SPI.o
LOAD Ethernet/Eth.o
LOAD Ethernet/socket.o
LOAD Ethernet/W5500/w5500.o
LOAD Ethernet/wizchip_conf.o
LOAD src/ASF/common/drivers/nvm/xmega/xmega_nvm.o
LOAD src/ASF/common/services/clock/xmega/sysclk.o
LOAD src/ASF/common/services/ioport/xmega/ioport_compat.o
LOAD src/ASF/common/services/sleepmgr/xmega/sleepmgr.o
LOAD src/ASF/xmega/drivers/cpu/ccp.o
LOAD src/ASF/xmega/drivers/nvm/nvm.o
LOAD src/ASF/xmega/drivers/nvm/nvm_asm.o
LOAD src/main.o
LOAD src/ASF/common/boards/user_board/init.o
START GROUP
END GROUP
LOAD c:/program files (x86)/atmel/atmel toolchain/avr8 gcc/native/3.4.2.1002/avr8-gnu-toolchain/bin/../lib/gcc/avr/4.7.2/avrxmega2\libgcc.a
LOAD c:/program files (x86)/atmel/atmel toolchain/avr8 gcc/native/3.4.2.1002/avr8-gnu-toolchain/bin/../lib/gcc/avr/4.7.2/../../../../avr/lib/avrxmega2\libc.a
LOAD c:/program files (x86)/atmel/atmel toolchain/avr8 gcc/native/3.4.2.1002/avr8-gnu-toolchain/bin/../lib/gcc/avr/4.7.2/avrxmega2\libgcc.a

.hash
 *(.hash)

.dynsym
 *(.dynsym)

.dynstr
 *(.dynstr)

.gnu.version
 *(.gnu.version)

.gnu.version_d
 *(.gnu.version_d)

.gnu.version_r
 *(.gnu.version_r)

.rel.init
 *(.rel.init)

.rela.init
 *(.rela.init)

.rel.text
 *(.rel.text)
 *(.rel.text.*)
 *(.rel.gnu.linkonce.t*)

.rela.text
 *(.rela.text)
 *(.rela.text.*)
 *(.rela.gnu.linkonce.t*)

.rel.fini
 *(.rel.fini)

.rela.fini
 *(.rela.fini)

.rel.rodata
 *(.rel.rodata)
 *(.rel.rodata.*)
 *(.rel.gnu.linkonce.r*)

.rela.rodata
 *(.rela.rodata)
 *(.rela.rodata.*)
 *(.rela.gnu.linkonce.r*)

.rel.data
 *(.rel.data)
 *(.rel.data.*)
 *(.rel.gnu.linkonce.d*)

.rela.data
 *(.rela.data)
 *(.rela.data.*)
 *(.rela.gnu.linkonce.d*)

.rel.ctors
 *(.rel.ctors)

.rela.ctors
 *(.rela.ctors)

.rel.dtors
 *(.rel.dtors)

.rela.dtors
 *(.rela.dtors)

.rel.got
 *(.rel.got)

.rela.got
 *(.rela.got)

.rel.bss
 *(.rel.bss)

.rela.bss
 *(.rela.bss)

.rel.plt
 *(.rel.plt)

.rela.plt
 *(.rela.plt)

.text           0x00000000     0x2274
 *(.vectors)
 .vectors       0x00000000       0xac c:/program files (x86)/atmel/atmel toolchain/avr8 gcc/native/3.4.2.1002/avr8-gnu-toolchain/bin/../lib/gcc/avr/4.7.2/../../../../avr/lib/avrxmega2/crtx8e5.o
                0x00000000                __vector_default
                0x00000000                __vectors
 *(.vectors)
 *(.progmem.gcc*)
 .progmem.gcc_sw_table.Packet_Decode_FSM
                0x000000ac       0x22 src/main.o
 *(.progmem*)
                0x000000ce                . = ALIGN (0x2)
                0x000000ce                __trampolines_start = .
 *(.trampolines)
 .trampolines   0x000000ce        0x0 linker stubs
 *(.trampolines*)
                0x000000ce                __trampolines_end = .
 *(.jumptables)
 *(.jumptables*)
 *(.lowtext)
 *(.lowtext*)
                0x000000ce                __ctors_start = .
 *(.ctors)
                0x000000ce                __ctors_end = .
                0x000000ce                __dtors_start = .
 *(.dtors)
                0x000000ce                __dtors_end = .
 SORT(*)(.ctors)
 SORT(*)(.dtors)
 *(.init0)
 .init0         0x000000ce        0x0 c:/program files (x86)/atmel/atmel toolchain/avr8 gcc/native/3.4.2.1002/avr8-gnu-toolchain/bin/../lib/gcc/avr/4.7.2/../../../../avr/lib/avrxmega2/crtx8e5.o
                0x000000ce                __init
 *(.init0)
 *(.init1)
 *(.init1)
 *(.init2)
 .init2         0x000000ce        0xc c:/program files (x86)/atmel/atmel toolchain/avr8 gcc/native/3.4.2.1002/avr8-gnu-toolchain/bin/../lib/gcc/avr/4.7.2/../../../../avr/lib/avrxmega2/crtx8e5.o
 *(.init2)
 *(.init3)
 *(.init3)
 *(.init4)
 .init4         0x000000da       0x16 c:/program files (x86)/atmel/atmel toolchain/avr8 gcc/native/3.4.2.1002/avr8-gnu-toolchain/bin/../lib/gcc/avr/4.7.2/avrxmega2\libgcc.a(_copy_data.o)
                0x000000da                __do_copy_data
 .init4         0x000000f0       0x10 c:/program files (x86)/atmel/atmel toolchain/avr8 gcc/native/3.4.2.1002/avr8-gnu-toolchain/bin/../lib/gcc/avr/4.7.2/avrxmega2\libgcc.a(_clear_bss.o)
                0x000000f0                __do_clear_bss
 *(.init4)
 *(.init5)
 *(.init5)
 *(.init6)
 *(.init6)
 *(.init7)
 *(.init7)
 *(.init8)
 *(.init8)
 *(.init9)
 .init9         0x00000100        0x8 c:/program files (x86)/atmel/atmel toolchain/avr8 gcc/native/3.4.2.1002/avr8-gnu-toolchain/bin/../lib/gcc/avr/4.7.2/../../../../avr/lib/avrxmega2/crtx8e5.o
 *(.init9)
 *(.text)
 .text          0x00000108        0x2 c:/program files (x86)/atmel/atmel toolchain/avr8 gcc/native/3.4.2.1002/avr8-gnu-toolchain/bin/../lib/gcc/avr/4.7.2/../../../../avr/lib/avrxmega2/crtx8e5.o
                0x00000108                __vector_38
                0x00000108                __vector_22
                0x00000108                __vector_28
                0x00000108                __vector_1
                0x00000108                __vector_32
                0x00000108                __vector_34
                0x00000108                __vector_24
                0x00000108                __vector_12
                0x00000108                __bad_interrupt
                0x00000108                __vector_6
                0x00000108                __vector_31
                0x00000108                __vector_35
                0x00000108                __vector_39
                0x00000108                __vector_3
                0x00000108                __vector_23
                0x00000108                __vector_30
                0x00000108                __vector_25
                0x00000108                __vector_11
                0x00000108                __vector_13
                0x00000108                __vector_17
                0x00000108                __vector_19
                0x00000108                __vector_7
                0x00000108                __vector_41
                0x00000108                __vector_27
                0x00000108                __vector_5
                0x00000108                __vector_33
                0x00000108                __vector_37
                0x00000108                __vector_4
                0x00000108                __vector_9
                0x00000108                __vector_2
                0x00000108                __vector_21
                0x00000108                __vector_15
                0x00000108                __vector_36
                0x00000108                __vector_29
                0x00000108                __vector_40
                0x00000108                __vector_8
                0x00000108                __vector_26
                0x00000108                __vector_14
                0x00000108                __vector_10
                0x00000108                __vector_16
                0x00000108                __vector_18
                0x00000108                __vector_20
                0x00000108                __vector_42
                0x0000010a                . = ALIGN (0x2)
 *(.text.*)
 .text.chip_deselect_sw
                0x0000010a        0xa SW_SPI/SW_SPI.o
                0x0000010a                chip_deselect_sw
 .text.chip_select_sw
                0x00000114        0xa SW_SPI/SW_SPI.o
                0x00000114                chip_select_sw
 .text.spi_write_sw
                0x0000011e       0x36 SW_SPI/SW_SPI.o
                0x0000011e                spi_write_sw
 .text.spi_read_sw
                0x00000154       0x3c SW_SPI/SW_SPI.o
                0x00000154                spi_read_sw
 .text.init_ports
                0x00000190       0x18 SW_SPI/SW_SPI.o
                0x00000190                init_ports
 .text.spi_init_sw
                0x000001a8        0xc SW_SPI/SW_SPI.o
                0x000001a8                spi_init_sw
 .text.w5500_init_io
                0x000001b4       0x10 Ethernet/Eth.o
                0x000001b4                w5500_init_io
 .text.w55500_init
                0x000001c4       0x8a Ethernet/Eth.o
                0x000001c4                w55500_init
 .text.close    0x0000024e       0xca Ethernet/socket.o
                0x0000024e                close
 .text.socket   0x00000318      0x1ae Ethernet/socket.o
                0x00000318                socket
 .text.sendto   0x000004c6      0x200 Ethernet/socket.o
                0x000004c6                sendto
 .text.recvfrom
                0x000006c6      0x2c8 Ethernet/socket.o
                0x000006c6                recvfrom
 .text.WIZCHIP_READ
                0x0000098e       0x82 Ethernet/W5500/w5500.o
                0x0000098e                WIZCHIP_READ
 .text.WIZCHIP_WRITE
                0x00000a10       0x82 Ethernet/W5500/w5500.o
                0x00000a10                WIZCHIP_WRITE
 .text.WIZCHIP_READ_BUF
                0x00000a92       0xa8 Ethernet/W5500/w5500.o
                0x00000a92                WIZCHIP_READ_BUF
 .text.WIZCHIP_WRITE_BUF
                0x00000b3a       0xaa Ethernet/W5500/w5500.o
                0x00000b3a                WIZCHIP_WRITE_BUF
 .text.getSn_TX_FSR
                0x00000be4       0xb0 Ethernet/W5500/w5500.o
                0x00000be4                getSn_TX_FSR
 .text.getSn_RX_RSR
                0x00000c94       0xb0 Ethernet/W5500/w5500.o
                0x00000c94                getSn_RX_RSR
 .text.wiz_send_data
                0x00000d44      0x104 Ethernet/W5500/w5500.o
                0x00000d44                wiz_send_data
 .text.wiz_recv_data
                0x00000e48      0x104 Ethernet/W5500/w5500.o
                0x00000e48                wiz_recv_data
 .text.wiz_recv_ignore
                0x00000f4c       0x92 Ethernet/W5500/w5500.o
                0x00000f4c                wiz_recv_ignore
 .text.wizchip_cris_enter
                0x00000fde        0x2 Ethernet/wizchip_conf.o
                0x00000fde                wizchip_cris_enter
 .text.wizchip_cris_exit
                0x00000fe0        0x2 Ethernet/wizchip_conf.o
                0x00000fe0                wizchip_cris_exit
 .text.wizchip_cs_select
                0x00000fe2        0x2 Ethernet/wizchip_conf.o
                0x00000fe2                wizchip_cs_select
 .text.wizchip_cs_deselect
                0x00000fe4        0x2 Ethernet/wizchip_conf.o
                0x00000fe4                wizchip_cs_deselect
 .text.wizchip_bus_readbyte
                0x00000fe6        0x6 Ethernet/wizchip_conf.o
                0x00000fe6                wizchip_bus_readbyte
 .text.wizchip_bus_writebyte
                0x00000fec        0x6 Ethernet/wizchip_conf.o
                0x00000fec                wizchip_bus_writebyte
 .text.wizchip_spi_readbyte
                0x00000ff2        0x4 Ethernet/wizchip_conf.o
                0x00000ff2                wizchip_spi_readbyte
 .text.wizchip_spi_writebyte
                0x00000ff6        0x2 Ethernet/wizchip_conf.o
                0x00000ff6                wizchip_spi_writebyte
 .text.reg_wizchip_cs_cbfunc
                0x00000ff8       0x36 Ethernet/wizchip_conf.o
                0x00000ff8                reg_wizchip_cs_cbfunc
 .text.reg_wizchip_spi_cbfunc
                0x0000102e       0x44 Ethernet/wizchip_conf.o
                0x0000102e                reg_wizchip_spi_cbfunc
 .text.wizchip_sw_reset
                0x00001072       0xcc Ethernet/wizchip_conf.o
                0x00001072                wizchip_sw_reset
 .text.wizchip_init
                0x0000113e       0xb6 Ethernet/wizchip_conf.o
                0x0000113e                wizchip_init
 .text.wizchip_clrinterrupt
                0x000011f4       0x26 Ethernet/wizchip_conf.o
                0x000011f4                wizchip_clrinterrupt
 .text.wizchip_getinterrupt
                0x0000121a       0x28 Ethernet/wizchip_conf.o
                0x0000121a                wizchip_getinterrupt
 .text.wizchip_setinterruptmask
                0x00001242       0x1e Ethernet/wizchip_conf.o
                0x00001242                wizchip_setinterruptmask
 .text.wizchip_getinterruptmask
                0x00001260       0x26 Ethernet/wizchip_conf.o
                0x00001260                wizchip_getinterruptmask
 .text.wizphy_getphylink
                0x00001286        0xe Ethernet/wizchip_conf.o
                0x00001286                wizphy_getphylink
 .text.wizphy_getphypmode
                0x00001294       0x16 Ethernet/wizchip_conf.o
                0x00001294                wizphy_getphypmode
 .text.wizphy_reset
                0x000012aa       0x30 Ethernet/wizchip_conf.o
                0x000012aa                wizphy_reset
 .text.wizphy_setphyconf
                0x000012da       0x3e Ethernet/wizchip_conf.o
                0x000012da                wizphy_setphyconf
 .text.wizphy_getphyconf
                0x00001318       0x58 Ethernet/wizchip_conf.o
                0x00001318                wizphy_getphyconf
 .text.wizphy_setphypmode
                0x00001370       0x4e Ethernet/wizchip_conf.o
                0x00001370                wizphy_setphypmode
 .text.ctlwizchip
                0x000013be      0x134 Ethernet/wizchip_conf.o
                0x000013be                ctlwizchip
 .text.wizchip_setnetinfo
                0x000014f2       0x7c Ethernet/wizchip_conf.o
                0x000014f2                wizchip_setnetinfo
 .text.wizchip_getnetinfo
                0x0000156e       0x7c Ethernet/wizchip_conf.o
                0x0000156e                wizchip_getnetinfo
 .text.wizchip_setnetmode
                0x000015ea       0x2c Ethernet/wizchip_conf.o
                0x000015ea                wizchip_setnetmode
 .text.wizchip_getnetmode
                0x00001616        0xc Ethernet/wizchip_conf.o
                0x00001616                wizchip_getnetmode
 .text.wizchip_settimeout
                0x00001622       0x2e Ethernet/wizchip_conf.o
                0x00001622                wizchip_settimeout
 .text.wizchip_gettimeout
                0x00001650       0x3e Ethernet/wizchip_conf.o
                0x00001650                wizchip_gettimeout
 .text.ctlnetwork
                0x0000168e       0x5a Ethernet/wizchip_conf.o
                0x0000168e                ctlnetwork
 .text.sysclk_init
                0x000016e8       0x50 src/ASF/common/services/clock/xmega/sysclk.o
                0x000016e8                sysclk_init
 .text.ccp_write_io
                0x00001738        0xc src/ASF/xmega/drivers/cpu/ccp.o
                0x00001738                ccp_write_io
 .text.nvm_wait_until_ready
                0x00001744        0xa src/ASF/xmega/drivers/nvm/nvm.o
 .text.nvm_eeprom_read_byte
                0x0000174e       0x12 src/ASF/xmega/drivers/nvm/nvm.o
                0x0000174e                nvm_eeprom_read_byte
 .text.nvm_eeprom_flush_buffer
                0x00001760       0x1a src/ASF/xmega/drivers/nvm/nvm.o
                0x00001760                nvm_eeprom_flush_buffer
 .text.nvm_eeprom_write_byte
                0x0000177a       0x62 src/ASF/xmega/drivers/nvm/nvm.o
                0x0000177a                nvm_eeprom_write_byte
 .text.nvm_read_byte
                0x000017dc       0x14 src/ASF/xmega/drivers/nvm/nvm_asm.o
                0x000017dc                nvm_read_byte
 .text.__portable_avr_delay_cycles
                0x000017f0        0xc src/main.o
 .text.nvm_read_production_signature_row
                0x000017fc        0x8 src/main.o
 .text.ioport_set_pin_mode.constprop.1
                0x00001804       0x2e src/main.o
 .text.kill_NetConfig
                0x00001832       0x12 src/main.o
                0x00001832                kill_NetConfig
 .text.SW_Reset
                0x00001844        0xc src/main.o
                0x00001844                SW_Reset
 .text.write_NetConfig
                0x00001850      0x122 src/main.o
                0x00001850                write_NetConfig
 .text.read_NetConfig
                0x00001972      0x118 src/main.o
                0x00001972                read_NetConfig
 .text.udp_open_socket
                0x00001a8a       0x72 src/main.o
                0x00001a8a                udp_open_socket
 .text.udp_send
                0x00001afc       0xca src/main.o
                0x00001afc                udp_send
 .text.TransmittData
                0x00001bc6      0x152 src/main.o
                0x00001bc6                TransmittData
 .text.Packet_Decode_FSM
                0x00001d18      0x35a src/main.o
                0x00001d18                Packet_Decode_FSM
 .text.Decode_Data
                0x00002072       0x26 src/main.o
                0x00002072                Decode_Data
 .text.udp_recive
                0x00002098       0xd4 src/main.o
                0x00002098                udp_recive
 .text.startup.main
                0x0000216c       0xe4 src/main.o
                0x0000216c                main
 .text.board_init
                0x00002250       0x14 src/ASF/common/boards/user_board/init.o
                0x00002250                board_init
 .text.libgcc   0x00002264        0xc c:/program files (x86)/atmel/atmel toolchain/avr8 gcc/native/3.4.2.1002/avr8-gnu-toolchain/bin/../lib/gcc/avr/4.7.2/avrxmega2\libgcc.a(_tablejump.o)
                0x00002264                __tablejump2__
                0x00002268                __tablejump__
                0x00002270                . = ALIGN (0x2)
 *(.fini9)
 .fini9         0x00002270        0x0 c:/program files (x86)/atmel/atmel toolchain/avr8 gcc/native/3.4.2.1002/avr8-gnu-toolchain/bin/../lib/gcc/avr/4.7.2/avrxmega2\libgcc.a(_exit.o)
                0x00002270                _exit
                0x00002270                exit
 *(.fini9)
 *(.fini8)
 *(.fini8)
 *(.fini7)
 *(.fini7)
 *(.fini6)
 *(.fini6)
 *(.fini5)
 *(.fini5)
 *(.fini4)
 *(.fini4)
 *(.fini3)
 *(.fini3)
 *(.fini2)
 *(.fini2)
 *(.fini1)
 *(.fini1)
 *(.fini0)
 .fini0         0x00002270        0x4 c:/program files (x86)/atmel/atmel toolchain/avr8 gcc/native/3.4.2.1002/avr8-gnu-toolchain/bin/../lib/gcc/avr/4.7.2/avrxmega2\libgcc.a(_exit.o)
 *(.fini0)
                0x00002274                _etext = .

.data           0x00802000       0x5a load address 0x00002274
                0x00802000                PROVIDE (__data_start, .)
 *(.data)
 .data          0x00802000        0x0 c:/program files (x86)/atmel/atmel toolchain/avr8 gcc/native/3.4.2.1002/avr8-gnu-toolchain/bin/../lib/gcc/avr/4.7.2/../../../../avr/lib/avrxmega2/crtx8e5.o
 .data          0x00802000        0x0 src/ASF/common/services/fifo/fifo.o
 .data          0x00802000        0x0 SW_SPI/SW_SPI.o
 .data          0x00802000        0x0 Ethernet/Eth.o
 .data          0x00802000        0x0 Ethernet/socket.o
 .data          0x00802000        0x0 Ethernet/W5500/w5500.o
 .data          0x00802000        0x0 Ethernet/wizchip_conf.o
 .data          0x00802000        0x0 src/ASF/common/drivers/nvm/xmega/xmega_nvm.o
 .data          0x00802000        0x0 src/ASF/common/services/clock/xmega/sysclk.o
 .data          0x00802000        0x0 src/ASF/common/services/ioport/xmega/ioport_compat.o
 .data          0x00802000        0x0 src/ASF/common/services/sleepmgr/xmega/sleepmgr.o
 .data          0x00802000        0x0 src/ASF/xmega/drivers/cpu/ccp.o
 .data          0x00802000        0x0 src/ASF/xmega/drivers/nvm/nvm.o
 .data          0x00802000        0x0 src/ASF/xmega/drivers/nvm/nvm_asm.o
 .data          0x00802000        0x0 src/main.o
 .data          0x00802000        0x0 src/ASF/common/boards/user_board/init.o
 .data          0x00802000        0x0 c:/program files (x86)/atmel/atmel toolchain/avr8 gcc/native/3.4.2.1002/avr8-gnu-toolchain/bin/../lib/gcc/avr/4.7.2/avrxmega2\libgcc.a(_exit.o)
 .data          0x00802000        0x0 c:/program files (x86)/atmel/atmel toolchain/avr8 gcc/native/3.4.2.1002/avr8-gnu-toolchain/bin/../lib/gcc/avr/4.7.2/avrxmega2\libgcc.a(_tablejump.o)
 .data          0x00802000        0x0 c:/program files (x86)/atmel/atmel toolchain/avr8 gcc/native/3.4.2.1002/avr8-gnu-toolchain/bin/../lib/gcc/avr/4.7.2/avrxmega2\libgcc.a(_copy_data.o)
 .data          0x00802000        0x0 c:/program files (x86)/atmel/atmel toolchain/avr8 gcc/native/3.4.2.1002/avr8-gnu-toolchain/bin/../lib/gcc/avr/4.7.2/avrxmega2\libgcc.a(_clear_bss.o)
 .data          0x00802000        0x0 c:/program files (x86)/atmel/atmel toolchain/avr8 gcc/native/3.4.2.1002/avr8-gnu-toolchain/bin/../lib/gcc/avr/4.7.2/../../../../avr/lib/avrxmega2\libc.a(memcpy.o)
 *(.data*)
 .data.sock_any_port
                0x00802000        0x2 Ethernet/socket.o
 .data.WIZCHIP  0x00802002       0x14 Ethernet/wizchip_conf.o
                0x00802002                WIZCHIP
 .data.Command_Byte
                0x00802016        0x1 src/main.o
                0x00802016                Command_Byte
 .data.FSM_State
                0x00802017        0x2 src/main.o
                0x00802017                FSM_State
 .data.NetConf  0x00802019       0x18 src/main.o
                0x00802019                NetConf
 .data.NetworkConfig
                0x00802031       0x18 src/main.o
                0x00802031                NetworkConfig
 *(.rodata)
 .rodata        0x00802049       0x10 Ethernet/Eth.o
 *(.rodata*)
 *(.gnu.linkonce.d*)
                0x0080205a                . = ALIGN (0x2)
 *fill*         0x00802059        0x1 
                0x0080205a                _edata = .
                0x0080205a                PROVIDE (__data_end, .)

.bss            0x0080205a      0x167
                0x0080205a                PROVIDE (__bss_start, .)
 *(.bss)
 *(.bss*)
 .bss.sock_io_mode
                0x0080205a        0x2 Ethernet/socket.o
 .bss.sock_is_sending
                0x0080205c        0x2 Ethernet/socket.o
 .bss.sock_remained_size
                0x0080205e       0x10 Ethernet/socket.o
 .bss.sock_pack_info
                0x0080206e        0x8 Ethernet/socket.o
 .bss._DNS_     0x00802076        0x4 Ethernet/wizchip_conf.o
 .bss._DHCP_    0x0080207a        0x2 Ethernet/wizchip_conf.o
 .bss.ConfigFlag
                0x0080207c        0x1 src/main.o
                0x0080207c                ConfigFlag
 .bss.SubBytesLeft
                0x0080207d        0x1 src/main.o
                0x0080207d                SubBytesLeft
 .bss.CRC16     0x0080207e        0x2 src/main.o
                0x0080207e                CRC16
 .bss.EMC_Config
                0x00802080        0x1 src/main.o
                0x00802080                EMC_Config
 *(COMMON)
 COMMON         0x00802081        0x6 src/ASF/common/services/sleepmgr/xmega/sleepmgr.o
                0x00802081                sleepmgr_locks
 COMMON         0x00802087      0x13a src/main.o
                0x00802087                NetTAG
                0x008020c7                CHIPID_Target
                0x008020d2                Info
                0x008020f2                UDP_BUF
                0x008021b6                DeviceID
                0x008021c1                PROVIDE (__bss_end, .)
                0x00002274                __data_load_start = LOADADDR (.data)
                0x000022ce                __data_load_end = (__data_load_start + SIZEOF (.data))

.noinit         0x008021c1        0x0
                0x008021c1                PROVIDE (__noinit_start, .)
 *(.noinit*)
                0x008021c1                PROVIDE (__noinit_end, .)
                0x008021c1                _end = .
                0x008021c1                PROVIDE (__heap_start, .)

.eeprom         0x00810000        0x0
 *(.eeprom*)
                0x00810000                __eeprom_end = .

.fuse
 *(.fuse)
 *(.lfuse)
 *(.hfuse)
 *(.efuse)

.lock
 *(.lock*)

.signature
 *(.signature*)

.user_signatures
 *(.user_signatures*)

.stab           0x00000000      0x750
 *(.stab)
 .stab          0x00000000      0x6cc c:/program files (x86)/atmel/atmel toolchain/avr8 gcc/native/3.4.2.1002/avr8-gnu-toolchain/bin/../lib/gcc/avr/4.7.2/../../../../avr/lib/avrxmega2/crtx8e5.o
 .stab          0x000006cc       0x84 c:/program files (x86)/atmel/atmel toolchain/avr8 gcc/native/3.4.2.1002/avr8-gnu-toolchain/bin/../lib/gcc/avr/4.7.2/../../../../avr/lib/avrxmega2\libc.a(memcpy.o)
                                 0x90 (size before relaxing)

.stabstr        0x00000000      0x10b
 *(.stabstr)
 .stabstr       0x00000000      0x10b c:/program files (x86)/atmel/atmel toolchain/avr8 gcc/native/3.4.2.1002/avr8-gnu-toolchain/bin/../lib/gcc/avr/4.7.2/../../../../avr/lib/avrxmega2/crtx8e5.o

.stab.excl
 *(.stab.excl)

.stab.exclstr
 *(.stab.exclstr)

.stab.index
 *(.stab.index)

.stab.indexstr
 *(.stab.indexstr)

.comment        0x00000000       0x2f
 *(.comment)
 .comment       0x00000000       0x2f src/ASF/common/services/fifo/fifo.o
                                 0x30 (size before relaxing)
 .comment       0x00000000       0x30 SW_SPI/SW_SPI.o
 .comment       0x00000000       0x30 Ethernet/Eth.o
 .comment       0x00000000       0x30 Ethernet/socket.o
 .comment       0x00000000       0x30 Ethernet/W5500/w5500.o
 .comment       0x00000000       0x30 Ethernet/wizchip_conf.o
 .comment       0x00000000       0x30 src/ASF/common/drivers/nvm/xmega/xmega_nvm.o
 .comment       0x00000000       0x30 src/ASF/common/services/clock/xmega/sysclk.o
 .comment       0x00000000       0x30 src/ASF/common/services/ioport/xmega/ioport_compat.o
 .comment       0x00000000       0x30 src/ASF/common/services/sleepmgr/xmega/sleepmgr.o
 .comment       0x00000000       0x30 src/ASF/xmega/drivers/nvm/nvm.o
 .comment       0x00000000       0x30 src/main.o
 .comment       0x00000000       0x30 src/ASF/common/boards/user_board/init.o

.debug
 *(.debug)

.line
 *(.line)

.debug_srcinfo
 *(.debug_srcinfo)

.debug_sfnames
 *(.debug_sfnames)

.debug_aranges  0x00000000      0x548
 *(.debug_aranges)
 .debug_aranges
                0x00000000       0x20 src/ASF/common/services/fifo/fifo.o
 .debug_aranges
                0x00000020       0x48 SW_SPI/SW_SPI.o
 .debug_aranges
                0x00000068       0x30 Ethernet/Eth.o
 .debug_aranges
                0x00000098       0x78 Ethernet/socket.o
 .debug_aranges
                0x00000110       0x60 Ethernet/W5500/w5500.o
 .debug_aranges
                0x00000170      0x120 Ethernet/wizchip_conf.o
 .debug_aranges
                0x00000290       0x70 src/ASF/common/drivers/nvm/xmega/xmega_nvm.o
 .debug_aranges
                0x00000300       0x30 src/ASF/common/services/clock/xmega/sysclk.o
 .debug_aranges
                0x00000330       0x20 src/ASF/common/services/ioport/xmega/ioport_compat.o
 .debug_aranges
                0x00000350       0x18 src/ASF/common/services/sleepmgr/xmega/sleepmgr.o
 .debug_aranges
                0x00000368       0x20 src/ASF/xmega/drivers/cpu/ccp.o
 .debug_aranges
                0x00000388       0xd8 src/ASF/xmega/drivers/nvm/nvm.o
 .debug_aranges
                0x00000460       0x28 src/ASF/xmega/drivers/nvm/nvm_asm.o
 .debug_aranges
                0x00000488       0xa0 src/main.o
 .debug_aranges
                0x00000528       0x20 src/ASF/common/boards/user_board/init.o

.debug_pubnames
 *(.debug_pubnames)

.debug_info     0x00000000     0x92ef
 *(.debug_info)
 .debug_info    0x00000000      0x1b3 src/ASF/common/services/fifo/fifo.o
 .debug_info    0x000001b3      0xbfe SW_SPI/SW_SPI.o
 .debug_info    0x00000db1      0x999 Ethernet/Eth.o
 .debug_info    0x0000174a     0x159e Ethernet/socket.o
 .debug_info    0x00002ce8      0x815 Ethernet/W5500/w5500.o
 .debug_info    0x000034fd     0x1542 Ethernet/wizchip_conf.o
 .debug_info    0x00004a3f      0xb7b src/ASF/common/drivers/nvm/xmega/xmega_nvm.o
 .debug_info    0x000055ba      0x6a3 src/ASF/common/services/clock/xmega/sysclk.o
 .debug_info    0x00005c5d      0x11c src/ASF/common/services/ioport/xmega/ioport_compat.o
 .debug_info    0x00005d79      0x121 src/ASF/common/services/sleepmgr/xmega/sleepmgr.o
 .debug_info    0x00005e9a       0x94 src/ASF/xmega/drivers/cpu/ccp.o
 .debug_info    0x00005f2e     0x1124 src/ASF/xmega/drivers/nvm/nvm.o
 .debug_info    0x00007052       0x94 src/ASF/xmega/drivers/nvm/nvm_asm.o
 .debug_info    0x000070e6     0x1f80 src/main.o
 .debug_info    0x00009066      0x289 src/ASF/common/boards/user_board/init.o
 *(.gnu.linkonce.wi.*)

.debug_abbrev   0x00000000     0x1df1
 *(.debug_abbrev)
 .debug_abbrev  0x00000000       0xdb src/ASF/common/services/fifo/fifo.o
 .debug_abbrev  0x000000db      0x269 SW_SPI/SW_SPI.o
 .debug_abbrev  0x00000344      0x303 Ethernet/Eth.o
 .debug_abbrev  0x00000647      0x1be Ethernet/socket.o
 .debug_abbrev  0x00000805      0x20b Ethernet/W5500/w5500.o
 .debug_abbrev  0x00000a10      0x375 Ethernet/wizchip_conf.o
 .debug_abbrev  0x00000d85      0x2fc src/ASF/common/drivers/nvm/xmega/xmega_nvm.o
 .debug_abbrev  0x00001081      0x267 src/ASF/common/services/clock/xmega/sysclk.o
 .debug_abbrev  0x000012e8       0xa2 src/ASF/common/services/ioport/xmega/ioport_compat.o
 .debug_abbrev  0x0000138a       0x80 src/ASF/common/services/sleepmgr/xmega/sleepmgr.o
 .debug_abbrev  0x0000140a       0x14 src/ASF/xmega/drivers/cpu/ccp.o
 .debug_abbrev  0x0000141e      0x40d src/ASF/xmega/drivers/nvm/nvm.o
 .debug_abbrev  0x0000182b       0x12 src/ASF/xmega/drivers/nvm/nvm_asm.o
 .debug_abbrev  0x0000183d      0x4e8 src/main.o
 .debug_abbrev  0x00001d25       0xcc src/ASF/common/boards/user_board/init.o

.debug_line     0x00000000     0x6ba8
 *(.debug_line)
 .debug_line    0x00000000      0x414 src/ASF/common/services/fifo/fifo.o
 .debug_line    0x00000414      0x921 SW_SPI/SW_SPI.o
 .debug_line    0x00000d35      0x9c5 Ethernet/Eth.o
 .debug_line    0x000016fa      0xa50 Ethernet/socket.o
 .debug_line    0x0000214a      0x48b Ethernet/W5500/w5500.o
 .debug_line    0x000025d5      0x8fb Ethernet/wizchip_conf.o
 .debug_line    0x00002ed0      0x774 src/ASF/common/drivers/nvm/xmega/xmega_nvm.o
 .debug_line    0x00003644      0x5d0 src/ASF/common/services/clock/xmega/sysclk.o
 .debug_line    0x00003c14      0x4d3 src/ASF/common/services/ioport/xmega/ioport_compat.o
 .debug_line    0x000040e7      0x47a src/ASF/common/services/sleepmgr/xmega/sleepmgr.o
 .debug_line    0x00004561       0x6e src/ASF/xmega/drivers/cpu/ccp.o
 .debug_line    0x000045cf      0xb1f src/ASF/xmega/drivers/nvm/nvm.o
 .debug_line    0x000050ee      0x11f src/ASF/xmega/drivers/nvm/nvm_asm.o
 .debug_line    0x0000520d     0x11b3 src/main.o
 .debug_line    0x000063c0      0x7e8 src/ASF/common/boards/user_board/init.o

.debug_frame    0x00000000     0x1218
 *(.debug_frame)
 .debug_frame   0x00000000       0x24 src/ASF/common/services/fifo/fifo.o
 .debug_frame   0x00000024       0x74 SW_SPI/SW_SPI.o
 .debug_frame   0x00000098       0x60 Ethernet/Eth.o
 .debug_frame   0x000000f8      0x3b8 Ethernet/socket.o
 .debug_frame   0x000004b0      0x2b8 Ethernet/W5500/w5500.o
 .debug_frame   0x00000768      0x2f4 Ethernet/wizchip_conf.o
 .debug_frame   0x00000a5c      0x134 src/ASF/common/drivers/nvm/xmega/xmega_nvm.o
 .debug_frame   0x00000b90       0x44 src/ASF/common/services/clock/xmega/sysclk.o
 .debug_frame   0x00000bd4       0x24 src/ASF/common/services/ioport/xmega/ioport_compat.o
 .debug_frame   0x00000bf8      0x3dc src/ASF/xmega/drivers/nvm/nvm.o
 .debug_frame   0x00000fd4      0x220 src/main.o
 .debug_frame   0x000011f4       0x24 src/ASF/common/boards/user_board/init.o

.debug_str      0x00000000    0x29b40
 *(.debug_str)
 .debug_str     0x00000000    0x223ac src/ASF/common/services/fifo/fifo.o
                              0x22894 (size before relaxing)
 .debug_str     0x000223ac     0x2376 SW_SPI/SW_SPI.o
                              0x24bcc (size before relaxing)
 .debug_str     0x00024722     0x30fd Ethernet/Eth.o
                              0x27c31 (size before relaxing)
 .debug_str     0x0002781f      0x7bc Ethernet/socket.o
                               0x51f9 (size before relaxing)
 .debug_str     0x00027fdb       0xdc Ethernet/W5500/w5500.o
                               0x4bbc (size before relaxing)
 .debug_str     0x000280b7      0x40f Ethernet/wizchip_conf.o
                               0x50e9 (size before relaxing)
 .debug_str     0x000284c6      0x989 src/ASF/common/drivers/nvm/xmega/xmega_nvm.o
                              0x2327e (size before relaxing)
 .debug_str     0x00028e4f      0x262 src/ASF/common/services/clock/xmega/sysclk.o
                              0x23bfa (size before relaxing)
 .debug_str     0x000290b1       0x77 src/ASF/common/services/ioport/xmega/ioport_compat.o
                              0x22e5e (size before relaxing)
 .debug_str     0x00029128       0xb3 src/ASF/common/services/sleepmgr/xmega/sleepmgr.o
                              0x22c84 (size before relaxing)
 .debug_str     0x000291db      0x51f src/ASF/xmega/drivers/nvm/nvm.o
                              0x23378 (size before relaxing)
 .debug_str     0x000296fa      0x41b src/main.o
                              0x284e5 (size before relaxing)
 .debug_str     0x00029b15       0x2b src/ASF/common/boards/user_board/init.o
                              0x24973 (size before relaxing)

.debug_loc      0x00000000     0x70dc
 *(.debug_loc)
 .debug_loc     0x00000000       0x53 src/ASF/common/services/fifo/fifo.o
 .debug_loc     0x00000053       0xe5 SW_SPI/SW_SPI.o
 .debug_loc     0x00000138       0xf6 Ethernet/Eth.o
 .debug_loc     0x0000022e     0x1b0a Ethernet/socket.o
 .debug_loc     0x00001d38      0xddb Ethernet/W5500/w5500.o
 .debug_loc     0x00002b13     0x10eb Ethernet/wizchip_conf.o
 .debug_loc     0x00003bfe      0xcaf src/ASF/common/drivers/nvm/xmega/xmega_nvm.o
 .debug_loc     0x000048ad      0x16b src/ASF/common/services/clock/xmega/sysclk.o
 .debug_loc     0x00004a18       0x5a src/ASF/common/services/ioport/xmega/ioport_compat.o
 .debug_loc     0x00004a72     0x1364 src/ASF/xmega/drivers/nvm/nvm.o
 .debug_loc     0x00005dd6     0x1306 src/main.o

.debug_macinfo
 *(.debug_macinfo)

.debug_pubtypes
 *(.debug_pubtypes)

.debug_ranges   0x00000000      0x5f8
 *(.debug_ranges)
 .debug_ranges  0x00000000       0x10 src/ASF/common/services/fifo/fifo.o
 .debug_ranges  0x00000010      0x158 SW_SPI/SW_SPI.o
 .debug_ranges  0x00000168       0x20 Ethernet/Eth.o
 .debug_ranges  0x00000188       0x68 Ethernet/socket.o
 .debug_ranges  0x000001f0       0x50 Ethernet/W5500/w5500.o
 .debug_ranges  0x00000240      0x110 Ethernet/wizchip_conf.o
 .debug_ranges  0x00000350       0x90 src/ASF/common/drivers/nvm/xmega/xmega_nvm.o
 .debug_ranges  0x000003e0       0x20 src/ASF/common/services/clock/xmega/sysclk.o
 .debug_ranges  0x00000400       0x10 src/ASF/common/services/ioport/xmega/ioport_compat.o
 .debug_ranges  0x00000410       0xf8 src/ASF/xmega/drivers/nvm/nvm.o
 .debug_ranges  0x00000508       0x20 src/ASF/xmega/drivers/nvm/nvm_asm.o
 .debug_ranges  0x00000528       0xc0 src/main.o
 .debug_ranges  0x000005e8       0x10 src/ASF/common/boards/user_board/init.o

.debug_macro    0x00000000     0xa998
 *(.debug_macro)
 .debug_macro   0x00000000      0x16d src/ASF/common/services/fifo/fifo.o
 .debug_macro   0x0000016d      0x5bc src/ASF/common/services/fifo/fifo.o
 .debug_macro   0x00000729       0x10 src/ASF/common/services/fifo/fifo.o
 .debug_macro   0x00000739      0x1ad src/ASF/common/services/fifo/fifo.o
 .debug_macro   0x000008e6      0x293 src/ASF/common/services/fifo/fifo.o
 .debug_macro   0x00000b79       0x9e src/ASF/common/services/fifo/fifo.o
 .debug_macro   0x00000c17     0x62dd src/ASF/common/services/fifo/fifo.o
 .debug_macro   0x00006ef4       0x9a src/ASF/common/services/fifo/fifo.o
 .debug_macro   0x00006f8e       0xf1 src/ASF/common/services/fifo/fifo.o
 .debug_macro   0x0000707f       0x34 src/ASF/common/services/fifo/fifo.o
 .debug_macro   0x000070b3       0x18 src/ASF/common/services/fifo/fifo.o
 .debug_macro   0x000070cb       0x5e src/ASF/common/services/fifo/fifo.o
 .debug_macro   0x00007129       0x10 src/ASF/common/services/fifo/fifo.o
 .debug_macro   0x00007139       0x22 src/ASF/common/services/fifo/fifo.o
 .debug_macro   0x0000715b      0x16c src/ASF/common/services/fifo/fifo.o
 .debug_macro   0x000072c7       0x1c src/ASF/common/services/fifo/fifo.o
 .debug_macro   0x000072e3       0x35 src/ASF/common/services/fifo/fifo.o
 .debug_macro   0x00007318       0x51 src/ASF/common/services/fifo/fifo.o
 .debug_macro   0x00007369      0x2ee src/ASF/common/services/fifo/fifo.o
 .debug_macro   0x00007657       0x97 src/ASF/common/services/fifo/fifo.o
 .debug_macro   0x000076ee       0x17 src/ASF/common/services/fifo/fifo.o
 .debug_macro   0x00007705      0x250 src/ASF/common/services/fifo/fifo.o
 .debug_macro   0x00007955       0x76 src/ASF/common/services/fifo/fifo.o
 .debug_macro   0x000079cb       0x16 src/ASF/common/services/fifo/fifo.o
 .debug_macro   0x000079e1      0x6e0 src/ASF/common/services/fifo/fifo.o
 .debug_macro   0x000080c1       0x10 src/ASF/common/services/fifo/fifo.o
 .debug_macro   0x000080d1      0x160 src/ASF/common/services/fifo/fifo.o
 .debug_macro   0x00008231       0x40 src/ASF/common/services/fifo/fifo.o
 .debug_macro   0x00008271       0x69 src/ASF/common/services/fifo/fifo.o
 .debug_macro   0x000082da       0x32 src/ASF/common/services/fifo/fifo.o
 .debug_macro   0x0000830c       0xe4 src/ASF/common/services/fifo/fifo.o
 .debug_macro   0x000083f0      0x2b0 SW_SPI/SW_SPI.o
 .debug_macro   0x000086a0       0x22 SW_SPI/SW_SPI.o
 .debug_macro   0x000086c2       0x34 SW_SPI/SW_SPI.o
 .debug_macro   0x000086f6       0x1c SW_SPI/SW_SPI.o
 .debug_macro   0x00008712      0x1e3 SW_SPI/SW_SPI.o
 .debug_macro   0x000088f5       0x6c SW_SPI/SW_SPI.o
 .debug_macro   0x00008961       0x2f SW_SPI/SW_SPI.o
 .debug_macro   0x00008990      0x169 SW_SPI/SW_SPI.o
 .debug_macro   0x00008af9       0x28 SW_SPI/SW_SPI.o
 .debug_macro   0x00008b21       0x22 SW_SPI/SW_SPI.o
 .debug_macro   0x00008b43       0x7c SW_SPI/SW_SPI.o
 .debug_macro   0x00008bbf      0x10f SW_SPI/SW_SPI.o
 .debug_macro   0x00008cce       0x40 SW_SPI/SW_SPI.o
 .debug_macro   0x00008d0e       0x26 SW_SPI/SW_SPI.o
 .debug_macro   0x00008d34       0x5e SW_SPI/SW_SPI.o
 .debug_macro   0x00008d92       0x10 SW_SPI/SW_SPI.o
 .debug_macro   0x00008da2      0x313 Ethernet/Eth.o
 .debug_macro   0x000090b5       0x46 Ethernet/Eth.o
 .debug_macro   0x000090fb       0x66 Ethernet/Eth.o
 .debug_macro   0x00009161      0x5d9 Ethernet/Eth.o
 .debug_macro   0x0000973a       0x28 Ethernet/Eth.o
 .debug_macro   0x00009762       0x10 Ethernet/Eth.o
 .debug_macro   0x00009772      0x16d Ethernet/Eth.o
 .debug_macro   0x000098df       0x4b Ethernet/Eth.o
 .debug_macro   0x0000992a       0x1c Ethernet/Eth.o
 .debug_macro   0x00009946       0x78 Ethernet/socket.o
 .debug_macro   0x000099be       0x40 Ethernet/socket.o
 .debug_macro   0x000099fe       0xcd Ethernet/socket.o
 .debug_macro   0x00009acb       0x5d Ethernet/W5500/w5500.o
 .debug_macro   0x00009b28       0x4b Ethernet/wizchip_conf.o
 .debug_macro   0x00009b73      0x1a4 src/ASF/common/drivers/nvm/xmega/xmega_nvm.o
 .debug_macro   0x00009d17       0x20 src/ASF/common/drivers/nvm/xmega/xmega_nvm.o
 .debug_macro   0x00009d37      0x1d3 src/ASF/common/services/clock/xmega/sysclk.o
 .debug_macro   0x00009f0a      0x189 src/ASF/common/services/ioport/xmega/ioport_compat.o
 .debug_macro   0x0000a093      0x199 src/ASF/common/services/sleepmgr/xmega/sleepmgr.o
 .debug_macro   0x0000a22c      0x18e src/ASF/xmega/drivers/nvm/nvm.o
 .debug_macro   0x0000a3ba       0x16 src/ASF/xmega/drivers/nvm/nvm.o
 .debug_macro   0x0000a3d0      0x321 src/main.o
 .debug_macro   0x0000a6f1      0x2a7 src/ASF/common/boards/user_board/init.o
OUTPUT(W5500_mac-ip.elf elf32-avr)
LOAD linker stubs
