Archive member included because of file (symbol)

c:/program files (x86)/atmel/atmel toolchain/avr8 gcc/native/3.4.1051/avr8-gnu-toolchain/bin/../lib/gcc/avr/4.8.1/avrxmega2\libgcc.a(_udivmodsi4.o)
                              src/ASF/xmega/drivers/usart/usart.o (__udivmodsi4)
c:/program files (x86)/atmel/atmel toolchain/avr8 gcc/native/3.4.1051/avr8-gnu-toolchain/bin/../lib/gcc/avr/4.8.1/avrxmega2\libgcc.a(_exit.o)
                              c:/program files (x86)/atmel/atmel toolchain/avr8 gcc/native/3.4.1051/avr8-gnu-toolchain/bin/../lib/gcc/avr/4.8.1/../../../../avr/lib/avrxmega2/crtx8e5.o (exit)
c:/program files (x86)/atmel/atmel toolchain/avr8 gcc/native/3.4.1051/avr8-gnu-toolchain/bin/../lib/gcc/avr/4.8.1/avrxmega2\libgcc.a(_tablejump.o)
                              Ethernet/socket.o (__tablejump2__)
c:/program files (x86)/atmel/atmel toolchain/avr8 gcc/native/3.4.1051/avr8-gnu-toolchain/bin/../lib/gcc/avr/4.8.1/avrxmega2\libgcc.a(_copy_data.o)
                              Samples/USART_Sample.o (__do_copy_data)
c:/program files (x86)/atmel/atmel toolchain/avr8 gcc/native/3.4.1051/avr8-gnu-toolchain/bin/../lib/gcc/avr/4.8.1/avrxmega2\libgcc.a(_clear_bss.o)
                              Samples/TCP_IP_Loopback.o (__do_clear_bss)

Allocating common symbols
Common symbol       size              file

sleepmgr_locks      0x6               src/ASF/common/services/sleepmgr/xmega/sleepmgr.o
Buffer              0x20              Samples/TCP_IP_Loopback.o

Discarded input sections

 .bss           0x00000000        0x0 c:/program files (x86)/atmel/atmel toolchain/avr8 gcc/native/3.4.1051/avr8-gnu-toolchain/bin/../lib/gcc/avr/4.8.1/../../../../avr/lib/avrxmega2/crtx8e5.o
 .group         0x00000000        0x8 Samples/TCP_IP_Loopback.o
 .group         0x00000000        0x8 Samples/TCP_IP_Loopback.o
 .group         0x00000000        0x8 Samples/TCP_IP_Loopback.o
 .group         0x00000000        0x8 Samples/TCP_IP_Loopback.o
 .group         0x00000000        0x8 Samples/TCP_IP_Loopback.o
 .group         0x00000000        0x8 Samples/TCP_IP_Loopback.o
 .group         0x00000000        0x8 Samples/TCP_IP_Loopback.o
 .group         0x00000000        0x8 Samples/TCP_IP_Loopback.o
 .group         0x00000000        0x8 Samples/TCP_IP_Loopback.o
 .group         0x00000000        0x8 Samples/TCP_IP_Loopback.o
 .group         0x00000000        0x8 Samples/TCP_IP_Loopback.o
 .group         0x00000000        0x8 Samples/TCP_IP_Loopback.o
 .group         0x00000000        0x8 Samples/TCP_IP_Loopback.o
 .group         0x00000000        0x8 Samples/TCP_IP_Loopback.o
 .group         0x00000000        0x8 Samples/TCP_IP_Loopback.o
 .group         0x00000000        0x8 Samples/TCP_IP_Loopback.o
 .group         0x00000000        0x8 Samples/TCP_IP_Loopback.o
 .group         0x00000000        0x8 Samples/TCP_IP_Loopback.o
 .group         0x00000000        0x8 Samples/TCP_IP_Loopback.o
 .group         0x00000000        0x8 Samples/TCP_IP_Loopback.o
 .group         0x00000000        0x8 Samples/TCP_IP_Loopback.o
 .group         0x00000000        0x8 Samples/TCP_IP_Loopback.o
 .group         0x00000000        0x8 Samples/TCP_IP_Loopback.o
 .group         0x00000000        0x8 Samples/TCP_IP_Loopback.o
 .group         0x00000000        0x8 Samples/TCP_IP_Loopback.o
 .group         0x00000000        0x8 Samples/TCP_IP_Loopback.o
 .group         0x00000000        0x8 Samples/TCP_IP_Loopback.o
 .group         0x00000000        0x8 Samples/TCP_IP_Loopback.o
 .group         0x00000000        0x8 Samples/TCP_IP_Loopback.o
 .group         0x00000000        0x8 Samples/TCP_IP_Loopback.o
 .group         0x00000000        0x8 Samples/TCP_IP_Loopback.o
 .group         0x00000000        0x8 Samples/TCP_IP_Loopback.o
 .group         0x00000000        0x8 Samples/TCP_IP_Loopback.o
 .group         0x00000000        0x8 Samples/TCP_IP_Loopback.o
 .group         0x00000000        0x8 Samples/TCP_IP_Loopback.o
 .group         0x00000000        0x8 Samples/TCP_IP_Loopback.o
 .group         0x00000000        0x8 Samples/TCP_IP_Loopback.o
 .group         0x00000000        0x8 Samples/TCP_IP_Loopback.o
 .group         0x00000000        0x8 Samples/TCP_IP_Loopback.o
 .group         0x00000000        0x8 Samples/TCP_IP_Loopback.o
 .group         0x00000000        0x8 Samples/TCP_IP_Loopback.o
 .group         0x00000000        0x8 Samples/TCP_IP_Loopback.o
 .group         0x00000000        0x8 Samples/TCP_IP_Loopback.o
 .group         0x00000000        0x8 Samples/TCP_IP_Loopback.o
 .group         0x00000000        0x8 Samples/TCP_IP_Loopback.o
 .group         0x00000000        0x8 Samples/TCP_IP_Loopback.o
 .group         0x00000000        0x8 Samples/TCP_IP_Loopback.o
 .group         0x00000000        0x8 Samples/TCP_IP_Loopback.o
 .group         0x00000000        0x8 Samples/TCP_IP_Loopback.o
 .text          0x00000000        0x0 Samples/TCP_IP_Loopback.o
[...]
Memory Configuration

Name             Origin             Length             Attributes
text             0x00000000         0x00100000         xr
data             0x00802000         0x0000ffa0         rw !x
eeprom           0x00810000         0x00010000         rw !x
fuse             0x00820000         0x00000400         rw !x
lock             0x00830000         0x00000400         rw !x
signature        0x00840000         0x00000400         rw !x
user_signatures  0x00850000         0x00000400         rw !x
*default*        0x00000000         0xffffffff

Linker script and memory map

LOAD c:/program files (x86)/atmel/atmel toolchain/avr8 gcc/native/3.4.1051/avr8-gnu-toolchain/bin/../lib/gcc/avr/4.8.1/../../../../avr/lib/avrxmega2/crtx8e5.o
LOAD Samples/TCP_IP_Loopback.o
LOAD Samples/USART_Sample.o
LOAD src/ASF/common/services/fifo/fifo.o
LOAD src/ASF/xmega/drivers/usart/usart.o
LOAD src/main.o
LOAD SW_SPI/SW_SPI.o
LOAD Ethernet/Eth.o
LOAD Ethernet/socket.o
LOAD Ethernet/W5500/w5500.o
LOAD Ethernet/wizchip_conf.o
LOAD src/ASF/common/services/clock/xmega/sysclk.o
LOAD src/ASF/common/services/ioport/xmega/ioport_compat.o
LOAD src/ASF/common/services/sleepmgr/xmega/sleepmgr.o
LOAD src/ASF/xmega/drivers/cpu/ccp.o
LOAD src/ASF/common/boards/user_board/init.o
START GROUP
END GROUP
START GROUP
LOAD c:/program files (x86)/atmel/atmel toolchain/avr8 gcc/native/3.4.1051/avr8-gnu-toolchain/bin/../lib/gcc/avr/4.8.1/avrxmega2\libgcc.a
LOAD c:/program files (x86)/atmel/atmel toolchain/avr8 gcc/native/3.4.1051/avr8-gnu-toolchain/bin/../lib/gcc/avr/4.8.1/../../../../avr/lib/avrxmega2\libm.a
LOAD c:/program files (x86)/atmel/atmel toolchain/avr8 gcc/native/3.4.1051/avr8-gnu-toolchain/bin/../lib/gcc/avr/4.8.1/../../../../avr/lib/avrxmega2\libc.a
END GROUP

.hash
 *(.hash)

.dynsym
 *(.dynsym)

.dynstr
 *(.dynstr)

.gnu.version
 *(.gnu.version)

.gnu.version_d
 *(.gnu.version_d)

.gnu.version_r
 *(.gnu.version_r)

.rel.init
 *(.rel.init)

.rela.init
 *(.rela.init)

.rel.text
 *(.rel.text)
 *(.rel.text.*)
 *(.rel.gnu.linkonce.t*)

.rela.text
 *(.rela.text)
 *(.rela.text.*)
 *(.rela.gnu.linkonce.t*)

.rel.fini
 *(.rel.fini)

.rela.fini
 *(.rela.fini)

.rel.rodata
 *(.rel.rodata)
 *(.rel.rodata.*)
 *(.rel.gnu.linkonce.r*)

.rela.rodata
 *(.rela.rodata)
 *(.rela.rodata.*)
 *(.rela.gnu.linkonce.r*)

.rel.data
 *(.rel.data)
 *(.rel.data.*)
 *(.rel.gnu.linkonce.d*)

.rela.data
 *(.rela.data)
 *(.rela.data.*)
 *(.rela.gnu.linkonce.d*)

.rel.ctors
 *(.rel.ctors)

.rela.ctors
 *(.rela.ctors)

.rel.dtors
 *(.rel.dtors)

.rela.dtors
 *(.rela.dtors)

.rel.got
 *(.rel.got)

.rela.got
 *(.rela.got)

.rel.bss
 *(.rel.bss)

.rela.bss
 *(.rela.bss)

.rel.plt
 *(.rel.plt)

.rela.plt
 *(.rela.plt)

.text           0x00000000     0x1070
 *(.vectors)
 .vectors       0x00000000       0xac c:/program files (x86)/atmel/atmel toolchain/avr8 gcc/native/3.4.1051/avr8-gnu-toolchain/bin/../lib/gcc/avr/4.8.1/../../../../avr/lib/avrxmega2/crtx8e5.o
                0x00000000                __vectors
 *(.vectors)
 *(.progmem.gcc*)
 .progmem.gcc_sw_table.ctlwizchip
                0x000000ac       0x20 Ethernet/wizchip_conf.o
                0x000000cc                . = ALIGN (0x2)
                0x000000cc                __trampolines_start = .
 *(.trampolines)
 .trampolines   0x000000cc        0x0 linker stubs
 *(.trampolines*)
                0x000000cc                __trampolines_end = .
 *(.progmem*)
                0x000000cc                . = ALIGN (0x2)
 *(.jumptables)
 *(.jumptables*)
 *(.lowtext)
 *(.lowtext*)
                0x000000cc                __ctors_start = .
 *(.ctors)
                0x000000cc                __ctors_end = .
                0x000000cc                __dtors_start = .
 *(.dtors)
                0x000000cc                __dtors_end = .
 SORT(*)(.ctors)
 SORT(*)(.dtors)
 *(.init0)
 .init0         0x000000cc        0x0 c:/program files (x86)/atmel/atmel toolchain/avr8 gcc/native/3.4.1051/avr8-gnu-toolchain/bin/../lib/gcc/avr/4.8.1/../../../../avr/lib/avrxmega2/crtx8e5.o
                0x000000cc                __init
 *(.init0)
 *(.init1)
 *(.init1)
 *(.init2)
 .init2         0x000000cc        0xc c:/program files (x86)/atmel/atmel toolchain/avr8 gcc/native/3.4.1051/avr8-gnu-toolchain/bin/../lib/gcc/avr/4.8.1/../../../../avr/lib/avrxmega2/crtx8e5.o
 *(.init2)
 *(.init3)
 *(.init3)
 *(.init4)
 .init4         0x000000d8       0x16 c:/program files (x86)/atmel/atmel toolchain/avr8 gcc/native/3.4.1051/avr8-gnu-toolchain/bin/../lib/gcc/avr/4.8.1/avrxmega2\libgcc.a(_copy_data.o)
                0x000000d8                __do_copy_data
 .init4         0x000000ee       0x10 c:/program files (x86)/atmel/atmel toolchain/avr8 gcc/native/3.4.1051/avr8-gnu-toolchain/bin/../lib/gcc/avr/4.8.1/avrxmega2\libgcc.a(_clear_bss.o)
                0x000000ee                __do_clear_bss
 *(.init4)
 *(.init5)
 *(.init5)
 *(.init6)
 *(.init6)
 *(.init7)
 *(.init7)
 *(.init8)
 *(.init8)
 *(.init9)
 .init9         0x000000fe        0x4 c:/program files (x86)/atmel/atmel toolchain/avr8 gcc/native/3.4.1051/avr8-gnu-toolchain/bin/../lib/gcc/avr/4.8.1/../../../../avr/lib/avrxmega2/crtx8e5.o
 *(.init9)
 *(.text)
 .text          0x00000102        0x2 c:/program files (x86)/atmel/atmel toolchain/avr8 gcc/native/3.4.1051/avr8-gnu-toolchain/bin/../lib/gcc/avr/4.8.1/../../../../avr/lib/avrxmega2/crtx8e5.o
                0x00000102                __vector_38
                0x00000102                __vector_22
                0x00000102                __vector_28
                0x00000102                __vector_1
                0x00000102                __vector_32
                0x00000102                __vector_34
                0x00000102                __vector_24
                0x00000102                __vector_12
                0x00000102                __bad_interrupt
                0x00000102                __vector_6
                0x00000102                __vector_31
                0x00000102                __vector_35
                0x00000102                __vector_39
                0x00000102                __vector_3
                0x00000102                __vector_23
                0x00000102                __vector_30
                0x00000102                __vector_25
                0x00000102                __vector_11
                0x00000102                __vector_13
                0x00000102                __vector_17
                0x00000102                __vector_19
                0x00000102                __vector_7
                0x00000102                __vector_41
                0x00000102                __vector_27
                0x00000102                __vector_5
                0x00000102                __vector_33
                0x00000102                __vector_37
                0x00000102                __vector_4
                0x00000102                __vector_9
                0x00000102                __vector_2
                0x00000102                __vector_21
                0x00000102                __vector_15
                0x00000102                __vector_36
                0x00000102                __vector_29
                0x00000102                __vector_8
                0x00000102                __vector_26
                0x00000102                __vector_14
                0x00000102                __vector_10
                0x00000102                __vector_16
                0x00000102                __vector_18
                0x00000102                __vector_20
                0x00000102                __vector_42
                0x00000104                . = ALIGN (0x2)
 *(.text.*)
 .text.__vector_40
                0x00000104       0x52 Samples/USART_Sample.o
                0x00000104                __vector_40
 .text.usart_setup
                0x00000156       0x4a Samples/USART_Sample.o
                0x00000156                usart_setup
 .text.usart_sample
                0x000001a0        0x4 Samples/USART_Sample.o
                0x000001a0                usart_sample
 .text.sysclk_enable_peripheral_clock
                0x000001a4       0xc2 src/ASF/xmega/drivers/usart/usart.o
 .text.usart_putchar
                0x00000266       0x10 src/ASF/xmega/drivers/usart/usart.o
                0x00000266                usart_putchar
 .text.usart_getchar
                0x00000276        0xc src/ASF/xmega/drivers/usart/usart.o
                0x00000276                usart_getchar
 .text.usart_set_baudrate
                0x00000282      0x1b2 src/ASF/xmega/drivers/usart/usart.o
                0x00000282                usart_set_baudrate
 .text.usart_init_rs232
                0x00000434       0x58 src/ASF/xmega/drivers/usart/usart.o
                0x00000434                usart_init_rs232
 .text.ioport_set_pin_mode.constprop.0
                0x0000048c       0x2e src/main.o
 .text.__portable_avr_delay_cycles.constprop.2
                0x000004ba       0x18 src/main.o
 .text.__vector_default
                0x000004d2       0x14 src/main.o
                0x000004d2                __vector_default
 .text.startup.main
                0x000004e6       0x80 src/main.o
                0x000004e6                main
 .text.chip_deselect_sw
                0x00000566        0xa SW_SPI/SW_SPI.o
                0x00000566                chip_deselect_sw
 .text.chip_select_sw
                0x00000570        0xa SW_SPI/SW_SPI.o
                0x00000570                chip_select_sw
 .text.spi_write_sw
                0x0000057a       0x36 SW_SPI/SW_SPI.o
                0x0000057a                spi_write_sw
 .text.spi_read_sw
                0x000005b0       0x3c SW_SPI/SW_SPI.o
                0x000005b0                spi_read_sw
 .text.init_ports
                0x000005ec       0x18 SW_SPI/SW_SPI.o
                0x000005ec                init_ports
 .text.spi_init_sw
                0x00000604        0xc SW_SPI/SW_SPI.o
                0x00000604                spi_init_sw
 .text.w5500_init_io
                0x00000610       0x10 Ethernet/Eth.o
                0x00000610                w5500_init_io
 .text.w55500_init
                0x00000620       0x80 Ethernet/Eth.o
                0x00000620                w55500_init
 .text.WIZCHIP_READ
                0x000006a0       0x82 Ethernet/W5500/w5500.o
                0x000006a0                WIZCHIP_READ
 .text.WIZCHIP_WRITE
                0x00000722       0x82 Ethernet/W5500/w5500.o
                0x00000722                WIZCHIP_WRITE
 .text.WIZCHIP_READ_BUF
                0x000007a4       0xa8 Ethernet/W5500/w5500.o
                0x000007a4                WIZCHIP_READ_BUF
 .text.WIZCHIP_WRITE_BUF
                0x0000084c       0xaa Ethernet/W5500/w5500.o
                0x0000084c                WIZCHIP_WRITE_BUF
 .text.wizchip_cris_enter
                0x000008f6        0x2 Ethernet/wizchip_conf.o
                0x000008f6                wizchip_cris_enter
 .text.wizchip_cris_exit
                0x000008f8        0x2 Ethernet/wizchip_conf.o
                0x000008f8                wizchip_cris_exit
 .text.wizchip_cs_select
                0x000008fa        0x2 Ethernet/wizchip_conf.o
                0x000008fa                wizchip_cs_select
 .text.wizchip_cs_deselect
                0x000008fc        0x2 Ethernet/wizchip_conf.o
                0x000008fc                wizchip_cs_deselect
 .text.wizchip_bus_readbyte
                0x000008fe        0x6 Ethernet/wizchip_conf.o
                0x000008fe                wizchip_bus_readbyte
 .text.wizchip_bus_writebyte
                0x00000904        0x6 Ethernet/wizchip_conf.o
                0x00000904                wizchip_bus_writebyte
 .text.wizchip_spi_readbyte
                0x0000090a        0x4 Ethernet/wizchip_conf.o
                0x0000090a                wizchip_spi_readbyte
 .text.wizchip_spi_writebyte
                0x0000090e        0x2 Ethernet/wizchip_conf.o
                0x0000090e                wizchip_spi_writebyte
 .text.reg_wizchip_cs_cbfunc
                0x00000910       0x36 Ethernet/wizchip_conf.o
                0x00000910                reg_wizchip_cs_cbfunc
 .text.reg_wizchip_spi_cbfunc
                0x00000946       0x42 Ethernet/wizchip_conf.o
                0x00000946                reg_wizchip_spi_cbfunc
 .text.wizchip_sw_reset
                0x00000988       0xcc Ethernet/wizchip_conf.o
                0x00000988                wizchip_sw_reset
 .text.wizchip_init
                0x00000a54       0xb0 Ethernet/wizchip_conf.o
                0x00000a54                wizchip_init
 .text.wizchip_clrinterrupt
                0x00000b04       0x20 Ethernet/wizchip_conf.o
                0x00000b04                wizchip_clrinterrupt
 .text.wizchip_getinterrupt
                0x00000b24       0x2a Ethernet/wizchip_conf.o
                0x00000b24                wizchip_getinterrupt
 .text.wizchip_setinterruptmask
                0x00000b4e       0x1e Ethernet/wizchip_conf.o
                0x00000b4e                wizchip_setinterruptmask
 .text.wizchip_getinterruptmask
                0x00000b6c       0x28 Ethernet/wizchip_conf.o
                0x00000b6c                wizchip_getinterruptmask
 .text.wizphy_getphylink
                0x00000b94        0xe Ethernet/wizchip_conf.o
                0x00000b94                wizphy_getphylink
 .text.wizphy_getphypmode
                0x00000ba2       0x16 Ethernet/wizchip_conf.o
                0x00000ba2                wizphy_getphypmode
 .text.wizphy_reset
                0x00000bb8       0x30 Ethernet/wizchip_conf.o
                0x00000bb8                wizphy_reset
 .text.wizphy_setphyconf
                0x00000be8       0x3e Ethernet/wizchip_conf.o
                0x00000be8                wizphy_setphyconf
 .text.wizphy_getphyconf
                0x00000c26       0x58 Ethernet/wizchip_conf.o
                0x00000c26                wizphy_getphyconf
 .text.wizphy_setphypmode
                0x00000c7e       0x52 Ethernet/wizchip_conf.o
                0x00000c7e                wizphy_setphypmode
 .text.ctlwizchip
                0x00000cd0       0xec Ethernet/wizchip_conf.o
                0x00000cd0                ctlwizchip
 .text.wizchip_setnetinfo
                0x00000dbc       0x76 Ethernet/wizchip_conf.o
                0x00000dbc                wizchip_setnetinfo
 .text.wizchip_getnetinfo
                0x00000e32       0x76 Ethernet/wizchip_conf.o
                0x00000e32                wizchip_getnetinfo
 .text.wizchip_setnetmode
                0x00000ea8       0x26 Ethernet/wizchip_conf.o
                0x00000ea8                wizchip_setnetmode
 .text.wizchip_getnetmode
                0x00000ece        0x8 Ethernet/wizchip_conf.o
                0x00000ece                wizchip_getnetmode
 .text.wizchip_settimeout
                0x00000ed6       0x2e Ethernet/wizchip_conf.o
                0x00000ed6                wizchip_settimeout
 .text.wizchip_gettimeout
                0x00000f04       0x42 Ethernet/wizchip_conf.o
                0x00000f04                wizchip_gettimeout
 .text.ctlnetwork
                0x00000f46       0x4e Ethernet/wizchip_conf.o
                0x00000f46                ctlnetwork
 .text.sysclk_init
                0x00000f94       0x50 src/ASF/common/services/clock/xmega/sysclk.o
                0x00000f94                sysclk_init
 .text.sysclk_enable_module
                0x00000fe4       0x18 src/ASF/common/services/clock/xmega/sysclk.o
                0x00000fe4                sysclk_enable_module
 .text.ccp_write_io
                0x00000ffc        0xc src/ASF/xmega/drivers/cpu/ccp.o
                0x00000ffc                ccp_write_io
 .text.board_init
                0x00001008       0x14 src/ASF/common/boards/user_board/init.o
                0x00001008                board_init
 .text.libgcc.div
                0x0000101c       0x44 c:/program files (x86)/atmel/atmel toolchain/avr8 gcc/native/3.4.1051/avr8-gnu-toolchain/bin/../lib/gcc/avr/4.8.1/avrxmega2\libgcc.a(_udivmodsi4.o)
                0x0000101c                __udivmodsi4
 .text.libgcc   0x00001060        0xc c:/program files (x86)/atmel/atmel toolchain/avr8 gcc/native/3.4.1051/avr8-gnu-toolchain/bin/../lib/gcc/avr/4.8.1/avrxmega2\libgcc.a(_tablejump.o)
                0x00001060                __tablejump2__
                0x00001064                __tablejump__
                0x0000106c                . = ALIGN (0x2)
 *(.fini9)
 .fini9         0x0000106c        0x0 c:/program files (x86)/atmel/atmel toolchain/avr8 gcc/native/3.4.1051/avr8-gnu-toolchain/bin/../lib/gcc/avr/4.8.1/avrxmega2\libgcc.a(_exit.o)
                0x0000106c                _exit
                0x0000106c                exit
 *(.fini9)
 *(.fini8)
 *(.fini8)
 *(.fini7)
 *(.fini7)
 *(.fini6)
 *(.fini6)
 *(.fini5)
 *(.fini5)
 *(.fini4)
 *(.fini4)
 *(.fini3)
 *(.fini3)
 *(.fini2)
 *(.fini2)
 *(.fini1)
 *(.fini1)
 *(.fini0)
 .fini0         0x0000106c        0x4 c:/program files (x86)/atmel/atmel toolchain/avr8 gcc/native/3.4.1051/avr8-gnu-toolchain/bin/../lib/gcc/avr/4.8.1/avrxmega2\libgcc.a(_exit.o)
 *(.fini0)
                0x00001070                _etext = .

.data           0x00802000       0x42 load address 0x00001070
                0x00802000                PROVIDE (__data_start, .)
 *(.data)
 .data          0x00802000        0x0 c:/program files (x86)/atmel/atmel toolchain/avr8 gcc/native/3.4.1051/avr8-gnu-toolchain/bin/../lib/gcc/avr/4.8.1/../../../../avr/lib/avrxmega2/crtx8e5.o
 .data          0x00802000        0x0 Samples/TCP_IP_Loopback.o
 .data          0x00802000        0x0 Samples/USART_Sample.o
 .data          0x00802000        0x0 src/ASF/common/services/fifo/fifo.o
 .data          0x00802000        0x0 src/ASF/xmega/drivers/usart/usart.o
 .data          0x00802000        0x0 src/main.o
 .data          0x00802000        0x0 SW_SPI/SW_SPI.o
 .data          0x00802000        0x0 Ethernet/Eth.o
 .data          0x00802000        0x0 Ethernet/socket.o
 .data          0x00802000        0x0 Ethernet/W5500/w5500.o
 .data          0x00802000        0x0 Ethernet/wizchip_conf.o
 .data          0x00802000        0x0 src/ASF/common/services/clock/xmega/sysclk.o
 .data          0x00802000        0x0 src/ASF/common/services/ioport/xmega/ioport_compat.o
 .data          0x00802000        0x0 src/ASF/common/services/sleepmgr/xmega/sleepmgr.o
 .data          0x00802000        0x0 src/ASF/xmega/drivers/cpu/ccp.o
 .data          0x00802000        0x0 src/ASF/common/boards/user_board/init.o
 .data          0x00802000        0x0 c:/program files (x86)/atmel/atmel toolchain/avr8 gcc/native/3.4.1051/avr8-gnu-toolchain/bin/../lib/gcc/avr/4.8.1/avrxmega2\libgcc.a(_udivmodsi4.o)
 .data          0x00802000        0x0 c:/program files (x86)/atmel/atmel toolchain/avr8 gcc/native/3.4.1051/avr8-gnu-toolchain/bin/../lib/gcc/avr/4.8.1/avrxmega2\libgcc.a(_exit.o)
 .data          0x00802000        0x0 c:/program files (x86)/atmel/atmel toolchain/avr8 gcc/native/3.4.1051/avr8-gnu-toolchain/bin/../lib/gcc/avr/4.8.1/avrxmega2\libgcc.a(_tablejump.o)
 .data          0x00802000        0x0 c:/program files (x86)/atmel/atmel toolchain/avr8 gcc/native/3.4.1051/avr8-gnu-toolchain/bin/../lib/gcc/avr/4.8.1/avrxmega2\libgcc.a(_copy_data.o)
 .data          0x00802000        0x0 c:/program files (x86)/atmel/atmel toolchain/avr8 gcc/native/3.4.1051/avr8-gnu-toolchain/bin/../lib/gcc/avr/4.8.1/avrxmega2\libgcc.a(_clear_bss.o)
 *(.data*)
 .data.USART_SERIAL_OPTIONS.4824
                0x00802000        0x7 Samples/USART_Sample.o
 .data.WIZCHIP  0x00802007       0x14 Ethernet/wizchip_conf.o
                0x00802007                WIZCHIP
 *(.rodata)
 .rodata        0x0080201b       0x17 src/main.o
 .rodata        0x00802032       0x10 Ethernet/Eth.o
 *(.rodata*)
 *(.gnu.linkonce.d*)
                0x00802042                . = ALIGN (0x2)
                0x00802042                _edata = .
                0x00802042                PROVIDE (__data_end, .)

.bss            0x00802042        0xb
                0x00802042                PROVIDE (__bss_start, .)
 *(.bss)
 *(.bss*)
 .bss._DHCP_    0x00802042        0x1 Ethernet/wizchip_conf.o
 .bss._DNS_     0x00802043        0x4 Ethernet/wizchip_conf.o
 *(COMMON)
 COMMON         0x00802047        0x6 src/ASF/common/services/sleepmgr/xmega/sleepmgr.o
                0x00802047                sleepmgr_locks
                0x0080204d                PROVIDE (__bss_end, .)
                0x00001070                __data_load_start = LOADADDR (.data)
                0x000010b2                __data_load_end = (__data_load_start + SIZEOF (.data))

.noinit         0x0080204d        0x0
                0x0080204d                PROVIDE (__noinit_start, .)
 *(.noinit*)
                0x0080204d                PROVIDE (__noinit_end, .)
                0x0080204d                _end = .
                0x0080204d                PROVIDE (__heap_start, .)

.eeprom         0x00810000        0x0
 *(.eeprom*)
                0x00810000                __eeprom_end = .

.fuse
 *(.fuse)
 *(.lfuse)
 *(.hfuse)
 *(.efuse)

.lock
 *(.lock*)

.signature
 *(.signature*)

.user_signatures
 *(.user_signatures*)

.stab
 *(.stab)

.stabstr
 *(.stabstr)

.stab.excl
 *(.stab.excl)

.stab.exclstr
 *(.stab.exclstr)

.stab.index
 *(.stab.index)

.stab.indexstr
 *(.stab.indexstr)

.comment        0x00000000       0x30
 *(.comment)
 .comment       0x00000000       0x30 Samples/TCP_IP_Loopback.o
                                 0x31 (size before relaxing)
 .comment       0x00000000       0x31 Samples/USART_Sample.o
 .comment       0x00000000       0x31 src/ASF/common/services/fifo/fifo.o
 .comment       0x00000000       0x31 src/ASF/xmega/drivers/usart/usart.o
 .comment       0x00000000       0x31 src/main.o
 .comment       0x00000000       0x31 SW_SPI/SW_SPI.o
 .comment       0x00000000       0x31 Ethernet/Eth.o
 .comment       0x00000000       0x31 Ethernet/socket.o
 .comment       0x00000000       0x31 Ethernet/W5500/w5500.o
 .comment       0x00000000       0x31 Ethernet/wizchip_conf.o
 .comment       0x00000000       0x31 src/ASF/common/services/clock/xmega/sysclk.o
 .comment       0x00000000       0x31 src/ASF/common/services/ioport/xmega/ioport_compat.o
 .comment       0x00000000       0x31 src/ASF/common/services/sleepmgr/xmega/sleepmgr.o
 .comment       0x00000000       0x31 src/ASF/common/boards/user_board/init.o

.note.gnu.build-id
 *(.note.gnu.build-id)

.debug
 *(.debug)

.line
 *(.line)

.debug_srcinfo
 *(.debug_srcinfo)

.debug_sfnames
 *(.debug_sfnames)

.debug_aranges  0x00000000      0x448
 *(.debug_aranges)
 .debug_aranges
                0x00000000       0x28 Samples/TCP_IP_Loopback.o
 .debug_aranges
                0x00000028       0x38 Samples/USART_Sample.o
 .debug_aranges
                0x00000060       0x20 src/ASF/common/services/fifo/fifo.o
 .debug_aranges
                0x00000080       0x60 src/ASF/xmega/drivers/usart/usart.o
 .debug_aranges
                0x000000e0       0x40 src/main.o
 .debug_aranges
                0x00000120       0x48 SW_SPI/SW_SPI.o
 .debug_aranges
                0x00000168       0x40 Ethernet/Eth.o
 .debug_aranges
                0x000001a8       0x78 Ethernet/socket.o
 .debug_aranges
                0x00000220       0x60 Ethernet/W5500/w5500.o
 .debug_aranges
                0x00000280      0x120 Ethernet/wizchip_conf.o
 .debug_aranges
                0x000003a0       0x30 src/ASF/common/services/clock/xmega/sysclk.o
 .debug_aranges
                0x000003d0       0x20 src/ASF/common/services/ioport/xmega/ioport_compat.o
 .debug_aranges
                0x000003f0       0x18 src/ASF/common/services/sleepmgr/xmega/sleepmgr.o
 .debug_aranges
                0x00000408       0x20 src/ASF/xmega/drivers/cpu/ccp.o
 .debug_aranges
                0x00000428       0x20 src/ASF/common/boards/user_board/init.o

.debug_pubnames
 *(.debug_pubnames)

.debug_info     0x00000000     0x9bdc
 *(.debug_info .gnu.linkonce.wi.*)
 .debug_info    0x00000000      0x463 Samples/TCP_IP_Loopback.o
 .debug_info    0x00000463      0xa16 Samples/USART_Sample.o
 .debug_info    0x00000e79      0x1b3 src/ASF/common/services/fifo/fifo.o
 .debug_info    0x0000102c     0x2abf src/ASF/xmega/drivers/usart/usart.o
 .debug_info    0x00003aeb      0xc18 src/main.o
 .debug_info    0x00004703      0xc0c SW_SPI/SW_SPI.o
 .debug_info    0x0000530f      0x9a8 Ethernet/Eth.o
 .debug_info    0x00005cb7     0x158b Ethernet/socket.o
 .debug_info    0x00007242      0x815 Ethernet/W5500/w5500.o
 .debug_info    0x00007a57     0x1554 Ethernet/wizchip_conf.o
 .debug_info    0x00008fab      0x68f src/ASF/common/services/clock/xmega/sysclk.o
 .debug_info    0x0000963a      0x11c src/ASF/common/services/ioport/xmega/ioport_compat.o
 .debug_info    0x00009756      0x121 src/ASF/common/services/sleepmgr/xmega/sleepmgr.o
 .debug_info    0x00009877       0x9a src/ASF/xmega/drivers/cpu/ccp.o
 .debug_info    0x00009911      0x2cb src/ASF/common/boards/user_board/init.o

.debug_abbrev   0x00000000     0x1d59
 *(.debug_abbrev)
 .debug_abbrev  0x00000000      0x197 Samples/TCP_IP_Loopback.o
 .debug_abbrev  0x00000197      0x2a1 Samples/USART_Sample.o
 .debug_abbrev  0x00000438       0xdb src/ASF/common/services/fifo/fifo.o
 .debug_abbrev  0x00000513      0x3ee src/ASF/xmega/drivers/usart/usart.o
 .debug_abbrev  0x00000901      0x2f4 src/main.o
 .debug_abbrev  0x00000bf5      0x286 SW_SPI/SW_SPI.o
 .debug_abbrev  0x00000e7b      0x30a Ethernet/Eth.o
 .debug_abbrev  0x00001185      0x1be Ethernet/socket.o
 .debug_abbrev  0x00001343      0x20b Ethernet/W5500/w5500.o
 .debug_abbrev  0x0000154e      0x385 Ethernet/wizchip_conf.o
 .debug_abbrev  0x000018d3      0x267 src/ASF/common/services/clock/xmega/sysclk.o
 .debug_abbrev  0x00001b3a       0xa2 src/ASF/common/services/ioport/xmega/ioport_compat.o
 .debug_abbrev  0x00001bdc       0x80 src/ASF/common/services/sleepmgr/xmega/sleepmgr.o
 .debug_abbrev  0x00001c5c       0x14 src/ASF/xmega/drivers/cpu/ccp.o
 .debug_abbrev  0x00001c70       0xe9 src/ASF/common/boards/user_board/init.o

.debug_line     0x00000000     0x68da
 *(.debug_line .debug_line.* .debug_line_end)
 .debug_line    0x00000000      0x8c8 Samples/TCP_IP_Loopback.o
 .debug_line    0x000008c8      0x840 Samples/USART_Sample.o
 .debug_line    0x00001108      0x3c8 src/ASF/common/services/fifo/fifo.o
 .debug_line    0x000014d0      0xa39 src/ASF/xmega/drivers/usart/usart.o
 .debug_line    0x00001f09      0x9e6 src/main.o
 .debug_line    0x000028ef      0x8d3 SW_SPI/SW_SPI.o
 .debug_line    0x000031c2      0x97c Ethernet/Eth.o
 .debug_line    0x00003b3e      0xa2c Ethernet/socket.o
 .debug_line    0x0000456a      0x443 Ethernet/W5500/w5500.o
 .debug_line    0x000049ad      0x8ee Ethernet/wizchip_conf.o
 .debug_line    0x0000529b      0x584 src/ASF/common/services/clock/xmega/sysclk.o
 .debug_line    0x0000581f      0x485 src/ASF/common/services/ioport/xmega/ioport_compat.o
 .debug_line    0x00005ca4      0x42e src/ASF/common/services/sleepmgr/xmega/sleepmgr.o
 .debug_line    0x000060d2       0x6e src/ASF/xmega/drivers/cpu/ccp.o
 .debug_line    0x00006140      0x79a src/ASF/common/boards/user_board/init.o

.debug_frame    0x00000000      0xdb8
 *(.debug_frame)
 .debug_frame   0x00000000       0x7c Samples/TCP_IP_Loopback.o
 .debug_frame   0x0000007c       0x9c Samples/USART_Sample.o
 .debug_frame   0x00000118       0x24 src/ASF/common/services/fifo/fifo.o
 .debug_frame   0x0000013c      0x14c src/ASF/xmega/drivers/usart/usart.o
 .debug_frame   0x00000288       0x80 src/main.o
 .debug_frame   0x00000308       0x74 SW_SPI/SW_SPI.o
 .debug_frame   0x0000037c       0x80 Ethernet/Eth.o
 .debug_frame   0x000003fc      0x3cc Ethernet/socket.o
 .debug_frame   0x000007c8      0x278 Ethernet/W5500/w5500.o
 .debug_frame   0x00000a40      0x2ec Ethernet/wizchip_conf.o
 .debug_frame   0x00000d2c       0x44 src/ASF/common/services/clock/xmega/sysclk.o
 .debug_frame   0x00000d70       0x24 src/ASF/common/services/ioport/xmega/ioport_compat.o
 .debug_frame   0x00000d94       0x24 src/ASF/common/boards/user_board/init.o

.debug_str      0x00000000    0x2ac5a
 *(.debug_str)
 .debug_str     0x00000000    0x2844e Samples/TCP_IP_Loopback.o
                              0x28984 (size before relaxing)
 .debug_str     0x0002844e      0x7de Samples/USART_Sample.o
                              0x26373 (size before relaxing)
 .debug_str     0x00028c2c       0xb5 src/ASF/common/services/fifo/fifo.o
                              0x23b00 (size before relaxing)
 .debug_str     0x00028ce1      0xaa2 src/ASF/xmega/drivers/usart/usart.o
                              0x263bd (size before relaxing)
 .debug_str     0x00029783      0x31d src/main.o
                              0x291d0 (size before relaxing)
 .debug_str     0x00029aa0       0x98 SW_SPI/SW_SPI.o
                              0x25e5f (size before relaxing)
 .debug_str     0x00029b38      0x5ff Ethernet/Eth.o
                              0x28ea6 (size before relaxing)
 .debug_str     0x0002a137      0x407 Ethernet/socket.o
                               0x63c9 (size before relaxing)
 .debug_str     0x0002a53e       0xf3 Ethernet/W5500/w5500.o
                               0x5d8c (size before relaxing)
 .debug_str     0x0002a631      0x40f Ethernet/wizchip_conf.o
                               0x62b9 (size before relaxing)
 .debug_str     0x0002aa40      0x143 src/ASF/common/services/clock/xmega/sysclk.o
                              0x24e66 (size before relaxing)
 .debug_str     0x0002ab83       0x77 src/ASF/common/services/ioport/xmega/ioport_compat.o
                              0x240ca (size before relaxing)
 .debug_str     0x0002abfa       0x35 src/ASF/common/services/sleepmgr/xmega/sleepmgr.o
                              0x23ef0 (size before relaxing)
 .debug_str     0x0002ac2f       0x2b src/ASF/common/boards/user_board/init.o
                              0x25c15 (size before relaxing)

.debug_loc      0x00000000     0x4b62
 *(.debug_loc)
 .debug_loc     0x00000000      0x247 Samples/TCP_IP_Loopback.o
 .debug_loc     0x00000247       0xe9 Samples/USART_Sample.o
 .debug_loc     0x00000330       0x53 src/ASF/common/services/fifo/fifo.o
 .debug_loc     0x00000383      0xd6d src/ASF/xmega/drivers/usart/usart.o
 .debug_loc     0x000010f0      0x152 src/main.o
 .debug_loc     0x00001242       0xe7 SW_SPI/SW_SPI.o
 .debug_loc     0x00001329       0x97 Ethernet/Eth.o
 .debug_loc     0x000013c0     0x189b Ethernet/socket.o
 .debug_loc     0x00002c5b      0xdcd Ethernet/W5500/w5500.o
 .debug_loc     0x00003a28      0xf69 Ethernet/wizchip_conf.o
 .debug_loc     0x00004991      0x154 src/ASF/common/services/clock/xmega/sysclk.o
 .debug_loc     0x00004ae5       0x7d src/ASF/common/services/ioport/xmega/ioport_compat.o

.debug_macinfo
 *(.debug_macinfo)

.debug_weaknames
 *(.debug_weaknames)

.debug_funcnames
 *(.debug_funcnames)

.debug_typenames
 *(.debug_typenames)

.debug_varnames
 *(.debug_varnames)

.debug_pubtypes
 *(.debug_pubtypes)

.debug_ranges   0x00000000      0x3a0
 *(.debug_ranges)
 .debug_ranges  0x00000000       0x18 Samples/TCP_IP_Loopback.o
 .debug_ranges  0x00000018       0x28 Samples/USART_Sample.o
 .debug_ranges  0x00000040       0x10 src/ASF/common/services/fifo/fifo.o
 .debug_ranges  0x00000050       0x50 src/ASF/xmega/drivers/usart/usart.o
 .debug_ranges  0x000000a0       0x30 src/main.o
 .debug_ranges  0x000000d0       0x98 SW_SPI/SW_SPI.o
 .debug_ranges  0x00000168       0x30 Ethernet/Eth.o
 .debug_ranges  0x00000198       0x68 Ethernet/socket.o
 .debug_ranges  0x00000200       0x50 Ethernet/W5500/w5500.o
 .debug_ranges  0x00000250      0x110 Ethernet/wizchip_conf.o
 .debug_ranges  0x00000360       0x20 src/ASF/common/services/clock/xmega/sysclk.o
 .debug_ranges  0x00000380       0x10 src/ASF/common/services/ioport/xmega/ioport_compat.o
 .debug_ranges  0x00000390       0x10 src/ASF/common/boards/user_board/init.o

.debug_macro    0x00000000     0xb555
 *(.debug_macro)
 .debug_macro   0x00000000      0x2f1 Samples/TCP_IP_Loopback.o
 .debug_macro   0x000002f1      0xa3c Samples/TCP_IP_Loopback.o
 .debug_macro   0x00000d2d       0x10 Samples/TCP_IP_Loopback.o
 .debug_macro   0x00000d3d      0x1ad Samples/TCP_IP_Loopback.o
 .debug_macro   0x00000eea      0x293 Samples/TCP_IP_Loopback.o
 .debug_macro   0x0000117d       0x9e Samples/TCP_IP_Loopback.o
 .debug_macro   0x0000121b     0x6220 Samples/TCP_IP_Loopback.o
 .debug_macro   0x0000743b       0x9a Samples/TCP_IP_Loopback.o
 .debug_macro   0x000074d5       0xf1 Samples/TCP_IP_Loopback.o
 .debug_macro   0x000075c6       0x34 Samples/TCP_IP_Loopback.o
 .debug_macro   0x000075fa       0x10 Samples/TCP_IP_Loopback.o
 .debug_macro   0x0000760a       0x18 Samples/TCP_IP_Loopback.o
 .debug_macro   0x00007622       0x5e Samples/TCP_IP_Loopback.o
 .debug_macro   0x00007680       0x10 Samples/TCP_IP_Loopback.o
 .debug_macro   0x00007690       0x22 Samples/TCP_IP_Loopback.o
 .debug_macro   0x000076b2      0x166 Samples/TCP_IP_Loopback.o
 .debug_macro   0x00007818       0x1c Samples/TCP_IP_Loopback.o
 .debug_macro   0x00007834       0x35 Samples/TCP_IP_Loopback.o
 .debug_macro   0x00007869       0x66 Samples/TCP_IP_Loopback.o
 .debug_macro   0x000078cf      0x2ee Samples/TCP_IP_Loopback.o
 .debug_macro   0x00007bbd       0x97 Samples/TCP_IP_Loopback.o
 .debug_macro   0x00007c54       0x17 Samples/TCP_IP_Loopback.o
 .debug_macro   0x00007c6b      0x250 Samples/TCP_IP_Loopback.o
 .debug_macro   0x00007ebb       0x76 Samples/TCP_IP_Loopback.o
 .debug_macro   0x00007f31       0x16 Samples/TCP_IP_Loopback.o
 .debug_macro   0x00007f47      0x6e0 Samples/TCP_IP_Loopback.o
 .debug_macro   0x00008627       0x10 Samples/TCP_IP_Loopback.o
 .debug_macro   0x00008637      0x175 Samples/TCP_IP_Loopback.o
 .debug_macro   0x000087ac       0x40 Samples/TCP_IP_Loopback.o
 .debug_macro   0x000087ec       0x69 Samples/TCP_IP_Loopback.o
 .debug_macro   0x00008855       0x32 Samples/TCP_IP_Loopback.o
 .debug_macro   0x00008887       0xe4 Samples/TCP_IP_Loopback.o
 .debug_macro   0x0000896b       0x34 Samples/TCP_IP_Loopback.o
 .debug_macro   0x0000899f       0x1c Samples/TCP_IP_Loopback.o
 .debug_macro   0x000089bb      0x1e3 Samples/TCP_IP_Loopback.o
 .debug_macro   0x00008b9e       0x6c Samples/TCP_IP_Loopback.o
 .debug_macro   0x00008c0a       0x2f Samples/TCP_IP_Loopback.o
 .debug_macro   0x00008c39      0x169 Samples/TCP_IP_Loopback.o
 .debug_macro   0x00008da2       0x28 Samples/TCP_IP_Loopback.o
 .debug_macro   0x00008dca       0x22 Samples/TCP_IP_Loopback.o
 .debug_macro   0x00008dec       0x7c Samples/TCP_IP_Loopback.o
 .debug_macro   0x00008e68      0x10f Samples/TCP_IP_Loopback.o
 .debug_macro   0x00008f77       0x40 Samples/TCP_IP_Loopback.o
 .debug_macro   0x00008fb7       0x5e Samples/TCP_IP_Loopback.o
 .debug_macro   0x00009015       0x10 Samples/TCP_IP_Loopback.o
 .debug_macro   0x00009025       0x3a Samples/TCP_IP_Loopback.o
 .debug_macro   0x0000905f       0x46 Samples/TCP_IP_Loopback.o
 .debug_macro   0x000090a5      0x5d9 Samples/TCP_IP_Loopback.o
 .debug_macro   0x0000967e       0x66 Samples/TCP_IP_Loopback.o
 .debug_macro   0x000096e4       0xcd Samples/TCP_IP_Loopback.o
 .debug_macro   0x000097b1      0x2ba Samples/USART_Sample.o
 .debug_macro   0x00009a6b       0x2e Samples/USART_Sample.o
 .debug_macro   0x00009a99      0x177 src/ASF/common/services/fifo/fifo.o
 .debug_macro   0x00009c10      0x22c src/ASF/xmega/drivers/usart/usart.o
 .debug_macro   0x00009e3c      0x299 src/ASF/xmega/drivers/usart/usart.o
 .debug_macro   0x0000a0d5       0x34 src/ASF/xmega/drivers/usart/usart.o
 .debug_macro   0x0000a109      0x332 src/main.o
 .debug_macro   0x0000a43b       0x22 src/main.o
 .debug_macro   0x0000a45d       0x10 src/main.o
 .debug_macro   0x0000a46d      0x2ba SW_SPI/SW_SPI.o
 .debug_macro   0x0000a727      0x311 Ethernet/Eth.o
 .debug_macro   0x0000aa38       0x10 Ethernet/Eth.o
 .debug_macro   0x0000aa48      0x16d Ethernet/Eth.o
 .debug_macro   0x0000abb5       0x60 Ethernet/Eth.o
 .debug_macro   0x0000ac15       0x1c Ethernet/Eth.o
 .debug_macro   0x0000ac31       0x78 Ethernet/socket.o
 .debug_macro   0x0000aca9       0x40 Ethernet/socket.o
 .debug_macro   0x0000ace9       0x5d Ethernet/W5500/w5500.o
 .debug_macro   0x0000ad46       0x4b Ethernet/wizchip_conf.o
 .debug_macro   0x0000ad91      0x1dd src/ASF/common/services/clock/xmega/sysclk.o
 .debug_macro   0x0000af6e      0x193 src/ASF/common/services/ioport/xmega/ioport_compat.o
 .debug_macro   0x0000b101      0x1a3 src/ASF/common/services/sleepmgr/xmega/sleepmgr.o
 .debug_macro   0x0000b2a4      0x2b1 src/ASF/common/boards/user_board/init.o
OUTPUT(W5500_Bare_Metal.elf elf32-avr)
LOAD linker stubs
